 httpdemo

 Timestamp is 62d7b9c0 (Wed Jul 20 16:16:00 2022)

 Preferred load address is 00400000

 Start         Length     Name                   Class
 0001:00000000 00042f45H .textbss                DATA
 0002:00000000 0008a4d2H .text$mn                CODE
 0002:0008a4e0 0000116bH .text$x                 CODE
 0003:00000000 00000104H .CRT$XCA                DATA
 0003:00000104 00000104H .CRT$XCZ                DATA
 0003:00000208 00000104H .CRT$XIA                DATA
 0003:0000030c 00000113H .CRT$XIC                DATA
 0003:00000420 00000104H .CRT$XIY                DATA
 0003:00000524 00000104H .CRT$XIZ                DATA
 0003:00000628 00000104H .CRT$XPA                DATA
 0003:0000072c 00000109H .CRT$XPX                DATA
 0003:00000838 00000104H .CRT$XPXA               DATA
 0003:0000093c 00000104H .CRT$XPZ                DATA
 0003:00000a40 00000104H .CRT$XTA                DATA
 0003:00000b44 00000104H .CRT$XTZ                DATA
 0003:00000c50 0001a1a7H .rdata                  DATA
 0003:0001adf8 000001a8H .rdata$debug            DATA
 0003:0001afa0 00000563H .rdata$r                DATA
 0003:0001b504 00000104H .rtc$IAA                DATA
 0003:0001b608 00000104H .rtc$IZZ                DATA
 0003:0001b70c 00000104H .rtc$TAA                DATA
 0003:0001b810 00000104H .rtc$TZZ                DATA
 0003:0001b918 00000f4aH .xdata$x                DATA
 0003:0001c862 00000000H .edata                  DATA
 0004:00000000 0000318dH .data                   DATA
 0004:00003190 00000293H .data$r                 DATA
 0004:00003440 00002a84H .bss                    DATA
 0005:00000000 0000031cH .idata$5                DATA
 0005:0000031c 0000003cH .idata$2                DATA
 0005:00000358 00000014H .idata$3                DATA
 0005:0000036c 0000031cH .idata$4                DATA
 0005:00000688 00000a01H .idata$6                DATA

  Address         Publics by Value              Rva+Base       Lib:Object

 0000:00000000       ___safe_se_handler_table   00000000     <absolute>
 0000:00000000       ___guard_fids_table        00000000     <absolute>
 0000:00000000       __except_list              00000000     <absolute>
 0000:00000000       ___guard_flags             00000000     <absolute>
 0000:00000000       ___guard_fids_count        00000000     <absolute>
 0000:00000000       ___safe_se_handler_count   00000000     <absolute>
 0000:00000000       ___ImageBase               00400000     <linker-defined>
 0001:00000000       __enc$textbss$begin        00401000     <linker-defined>
 0001:00042f45       __enc$textbss$end          00443f45     <linker-defined>
 0002:00004130       _getURL                    00448130 f   httpdemo.obj
 0002:000042d0       _main                      004482d0 f   httpdemo.obj
 0002:00004530       _pjlib_util_init           00448530 f   pjlib-util-i386-win32-vc8-debug:errno.obj
 0002:000045a0       _pjlib_util_strerror       004485a0 f   pjlib-util-i386-win32-vc8-debug:errno.obj
 0002:00007160       _pj_http_headers_add_elmt  0044b160 f   pjlib-util-i386-win32-vc8-debug:http_client.obj
 0002:00007240       _pj_http_headers_add_elmt2 0044b240 f   pjlib-util-i386-win32-vc8-debug:http_client.obj
 0002:000072a0       _pj_http_req_cancel        0044b2a0 f   pjlib-util-i386-win32-vc8-debug:http_client.obj
 0002:00007350       _pj_http_req_create        0044b350 f   pjlib-util-i386-win32-vc8-debug:http_client.obj
 0002:00007960       _pj_http_req_destroy       0044b960 f   pjlib-util-i386-win32-vc8-debug:http_client.obj
 0002:000079f0       _pj_http_req_get_user_data 0044b9f0 f   pjlib-util-i386-win32-vc8-debug:http_client.obj
 0002:00007a50       _pj_http_req_is_running    0044ba50 f   pjlib-util-i386-win32-vc8-debug:http_client.obj
 0002:00007ad0       _pj_http_req_param_default 0044bad0 f   pjlib-util-i386-win32-vc8-debug:http_client.obj
 0002:00007bb0       _pj_http_req_parse_url     0044bbb0 f   pjlib-util-i386-win32-vc8-debug:http_client.obj
 0002:00007fb0       _pj_http_req_set_timeout   0044bfb0 f   pjlib-util-i386-win32-vc8-debug:http_client.obj
 0002:00007fe0       _pj_http_req_start         0044bfe0 f   pjlib-util-i386-win32-vc8-debug:http_client.obj
 0002:00008b40       _pj_base64_decode          0044cb40 f   pjlib-util-i386-win32-vc8-debug:base64.obj
 0002:00008eb0       _pj_base64_encode          0044ceb0 f   pjlib-util-i386-win32-vc8-debug:base64.obj
 0002:0000a610       _pj_md5_final              0044e610 f   pjlib-util-i386-win32-vc8-debug:md5.obj
 0002:0000a780       _pj_md5_init               0044e780 f   pjlib-util-i386-win32-vc8-debug:md5.obj
 0002:0000a820       _pj_md5_update             0044e820 f   pjlib-util-i386-win32-vc8-debug:md5.obj
 0002:0000aa50       _pj_cis_add_alpha          0044ea50 f   pjlib-util-i386-win32-vc8-debug:scanner.obj
 0002:0000aa90       _pj_cis_add_cis            0044ea90 f   pjlib-util-i386-win32-vc8-debug:scanner.obj
 0002:0000ab20       _pj_cis_add_num            0044eb20 f   pjlib-util-i386-win32-vc8-debug:scanner.obj
 0002:0000ab50       _pj_cis_add_range          0044eb50 f   pjlib-util-i386-win32-vc8-debug:scanner.obj
 0002:0000abd0       _pj_cis_add_str            0044ebd0 f   pjlib-util-i386-win32-vc8-debug:scanner.obj
 0002:0000ac40       _pj_cis_buf_init           0044ec40 f   pjlib-util-i386-win32-vc8-debug:scanner.obj
 0002:0000ac80       _pj_cis_del_range          0044ec80 f   pjlib-util-i386-win32-vc8-debug:scanner.obj
 0002:0000ace0       _pj_cis_del_str            0044ece0 f   pjlib-util-i386-win32-vc8-debug:scanner.obj
 0002:0000ad50       _pj_cis_dup                0044ed50 f   pjlib-util-i386-win32-vc8-debug:scanner.obj
 0002:0000ae40       _pj_cis_init               0044ee40 f   pjlib-util-i386-win32-vc8-debug:scanner.obj
 0002:0000aee0       _pj_cis_invert             0044eee0 f   pjlib-util-i386-win32-vc8-debug:scanner.obj
 0002:0000b0a0       _pj_scan_advance_n         0044f0a0 f   pjlib-util-i386-win32-vc8-debug:scanner.obj
 0002:0000b120       _pj_scan_fini              0044f120 f   pjlib-util-i386-win32-vc8-debug:scanner.obj
 0002:0000b150       _pj_scan_get               0044f150 f   pjlib-util-i386-win32-vc8-debug:scanner.obj
 0002:0000b250       _pj_scan_get_char          0044f250 f   pjlib-util-i386-win32-vc8-debug:scanner.obj
 0002:0000b2d0       _pj_scan_get_n             0044f2d0 f   pjlib-util-i386-win32-vc8-debug:scanner.obj
 0002:0000b370       _pj_scan_get_newline       0044f370 f   pjlib-util-i386-win32-vc8-debug:scanner.obj
 0002:0000b430       _pj_scan_get_quote         0044f430 f   pjlib-util-i386-win32-vc8-debug:scanner.obj
 0002:0000b480       _pj_scan_get_quotes        0044f480 f   pjlib-util-i386-win32-vc8-debug:scanner.obj
 0002:0000b6a0       _pj_scan_get_unescape      0044f6a0 f   pjlib-util-i386-win32-vc8-debug:scanner.obj
 0002:0000b950       _pj_scan_get_until         0044f950 f   pjlib-util-i386-win32-vc8-debug:scanner.obj
 0002:0000ba20       _pj_scan_get_until_ch      0044fa20 f   pjlib-util-i386-win32-vc8-debug:scanner.obj
 0002:0000bae0       _pj_scan_get_until_chr     0044fae0 f   pjlib-util-i386-win32-vc8-debug:scanner.obj
 0002:0000bbd0       _pj_scan_init              0044fbd0 f   pjlib-util-i386-win32-vc8-debug:scanner.obj
 0002:0000bc70       _pj_scan_peek              0044fc70 f   pjlib-util-i386-win32-vc8-debug:scanner.obj
 0002:0000bd10       _pj_scan_peek_n            0044fd10 f   pjlib-util-i386-win32-vc8-debug:scanner.obj
 0002:0000bd80       _pj_scan_peek_until        0044fd80 f   pjlib-util-i386-win32-vc8-debug:scanner.obj
 0002:0000be20       _pj_scan_restore_state     0044fe20 f   pjlib-util-i386-win32-vc8-debug:scanner.obj
 0002:0000be60       _pj_scan_save_state        0044fe60 f   pjlib-util-i386-win32-vc8-debug:scanner.obj
 0002:0000bea0       _pj_scan_skip_line         0044fea0 f   pjlib-util-i386-win32-vc8-debug:scanner.obj
 0002:0000bf20       _pj_scan_skip_whitespace   0044ff20 f   pjlib-util-i386-win32-vc8-debug:scanner.obj
 0002:0000c180       _pj_scan_strcmp            00450180 f   pjlib-util-i386-win32-vc8-debug:scanner.obj
 0002:0000c1e0       _pj_scan_stricmp           004501e0 f   pjlib-util-i386-win32-vc8-debug:scanner.obj
 0002:0000c240       _pj_scan_stricmp_alnum     00450240 f   pjlib-util-i386-win32-vc8-debug:scanner.obj
 0002:0000c400       _pj_str_unescape           00450400 f   pjlib-util-i386-win32-vc8-debug:string.obj
 0002:0000c5b0       _pj_strcpy_unescape        004505b0 f   pjlib-util-i386-win32-vc8-debug:string.obj
 0002:0000c6a0       _pj_strncpy2_escape        004506a0 f   pjlib-util-i386-win32-vc8-debug:string.obj
 0002:0000c7e0       _pj_strncpy_escape         004507e0 f   pjlib-util-i386-win32-vc8-debug:string.obj
 0002:0000c9f0       _pj_atexit                 004509f0 f   pjlib-i386-win32-vc8-debug:os_core_win32.obj
 0002:0000ca40       _pj_atomic_add             00450a40 f   pjlib-i386-win32-vc8-debug:os_core_win32.obj
 0002:0000caa0       _pj_atomic_add_and_get     00450aa0 f   pjlib-i386-win32-vc8-debug:os_core_win32.obj
 0002:0000cad0       _pj_atomic_create          00450ad0 f   pjlib-i386-win32-vc8-debug:os_core_win32.obj
 0002:0000cb20       _pj_atomic_dec             00450b20 f   pjlib-i386-win32-vc8-debug:os_core_win32.obj
 0002:0000cb80       _pj_atomic_dec_and_get     00450b80 f   pjlib-i386-win32-vc8-debug:os_core_win32.obj
 0002:0000cbc0       _pj_atomic_destroy         00450bc0 f   pjlib-i386-win32-vc8-debug:os_core_win32.obj
 0002:0000cc20       _pj_atomic_get             00450c20 f   pjlib-i386-win32-vc8-debug:os_core_win32.obj
 0002:0000cc90       _pj_atomic_inc             00450c90 f   pjlib-i386-win32-vc8-debug:os_core_win32.obj
 0002:0000ccf0       _pj_atomic_inc_and_get     00450cf0 f   pjlib-i386-win32-vc8-debug:os_core_win32.obj
 0002:0000cd40       _pj_atomic_set             00450d40 f   pjlib-i386-win32-vc8-debug:os_core_win32.obj
 0002:0000ce70       _pj_enter_critical_section 00450e70 f   pjlib-i386-win32-vc8-debug:os_core_win32.obj
 0002:0000cea0       _pj_event_create           00450ea0 f   pjlib-i386-win32-vc8-debug:os_core_win32.obj
 0002:0000d090       _pj_event_destroy          00451090 f   pjlib-i386-win32-vc8-debug:os_core_win32.obj
 0002:0000d180       _pj_event_pulse            00451180 f   pjlib-i386-win32-vc8-debug:os_core_win32.obj
 0002:0000d270       _pj_event_reset            00451270 f   pjlib-i386-win32-vc8-debug:os_core_win32.obj
 0002:0000d360       _pj_event_set              00451360 f   pjlib-i386-win32-vc8-debug:os_core_win32.obj
 0002:0000d450       _pj_event_trywait          00451450 f   pjlib-i386-win32-vc8-debug:os_core_win32.obj
 0002:0000d4c0       _pj_event_wait             004514c0 f   pjlib-i386-win32-vc8-debug:os_core_win32.obj
 0002:0000d660       _pj_getpid                 00451660 f   pjlib-i386-win32-vc8-debug:os_core_win32.obj
 0002:0000d6a0       _pj_init                   004516a0 f   pjlib-i386-win32-vc8-debug:os_core_win32.obj
 0002:0000d900       _pj_leave_critical_section 00451900 f   pjlib-i386-win32-vc8-debug:os_core_win32.obj
 0002:0000d930       _pj_mutex_create           00451930 f   pjlib-i386-win32-vc8-debug:os_core_win32.obj
 0002:0000d9f0       _pj_mutex_create_recursive 004519f0 f   pjlib-i386-win32-vc8-debug:os_core_win32.obj
 0002:0000da20       _pj_mutex_create_simple    00451a20 f   pjlib-i386-win32-vc8-debug:os_core_win32.obj
 0002:0000da50       _pj_mutex_destroy          00451a50 f   pjlib-i386-win32-vc8-debug:os_core_win32.obj
 0002:0000dae0       _pj_mutex_is_locked        00451ae0 f   pjlib-i386-win32-vc8-debug:os_core_win32.obj
 0002:0000db20       _pj_mutex_lock             00451b20 f   pjlib-i386-win32-vc8-debug:os_core_win32.obj
 0002:0000dbf0       _pj_mutex_trylock          00451bf0 f   pjlib-i386-win32-vc8-debug:os_core_win32.obj
 0002:0000dce0       _pj_mutex_unlock           00451ce0 f   pjlib-i386-win32-vc8-debug:os_core_win32.obj
 0002:0000dde0       _pj_run_app                00451de0 f   pjlib-i386-win32-vc8-debug:os_core_win32.obj
 0002:0000de10       _pj_rwmutex_create         00451e10 f   pjlib-i386-win32-vc8-debug:os_core_win32.obj
 0002:0000df20       _pj_rwmutex_destroy        00451f20 f   pjlib-i386-win32-vc8-debug:os_core_win32.obj
 0002:0000dfa0       _pj_rwmutex_lock_read      00451fa0 f   pjlib-i386-win32-vc8-debug:os_core_win32.obj
 0002:0000e0d0       _pj_rwmutex_lock_write     004520d0 f   pjlib-i386-win32-vc8-debug:os_core_win32.obj
 0002:0000e140       _pj_rwmutex_unlock_read    00452140 f   pjlib-i386-win32-vc8-debug:os_core_win32.obj
 0002:0000e260       _pj_rwmutex_unlock_write   00452260 f   pjlib-i386-win32-vc8-debug:os_core_win32.obj
 0002:0000e300       _pj_sem_create             00452300 f   pjlib-i386-win32-vc8-debug:os_core_win32.obj
 0002:0000e4a0       _pj_sem_destroy            004524a0 f   pjlib-i386-win32-vc8-debug:os_core_win32.obj
 0002:0000e590       _pj_sem_post               00452590 f   pjlib-i386-win32-vc8-debug:os_core_win32.obj
 0002:0000e680       _pj_sem_trywait            00452680 f   pjlib-i386-win32-vc8-debug:os_core_win32.obj
 0002:0000e700       _pj_sem_wait               00452700 f   pjlib-i386-win32-vc8-debug:os_core_win32.obj
 0002:0000e8b0       _pj_shutdown               004528b0 f   pjlib-i386-win32-vc8-debug:os_core_win32.obj
 0002:0000ea40       _pj_term_get_color         00452a40 f   pjlib-i386-win32-vc8-debug:os_core_win32.obj
 0002:0000eab0       _pj_term_set_color         00452ab0 f   pjlib-i386-win32-vc8-debug:os_core_win32.obj
 0002:0000eb80       _pj_thread_check_stack     00452b80 f   pjlib-i386-win32-vc8-debug:os_core_win32.obj
 0002:0000ec80       _pj_thread_create          00452c80 f   pjlib-i386-win32-vc8-debug:os_core_win32.obj
 0002:0000eec0       _pj_thread_destroy         00452ec0 f   pjlib-i386-win32-vc8-debug:os_core_win32.obj
 0002:0000efa0       _pj_thread_get_name        00452fa0 f   pjlib-i386-win32-vc8-debug:os_core_win32.obj
 0002:0000f020       _pj_thread_get_os_handle   00453020 f   pjlib-i386-win32-vc8-debug:os_core_win32.obj
 0002:0000f080       _pj_thread_get_prio        00453080 f   pjlib-i386-win32-vc8-debug:os_core_win32.obj
 0002:0000f0b0       _pj_thread_get_prio_max    004530b0 f   pjlib-i386-win32-vc8-debug:os_core_win32.obj
 0002:0000f0d0       _pj_thread_get_prio_min    004530d0 f   pjlib-i386-win32-vc8-debug:os_core_win32.obj
 0002:0000f0f0       _pj_thread_get_stack_info  004530f0 f   pjlib-i386-win32-vc8-debug:os_core_win32.obj
 0002:0000f150       _pj_thread_get_stack_max_usage 00453150 f   pjlib-i386-win32-vc8-debug:os_core_win32.obj
 0002:0000f170       _pj_thread_init            00453170 f   pjlib-i386-win32-vc8-debug:os_core_win32.obj
 0002:0000f1d0       _pj_thread_is_registered   004531d0 f   pjlib-i386-win32-vc8-debug:os_core_win32.obj
 0002:0000f220       _pj_thread_join            00453220 f   pjlib-i386-win32-vc8-debug:os_core_win32.obj
 0002:0000f350       _pj_thread_local_alloc     00453350 f   pjlib-i386-win32-vc8-debug:os_core_win32.obj
 0002:0000f410       _pj_thread_local_free      00453410 f   pjlib-i386-win32-vc8-debug:os_core_win32.obj
 0002:0000f450       _pj_thread_local_get       00453450 f   pjlib-i386-win32-vc8-debug:os_core_win32.obj
 0002:0000f470       _pj_thread_local_set       00453470 f   pjlib-i386-win32-vc8-debug:os_core_win32.obj
 0002:0000f500       _pj_thread_register        00453500 f   pjlib-i386-win32-vc8-debug:os_core_win32.obj
 0002:0000f670       _pj_thread_resume          00453670 f   pjlib-i386-win32-vc8-debug:os_core_win32.obj
 0002:0000f750       _pj_thread_set_prio        00453750 f   pjlib-i386-win32-vc8-debug:os_core_win32.obj
 0002:0000f860       _pj_thread_sleep           00453860 f   pjlib-i386-win32-vc8-debug:os_core_win32.obj
 0002:0000f8a0       _pj_thread_this            004538a0 f   pjlib-i386-win32-vc8-debug:os_core_win32.obj
 0002:0000fd10       _ioqueue_dispatch_exception_event 00453d10 f   pjlib-i386-win32-vc8-debug:ioqueue_select.obj
 0002:0000fef0       _ioqueue_dispatch_read_event 00453ef0 f   pjlib-i386-win32-vc8-debug:ioqueue_select.obj
 0002:000102f0       _ioqueue_dispatch_write_event 004542f0 f   pjlib-i386-win32-vc8-debug:ioqueue_select.obj
 0002:00010bb0       _pj_ioqueue_accept         00454bb0 f   pjlib-i386-win32-vc8-debug:ioqueue_select.obj
 0002:00010de0       _pj_ioqueue_connect        00454de0 f   pjlib-i386-win32-vc8-debug:ioqueue_select.obj
 0002:00010f60       _pj_ioqueue_create         00454f60 f   pjlib-i386-win32-vc8-debug:ioqueue_select.obj
 0002:00011280       _pj_ioqueue_destroy        00455280 f   pjlib-i386-win32-vc8-debug:ioqueue_select.obj
 0002:000113d0       _pj_ioqueue_get_user_data  004553d0 f   pjlib-i386-win32-vc8-debug:ioqueue_select.obj
 0002:00011430       _pj_ioqueue_is_pending     00455430 f   pjlib-i386-win32-vc8-debug:ioqueue_select.obj
 0002:00011470       _pj_ioqueue_lock_key       00455470 f   pjlib-i386-win32-vc8-debug:ioqueue_select.obj
 0002:000114c0       _pj_ioqueue_name           004554c0 f   pjlib-i386-win32-vc8-debug:ioqueue_select.obj
 0002:000114e0       _pj_ioqueue_op_key_init    004554e0 f   pjlib-i386-win32-vc8-debug:ioqueue_select.obj
 0002:00011510       _pj_ioqueue_poll           00455510 f   pjlib-i386-win32-vc8-debug:ioqueue_select.obj
 0002:00011c40       _pj_ioqueue_post_completion 00455c40 f   pjlib-i386-win32-vc8-debug:ioqueue_select.obj
 0002:00011e00       _pj_ioqueue_recv           00455e00 f   pjlib-i386-win32-vc8-debug:ioqueue_select.obj
 0002:00012000       _pj_ioqueue_recvfrom       00456000 f   pjlib-i386-win32-vc8-debug:ioqueue_select.obj
 0002:00012220       _pj_ioqueue_register_sock  00456220 f   pjlib-i386-win32-vc8-debug:ioqueue_select.obj
 0002:00012260       _pj_ioqueue_register_sock2 00456260 f   pjlib-i386-win32-vc8-debug:ioqueue_select.obj
 0002:00012510       _pj_ioqueue_send           00456510 f   pjlib-i386-win32-vc8-debug:ioqueue_select.obj
 0002:00012770       _pj_ioqueue_sendto         00456770 f   pjlib-i386-win32-vc8-debug:ioqueue_select.obj
 0002:00012a40       _pj_ioqueue_set_concurrency 00456a40 f   pjlib-i386-win32-vc8-debug:ioqueue_select.obj
 0002:00012b00       _pj_ioqueue_set_default_concurrency 00456b00 f   pjlib-i386-win32-vc8-debug:ioqueue_select.obj
 0002:00012b60       _pj_ioqueue_set_lock       00456b60 f   pjlib-i386-win32-vc8-debug:ioqueue_select.obj
 0002:00012c00       _pj_ioqueue_set_user_data  00456c00 f   pjlib-i386-win32-vc8-debug:ioqueue_select.obj
 0002:00012c80       _pj_ioqueue_trylock_key    00456c80 f   pjlib-i386-win32-vc8-debug:ioqueue_select.obj
 0002:00012cd0       _pj_ioqueue_unlock_key     00456cd0 f   pjlib-i386-win32-vc8-debug:ioqueue_select.obj
 0002:00012d20       _pj_ioqueue_unregister     00456d20 f   pjlib-i386-win32-vc8-debug:ioqueue_select.obj
 0002:00013200       _pj_errno_clear_handlers   00457200 f   pjlib-i386-win32-vc8-debug:errno.obj
 0002:00013270       _pj_perror                 00457270 f   pjlib-i386-win32-vc8-debug:errno.obj
 0002:000132c0       _pj_perror_1               004572c0 f   pjlib-i386-win32-vc8-debug:errno.obj
 0002:00013310       _pj_perror_2               00457310 f   pjlib-i386-win32-vc8-debug:errno.obj
 0002:00013360       _pj_perror_3               00457360 f   pjlib-i386-win32-vc8-debug:errno.obj
 0002:000133b0       _pj_perror_4               004573b0 f   pjlib-i386-win32-vc8-debug:errno.obj
 0002:00013400       _pj_perror_5               00457400 f   pjlib-i386-win32-vc8-debug:errno.obj
 0002:00013520       _pj_register_strerror      00457520 f   pjlib-i386-win32-vc8-debug:errno.obj
 0002:00013750       _pj_strerror               00457750 f   pjlib-i386-win32-vc8-debug:errno.obj
 0002:00013be0       _pj_log                    00457be0 f   pjlib-i386-win32-vc8-debug:log.obj
 0002:00014490       _pj_log_1                  00458490 f   pjlib-i386-win32-vc8-debug:log.obj
 0002:000144d0       _pj_log_2                  004584d0 f   pjlib-i386-win32-vc8-debug:log.obj
 0002:00014510       _pj_log_3                  00458510 f   pjlib-i386-win32-vc8-debug:log.obj
 0002:00014550       _pj_log_4                  00458550 f   pjlib-i386-win32-vc8-debug:log.obj
 0002:00014590       _pj_log_5                  00458590 f   pjlib-i386-win32-vc8-debug:log.obj
 0002:000145d0       _pj_log_add_indent         004585d0 f   pjlib-i386-win32-vc8-debug:log.obj
 0002:00014600       _pj_log_get_color          00458600 f   pjlib-i386-win32-vc8-debug:log.obj
 0002:000146a0       _pj_log_get_decor          004586a0 f   pjlib-i386-win32-vc8-debug:log.obj
 0002:000146c0       _pj_log_get_level          004586c0 f   pjlib-i386-win32-vc8-debug:log.obj
 0002:000146e0       _pj_log_get_log_func       004586e0 f   pjlib-i386-win32-vc8-debug:log.obj
 0002:00014700       _pj_log_init               00458700 f   pjlib-i386-win32-vc8-debug:log.obj
 0002:000147a0       _pj_log_pop_indent         004587a0 f   pjlib-i386-win32-vc8-debug:log.obj
 0002:000147c0       _pj_log_push_indent        004587c0 f   pjlib-i386-win32-vc8-debug:log.obj
 0002:000147e0       _pj_log_set_color          004587e0 f   pjlib-i386-win32-vc8-debug:log.obj
 0002:00014910       _pj_log_set_decor          00458910 f   pjlib-i386-win32-vc8-debug:log.obj
 0002:00014930       _pj_log_set_level          00458930 f   pjlib-i386-win32-vc8-debug:log.obj
 0002:00014950       _pj_log_set_log_func       00458950 f   pjlib-i386-win32-vc8-debug:log.obj
 0002:00014a50       _pj_create_random_string   00458a50 f   pjlib-i386-win32-vc8-debug:string.obj
 0002:00014d20       _pj_str                    00458d20 f   pjlib-i386-win32-vc8-debug:string.obj
 0002:00014d70       _pj_strassign              00458d70 f   pjlib-i386-win32-vc8-debug:string.obj
 0002:00014db0       _pj_strcat                 00458db0 f   pjlib-i386-win32-vc8-debug:string.obj
 0002:00014e10       _pj_strcat2                00458e10 f   pjlib-i386-win32-vc8-debug:string.obj
 0002:00014e90       _pj_strcmp                 00458e90 f   pjlib-i386-win32-vc8-debug:string.obj
 0002:00014fb0       _pj_strcmp2                00458fb0 f   pjlib-i386-win32-vc8-debug:string.obj
 0002:00015010       _pj_strcpy                 00459010 f   pjlib-i386-win32-vc8-debug:string.obj
 0002:00015070       _pj_strcpy2                00459070 f   pjlib-i386-win32-vc8-debug:string.obj
 0002:000150f0       _pj_strcspn                004590f0 f   pjlib-i386-win32-vc8-debug:string.obj
 0002:00015180       _pj_strcspn2               00459180 f   pjlib-i386-win32-vc8-debug:string.obj
 0002:00015210       _pj_strdup                 00459210 f   pjlib-i386-win32-vc8-debug:string.obj
 0002:000152a0       _pj_strdup2                004592a0 f   pjlib-i386-win32-vc8-debug:string.obj
 0002:00015340       _pj_strdup2_with_null      00459340 f   pjlib-i386-win32-vc8-debug:string.obj
 0002:000153f0       _pj_strdup3                004593f0 f   pjlib-i386-win32-vc8-debug:string.obj
 0002:00015430       _pj_strdup_with_null       00459430 f   pjlib-i386-win32-vc8-debug:string.obj
 0002:000154c0       _pj_stricmp                004594c0 f   pjlib-i386-win32-vc8-debug:string.obj
 0002:000155e0       _pj_stricmp2               004595e0 f   pjlib-i386-win32-vc8-debug:string.obj
 0002:00015640       _pj_stristr                00459640 f   pjlib-i386-win32-vc8-debug:string.obj
 0002:000156e0       _pj_strltrim               004596e0 f   pjlib-i386-win32-vc8-debug:string.obj
 0002:00015770       _pj_strncmp                00459770 f   pjlib-i386-win32-vc8-debug:string.obj
 0002:000157f0       _pj_strncmp2               004597f0 f   pjlib-i386-win32-vc8-debug:string.obj
 0002:00015850       _pj_strncpy                00459850 f   pjlib-i386-win32-vc8-debug:string.obj
 0002:000158e0       _pj_strncpy_with_null      004598e0 f   pjlib-i386-win32-vc8-debug:string.obj
 0002:00015980       _pj_strnicmp               00459980 f   pjlib-i386-win32-vc8-debug:string.obj
 0002:00015a00       _pj_strnicmp2              00459a00 f   pjlib-i386-win32-vc8-debug:string.obj
 0002:00015a60       _pj_strrtrim               00459a60 f   pjlib-i386-win32-vc8-debug:string.obj
 0002:00015af0       _pj_strspn                 00459af0 f   pjlib-i386-win32-vc8-debug:string.obj
 0002:00015ba0       _pj_strspn2                00459ba0 f   pjlib-i386-win32-vc8-debug:string.obj
 0002:00015c50       _pj_strstr                 00459c50 f   pjlib-i386-win32-vc8-debug:string.obj
 0002:00015cf0       _pj_strtof                 00459cf0 f   pjlib-i386-win32-vc8-debug:string.obj
 0002:00015ec0       _pj_strtok                 00459ec0 f   pjlib-i386-win32-vc8-debug:string.obj
 0002:00015fa0       _pj_strtok2                00459fa0 f   pjlib-i386-win32-vc8-debug:string.obj
 0002:00016080       _pj_strtol                 0045a080 f   pjlib-i386-win32-vc8-debug:string.obj
 0002:00016180       _pj_strtol2                0045a180 f   pjlib-i386-win32-vc8-debug:string.obj
 0002:00016390       _pj_strtoul                0045a390 f   pjlib-i386-win32-vc8-debug:string.obj
 0002:00016440       _pj_strtoul2               0045a440 f   pjlib-i386-win32-vc8-debug:string.obj
 0002:000165d0       _pj_strtoul3               0045a5d0 f   pjlib-i386-win32-vc8-debug:string.obj
 0002:000168d0       _pj_strtrim                0045a8d0 f   pjlib-i386-win32-vc8-debug:string.obj
 0002:00016910       _pj_utoa                   0045a910 f   pjlib-i386-win32-vc8-debug:string.obj
 0002:00016940       _pj_utoa_pad               0045a940 f   pjlib-i386-win32-vc8-debug:string.obj
 0002:00016aa0       _pj_NO_MEMORY_EXCEPTION    0045aaa0 f   pjlib-i386-win32-vc8-debug:pool.obj
 0002:00016b20       _pj_pool_alloc             0045ab20 f   pjlib-i386-win32-vc8-debug:pool.obj
 0002:00016b80       _pj_pool_alloc_from_block  0045ab80 f   pjlib-i386-win32-vc8-debug:pool.obj
 0002:00016bf0       _pj_pool_allocate_find     0045abf0 f   pjlib-i386-win32-vc8-debug:pool.obj
 0002:00016d70       _pj_pool_calloc            0045ad70 f   pjlib-i386-win32-vc8-debug:pool.obj
 0002:00016dd0       _pj_pool_create            0045add0 f   pjlib-i386-win32-vc8-debug:pool.obj
 0002:00016f30       _pj_pool_create_int        0045af30 f   pjlib-i386-win32-vc8-debug:pool.obj
 0002:000170b0       _pj_pool_destroy_int       0045b0b0 f   pjlib-i386-win32-vc8-debug:pool.obj
 0002:00017130       _pj_pool_get_capacity      0045b130 f   pjlib-i386-win32-vc8-debug:pool.obj
 0002:00017150       _pj_pool_get_used_size     0045b150 f   pjlib-i386-win32-vc8-debug:pool.obj
 0002:000171c0       _pj_pool_getobjname        0045b1c0 f   pjlib-i386-win32-vc8-debug:pool.obj
 0002:000171e0       _pj_pool_init_int          0045b1e0 f   pjlib-i386-win32-vc8-debug:pool.obj
 0002:000172b0       _pj_pool_release           0045b2b0 f   pjlib-i386-win32-vc8-debug:pool.obj
 0002:00017300       _pj_pool_reset             0045b300 f   pjlib-i386-win32-vc8-debug:pool.obj
 0002:00017330       _pj_pool_safe_release      0045b330 f   pjlib-i386-win32-vc8-debug:pool.obj
 0002:00017b90       _pj_caching_pool_destroy   0045bb90 f   pjlib-i386-win32-vc8-debug:pool_caching.obj
 0002:00017d00       _pj_caching_pool_init      0045bd00 f   pjlib-i386-win32-vc8-debug:pool_caching.obj
 0002:00018380       _pj_timer_entry_init       0045c380 f   pjlib-i386-win32-vc8-debug:timer.obj
 0002:00018410       _pj_timer_entry_running    0045c410 f   pjlib-i386-win32-vc8-debug:timer.obj
 0002:00018450       _pj_timer_heap_cancel      0045c450 f   pjlib-i386-win32-vc8-debug:timer.obj
 0002:00018480       _pj_timer_heap_cancel_if_active 0045c480 f   pjlib-i386-win32-vc8-debug:timer.obj
 0002:000184b0       _pj_timer_heap_count       0045c4b0 f   pjlib-i386-win32-vc8-debug:timer.obj
 0002:00018510       _pj_timer_heap_create      0045c510 f   pjlib-i386-win32-vc8-debug:timer.obj
 0002:000186c0       _pj_timer_heap_destroy     0045c6c0 f   pjlib-i386-win32-vc8-debug:timer.obj
 0002:00018710       _pj_timer_heap_earliest_time 0045c710 f   pjlib-i386-win32-vc8-debug:timer.obj
 0002:000187b0       _pj_timer_heap_mem_size    0045c7b0 f   pjlib-i386-win32-vc8-debug:timer.obj
 0002:000187d0       _pj_timer_heap_poll        0045c7d0 f   pjlib-i386-win32-vc8-debug:timer.obj
 0002:00018ab0       _pj_timer_heap_schedule    0045cab0 f   pjlib-i386-win32-vc8-debug:timer.obj
 0002:00018af0       _pj_timer_heap_schedule_w_grp_lock 0045caf0 f   pjlib-i386-win32-vc8-debug:timer.obj
 0002:00018b30       _pj_timer_heap_set_lock    0045cb30 f   pjlib-i386-win32-vc8-debug:timer.obj
 0002:00018b90       _pj_timer_heap_set_max_timed_out_per_poll 0045cb90 f   pjlib-i386-win32-vc8-debug:timer.obj
 0002:00019410       _pj_time_val_normalize     0045d410 f   pjlib-i386-win32-vc8-debug:types.obj
 0002:00019550       _pj_addr_str_print         0045d550 f   pjlib-i386-win32-vc8-debug:sock_common.obj
 0002:000196a0       _pj_getdefaultipinterface  0045d6a0 f   pjlib-i386-win32-vc8-debug:sock_common.obj
 0002:00019720       _pj_gethostaddr            0045d720 f   pjlib-i386-win32-vc8-debug:sock_common.obj
 0002:00019770       _pj_gethostip              0045d770 f   pjlib-i386-win32-vc8-debug:sock_common.obj
 0002:0001a460       _pj_getipinterface         0045e460 f   pjlib-i386-win32-vc8-debug:sock_common.obj
 0002:0001a6b0       _pj_inet_addr              0045e6b0 f   pjlib-i386-win32-vc8-debug:sock_common.obj
 0002:0001a6e0       _pj_inet_addr2             0045e6e0 f   pjlib-i386-win32-vc8-debug:sock_common.obj
 0002:0001a720       _pj_inet_ntop2             0045e720 f   pjlib-i386-win32-vc8-debug:sock_common.obj
 0002:0001a810       _pj_sock_bind_random       0045e810 f   pjlib-i386-win32-vc8-debug:sock_common.obj
 0002:0001a990       _pj_sock_setsockopt_sobuf  0045e990 f   pjlib-i386-win32-vc8-debug:sock_common.obj
 0002:0001abc0       _pj_sockaddr_cmp           0045ebc0 f   pjlib-i386-win32-vc8-debug:sock_common.obj
 0002:0001acd0       _pj_sockaddr_copy_addr     0045ecd0 f   pjlib-i386-win32-vc8-debug:sock_common.obj
 0002:0001ad30       _pj_sockaddr_cp            0045ed30 f   pjlib-i386-win32-vc8-debug:sock_common.obj
 0002:0001ad70       _pj_sockaddr_get_addr      0045ed70 f   pjlib-i386-win32-vc8-debug:sock_common.obj
 0002:0001ae40       _pj_sockaddr_get_addr_len  0045ee40 f   pjlib-i386-win32-vc8-debug:sock_common.obj
 0002:0001af10       _pj_sockaddr_get_len       0045ef10 f   pjlib-i386-win32-vc8-debug:sock_common.obj
 0002:0001afe0       _pj_sockaddr_get_port      0045efe0 f   pjlib-i386-win32-vc8-debug:sock_common.obj
 0002:0001b0d0       _pj_sockaddr_has_addr      0045f0d0 f   pjlib-i386-win32-vc8-debug:sock_common.obj
 0002:0001b1c0       _pj_sockaddr_in_get_addr   0045f1c0 f   pjlib-i386-win32-vc8-debug:sock_common.obj
 0002:0001b1f0       _pj_sockaddr_in_get_port   0045f1f0 f   pjlib-i386-win32-vc8-debug:sock_common.obj
 0002:0001b220       _pj_sockaddr_in_init       0045f220 f   pjlib-i386-win32-vc8-debug:sock_common.obj
 0002:0001b2d0       _pj_sockaddr_in_set_addr   0045f2d0 f   pjlib-i386-win32-vc8-debug:sock_common.obj
 0002:0001b300       _pj_sockaddr_in_set_port   0045f300 f   pjlib-i386-win32-vc8-debug:sock_common.obj
 0002:0001b330       _pj_sockaddr_in_set_str_addr 0045f330 f   pjlib-i386-win32-vc8-debug:sock_common.obj
 0002:0001b4d0       _pj_sockaddr_init          0045f4d0 f   pjlib-i386-win32-vc8-debug:sock_common.obj
 0002:0001b5d0       _pj_sockaddr_parse         0045f5d0 f   pjlib-i386-win32-vc8-debug:sock_common.obj
 0002:0001b770       _pj_sockaddr_parse2        0045f770 f   pjlib-i386-win32-vc8-debug:sock_common.obj
 0002:0001bc10       _pj_sockaddr_print         0045fc10 f   pjlib-i386-win32-vc8-debug:sock_common.obj
 0002:0001bd70       _pj_sockaddr_set_port      0045fd70 f   pjlib-i386-win32-vc8-debug:sock_common.obj
 0002:0001be50       _pj_sockaddr_set_str_addr  0045fe50 f   pjlib-i386-win32-vc8-debug:sock_common.obj
 0002:0001bfd0       _pj_sockaddr_synthesize    0045ffd0 f   pjlib-i386-win32-vc8-debug:sock_common.obj
 0002:0001c1d0       _pj_gethostname            004601d0 f   pjlib-i386-win32-vc8-debug:sock_bsd.obj
 0002:0001c280       _pj_htonl                  00460280 f   pjlib-i386-win32-vc8-debug:sock_bsd.obj
 0002:0001c2a0       _pj_htons                  004602a0 f   pjlib-i386-win32-vc8-debug:sock_bsd.obj
 0002:0001c2d0       _pj_inet_aton              004602d0 f   pjlib-i386-win32-vc8-debug:sock_bsd.obj
 0002:0001c400       _pj_inet_ntoa              00460400 f   pjlib-i386-win32-vc8-debug:sock_bsd.obj
 0002:0001c440       _pj_inet_ntop              00460440 f   pjlib-i386-win32-vc8-debug:sock_bsd.obj
 0002:0001c680       _pj_inet_pton              00460680 f   pjlib-i386-win32-vc8-debug:sock_bsd.obj
 0002:0001c930       _pj_ntohl                  00460930 f   pjlib-i386-win32-vc8-debug:sock_bsd.obj
 0002:0001c950       _pj_ntohs                  00460950 f   pjlib-i386-win32-vc8-debug:sock_bsd.obj
 0002:0001c980       _pj_sock_accept            00460980 f   pjlib-i386-win32-vc8-debug:sock_bsd.obj
 0002:0001ca70       _pj_sock_bind              00460a70 f   pjlib-i386-win32-vc8-debug:sock_bsd.obj
 0002:0001cb60       _pj_sock_bind_in           00460b60 f   pjlib-i386-win32-vc8-debug:sock_bsd.obj
 0002:0001cc10       _pj_sock_close             00460c10 f   pjlib-i386-win32-vc8-debug:sock_bsd.obj
 0002:0001ccb0       _pj_sock_connect           00460cb0 f   pjlib-i386-win32-vc8-debug:sock_bsd.obj
 0002:0001cd50       _pj_sock_getpeername       00460d50 f   pjlib-i386-win32-vc8-debug:sock_bsd.obj
 0002:0001cdf0       _pj_sock_getsockname       00460df0 f   pjlib-i386-win32-vc8-debug:sock_bsd.obj
 0002:0001ce90       _pj_sock_getsockopt        00460e90 f   pjlib-i386-win32-vc8-debug:sock_bsd.obj
 0002:0001cf90       _pj_sock_listen            00460f90 f   pjlib-i386-win32-vc8-debug:sock_bsd.obj
 0002:0001d030       _pj_sock_recv              00461030 f   pjlib-i386-win32-vc8-debug:sock_bsd.obj
 0002:0001d130       _pj_sock_recvfrom          00461130 f   pjlib-i386-win32-vc8-debug:sock_bsd.obj
 0002:0001d240       _pj_sock_send              00461240 f   pjlib-i386-win32-vc8-debug:sock_bsd.obj
 0002:0001d330       _pj_sock_sendto            00461330 f   pjlib-i386-win32-vc8-debug:sock_bsd.obj
 0002:0001d430       _pj_sock_setsockopt        00461430 f   pjlib-i386-win32-vc8-debug:sock_bsd.obj
 0002:0001d510       _pj_sock_setsockopt_params 00461510 f   pjlib-i386-win32-vc8-debug:sock_bsd.obj
 0002:0001d670       _pj_sock_shutdown          00461670 f   pjlib-i386-win32-vc8-debug:sock_bsd.obj
 0002:0001d710       _pj_sock_socket            00461710 f   pjlib-i386-win32-vc8-debug:sock_bsd.obj
 0002:0001e0e0       _pj_activesock_cfg_default 004620e0 f   pjlib-i386-win32-vc8-debug:activesock.obj
 0002:0001e130       _pj_activesock_close       00462130 f   pjlib-i386-win32-vc8-debug:activesock.obj
 0002:0001e220       _pj_activesock_create      00462220 f   pjlib-i386-win32-vc8-debug:activesock.obj
 0002:0001e590       _pj_activesock_create_udp  00462590 f   pjlib-i386-win32-vc8-debug:activesock.obj
 0002:0001e720       _pj_activesock_get_user_data 00462720 f   pjlib-i386-win32-vc8-debug:activesock.obj
 0002:0001e780       _pj_activesock_send        00462780 f   pjlib-i386-win32-vc8-debug:activesock.obj
 0002:0001e930       _pj_activesock_sendto      00462930 f   pjlib-i386-win32-vc8-debug:activesock.obj
 0002:0001ea20       _pj_activesock_set_user_data 00462a20 f   pjlib-i386-win32-vc8-debug:activesock.obj
 0002:0001ea80       _pj_activesock_start_accept 00462a80 f   pjlib-i386-win32-vc8-debug:activesock.obj
 0002:0001ec40       _pj_activesock_start_connect 00462c40 f   pjlib-i386-win32-vc8-debug:activesock.obj
 0002:0001ec90       _pj_activesock_start_read  00462c90 f   pjlib-i386-win32-vc8-debug:activesock.obj
 0002:0001ed90       _pj_activesock_start_read2 00462d90 f   pjlib-i386-win32-vc8-debug:activesock.obj
 0002:0001efe0       _pj_activesock_start_recvfrom 00462fe0 f   pjlib-i386-win32-vc8-debug:activesock.obj
 0002:0001f0e0       _pj_activesock_start_recvfrom2 004630e0 f   pjlib-i386-win32-vc8-debug:activesock.obj
 0002:0001f4c0       _pj_exception_id_alloc     004634c0 f   pjlib-i386-win32-vc8-debug:except.obj
 0002:0001f540       _pj_exception_id_free      00463540 f   pjlib-i386-win32-vc8-debug:except.obj
 0002:0001f5d0       _pj_exception_id_name      004635d0 f   pjlib-i386-win32-vc8-debug:except.obj
 0002:0001f680       _pj_pop_exception_handler_ 00463680 f   pjlib-i386-win32-vc8-debug:except.obj
 0002:0001f6e0       _pj_push_exception_handler_ 004636e0 f   pjlib-i386-win32-vc8-debug:except.obj
 0002:0001f790       _pj_throw_exception_       00463790 f   pjlib-i386-win32-vc8-debug:except.obj
 0002:0001f850       _pj_rand                   00463850 f   pjlib-i386-win32-vc8-debug:rand.obj
 0002:0001f890       _pj_srand                  00463890 f   pjlib-i386-win32-vc8-debug:rand.obj
 0002:0001f910       _pj_get_timestamp          00463910 f   pjlib-i386-win32-vc8-debug:os_timestamp_win32.obj
 0002:0001f9a0       _pj_get_timestamp_freq     004639a0 f   pjlib-i386-win32-vc8-debug:os_timestamp_win32.obj
 0002:0001fb70       _pj_GUID_STRING_LENGTH     00463b70 f   pjlib-i386-win32-vc8-debug:guid_win32.obj
 0002:0001fb90       _pj_generate_unique_string 00463b90 f   pjlib-i386-win32-vc8-debug:guid_win32.obj
 0002:0001fc00       _pj_dump_config            00463c00 f   pjlib-i386-win32-vc8-debug:config.obj
 0002:00020210       _pj_get_version            00464210 f   pjlib-i386-win32-vc8-debug:config.obj
 0002:000203d0       _pj_elapsed_cycle          004643d0 f   pjlib-i386-win32-vc8-debug:os_timestamp_common.obj
 0002:000203f0       _pj_elapsed_msec           004643f0 f   pjlib-i386-win32-vc8-debug:os_timestamp_common.obj
 0002:00020430       _pj_elapsed_msec64         00464430 f   pjlib-i386-win32-vc8-debug:os_timestamp_common.obj
 0002:00020470       _pj_elapsed_nanosec        00464470 f   pjlib-i386-win32-vc8-debug:os_timestamp_common.obj
 0002:00020530       _pj_elapsed_time           00464530 f   pjlib-i386-win32-vc8-debug:os_timestamp_common.obj
 0002:00020610       _pj_elapsed_usec           00464610 f   pjlib-i386-win32-vc8-debug:os_timestamp_common.obj
 0002:00020650       _pj_gettickcount           00464650 f   pjlib-i386-win32-vc8-debug:os_timestamp_common.obj
 0002:00020e30       _pj_grp_lock_acquire       00464e30 f   pjlib-i386-win32-vc8-debug:lock.obj
 0002:00020e60       _pj_grp_lock_add_handler   00464e60 f   pjlib-i386-win32-vc8-debug:lock.obj
 0002:00020ea0       _pj_grp_lock_add_ref       00464ea0 f   pjlib-i386-win32-vc8-debug:lock.obj
 0002:00020ed0       _pj_grp_lock_chain_lock    00464ed0 f   pjlib-i386-win32-vc8-debug:lock.obj
 0002:00020fc0       _pj_grp_lock_config_default 00464fc0 f   pjlib-i386-win32-vc8-debug:lock.obj
 0002:00020ff0       _pj_grp_lock_create        00464ff0 f   pjlib-i386-win32-vc8-debug:lock.obj
 0002:000211d0       _pj_grp_lock_create_w_handler 004651d0 f   pjlib-i386-win32-vc8-debug:lock.obj
 0002:00021230       _pj_grp_lock_dec_ref       00465230 f   pjlib-i386-win32-vc8-debug:lock.obj
 0002:00021260       _pj_grp_lock_del_handler   00465260 f   pjlib-i386-win32-vc8-debug:lock.obj
 0002:00021300       _pj_grp_lock_destroy       00465300 f   pjlib-i386-win32-vc8-debug:lock.obj
 0002:00021330       _pj_grp_lock_dump          00465330 f   pjlib-i386-win32-vc8-debug:lock.obj
 0002:00021390       _pj_grp_lock_get_ref       00465390 f   pjlib-i386-win32-vc8-debug:lock.obj
 0002:000213c0       _pj_grp_lock_release       004653c0 f   pjlib-i386-win32-vc8-debug:lock.obj
 0002:000213f0       _pj_grp_lock_replace       004653f0 f   pjlib-i386-win32-vc8-debug:lock.obj
 0002:000214a0       _pj_grp_lock_tryacquire    004654a0 f   pjlib-i386-win32-vc8-debug:lock.obj
 0002:000214d0       _pj_grp_lock_unchain_lock  004654d0 f   pjlib-i386-win32-vc8-debug:lock.obj
 0002:00021600       _pj_lock_acquire           00465600 f   pjlib-i386-win32-vc8-debug:lock.obj
 0002:00021670       _pj_lock_create_null_mutex 00465670 f   pjlib-i386-win32-vc8-debug:lock.obj
 0002:000216d0       _pj_lock_create_recursive_mutex 004656d0 f   pjlib-i386-win32-vc8-debug:lock.obj
 0002:00021700       _pj_lock_create_semaphore  00465700 f   pjlib-i386-win32-vc8-debug:lock.obj
 0002:000217f0       _pj_lock_create_simple_mutex 004657f0 f   pjlib-i386-win32-vc8-debug:lock.obj
 0002:00021820       _pj_lock_destroy           00465820 f   pjlib-i386-win32-vc8-debug:lock.obj
 0002:00021890       _pj_lock_release           00465890 f   pjlib-i386-win32-vc8-debug:lock.obj
 0002:00021900       _pj_lock_tryacquire        00465900 f   pjlib-i386-win32-vc8-debug:lock.obj
 0002:00021a40       _pj_list_erase             00465a40 f   pjlib-i386-win32-vc8-debug:list.obj
 0002:00021a80       _pj_list_find_node         00465a80 f   pjlib-i386-win32-vc8-debug:list.obj
 0002:00021b20       _pj_list_insert_after      00465b20 f   pjlib-i386-win32-vc8-debug:list.obj
 0002:00021b70       _pj_list_insert_before     00465b70 f   pjlib-i386-win32-vc8-debug:list.obj
 0002:00021ba0       _pj_list_insert_nodes_after 00465ba0 f   pjlib-i386-win32-vc8-debug:list.obj
 0002:00021c00       _pj_list_insert_nodes_before 00465c00 f   pjlib-i386-win32-vc8-debug:list.obj
 0002:00021c30       _pj_list_merge_first       00465c30 f   pjlib-i386-win32-vc8-debug:list.obj
 0002:00021ca0       _pj_list_merge_last        00465ca0 f   pjlib-i386-win32-vc8-debug:list.obj
 0002:00021d10       _pj_list_search            00465d10 f   pjlib-i386-win32-vc8-debug:list.obj
 0002:00021d80       _pj_list_size              00465d80 f   pjlib-i386-win32-vc8-debug:list.obj
 0002:00021dd0       _PJ_FD_CLR                 00465dd0 f   pjlib-i386-win32-vc8-debug:sock_select.obj
 0002:00021f20       _PJ_FD_COUNT               00465f20 f   pjlib-i386-win32-vc8-debug:sock_select.obj
 0002:00021f50       _PJ_FD_ISSET               00465f50 f   pjlib-i386-win32-vc8-debug:sock_select.obj
 0002:00021fb0       _PJ_FD_SET                 00465fb0 f   pjlib-i386-win32-vc8-debug:sock_select.obj
 0002:000220f0       _PJ_FD_ZERO                004660f0 f   pjlib-i386-win32-vc8-debug:sock_select.obj
 0002:00022150       _pj_sock_select            00466150 f   pjlib-i386-win32-vc8-debug:sock_select.obj
 0002:00022260       _pj_get_netos_error        00466260 f   pjlib-i386-win32-vc8-debug:os_error_win32.obj
 0002:000222b0       _pj_get_os_error           004662b0 f   pjlib-i386-win32-vc8-debug:os_error_win32.obj
 0002:00022330       _pj_set_netos_error        00466330 f   pjlib-i386-win32-vc8-debug:os_error_win32.obj
 0002:00022380       _pj_set_os_error           00466380 f   pjlib-i386-win32-vc8-debug:os_error_win32.obj
 0002:000223d0       _platform_strerror         004663d0 f   pjlib-i386-win32-vc8-debug:os_error_win32.obj
 0002:000225d0       _pj_log_write              004665d0 f   pjlib-i386-win32-vc8-debug:log_writer_stdout.obj
 0002:000227b0       _pj_gettimeofday           004667b0 f   pjlib-i386-win32-vc8-debug:os_time_win32.obj
 0002:00022890       _pj_time_decode            00466890 f   pjlib-i386-win32-vc8-debug:os_time_win32.obj
 0002:000229a0       _pj_time_encode            004669a0 f   pjlib-i386-win32-vc8-debug:os_time_win32.obj
 0002:00022ac0       _pj_pool_create_on_buf     00466ac0 f   pjlib-i386-win32-vc8-debug:pool_buf.obj
 0002:00022e90       _pj_pool_factory_get_default_policy 00466e90 f   pjlib-i386-win32-vc8-debug:pool_policy_malloc.obj
 0002:00023880       _pj_enum_ip_interface      00467880 f   pjlib-i386-win32-vc8-debug:ip_helper_win32.obj
 0002:000239e0       _pj_enum_ip_route          004679e0 f   pjlib-i386-win32-vc8-debug:ip_helper_win32.obj
 0002:00023e50       _pj_getaddrinfo            00467e50 f   pjlib-i386-win32-vc8-debug:addr_resolv_sock.obj
 0002:00024080       _pj_gethostbyname          00468080 f   pjlib-i386-win32-vc8-debug:addr_resolv_sock.obj
 0002:0002420e       _CoCreateGuid@4            0046820e f   ole32:ole32.dll
 0002:00024214       _WSAStartup@8              00468214 f   ws2_32:WS2_32.dll
 0002:0002421a       _WSACleanup@0              0046821a f   ws2_32:WS2_32.dll
 0002:00024220       _WSAGetLastError@0         00468220 f   ws2_32:WS2_32.dll
 0002:00024226       _ioctlsocket@12            00468226 f   ws2_32:WS2_32.dll
 0002:0002422c       _accept@12                 0046822c f   ws2_32:WS2_32.dll
 0002:00024232       _bind@12                   00468232 f   ws2_32:WS2_32.dll
 0002:00024238       _closesocket@4             00468238 f   ws2_32:WS2_32.dll
 0002:0002423e       _connect@12                0046823e f   ws2_32:WS2_32.dll
 0002:00024244       _getpeername@12            00468244 f   ws2_32:WS2_32.dll
 0002:0002424a       _getsockname@12            0046824a f   ws2_32:WS2_32.dll
 0002:00024250       _getsockopt@20             00468250 f   ws2_32:WS2_32.dll
 0002:00024256       _htonl@4                   00468256 f   ws2_32:WS2_32.dll
 0002:0002425c       _htons@4                   0046825c f   ws2_32:WS2_32.dll
 0002:00024262       _inet_addr@4               00468262 f   ws2_32:WS2_32.dll
 0002:00024268       _inet_ntoa@4               00468268 f   ws2_32:WS2_32.dll
 0002:0002426e       _listen@8                  0046826e f   ws2_32:WS2_32.dll
 0002:00024274       _ntohl@4                   00468274 f   ws2_32:WS2_32.dll
 0002:0002427a       _ntohs@4                   0046827a f   ws2_32:WS2_32.dll
 0002:00024280       _recv@16                   00468280 f   ws2_32:WS2_32.dll
 0002:00024286       _recvfrom@24               00468286 f   ws2_32:WS2_32.dll
 0002:0002428c       _send@16                   0046828c f   ws2_32:WS2_32.dll
 0002:00024292       _sendto@24                 00468292 f   ws2_32:WS2_32.dll
 0002:00024298       _setsockopt@20             00468298 f   ws2_32:WS2_32.dll
 0002:0002429e       _shutdown@8                0046829e f   ws2_32:WS2_32.dll
 0002:000242a4       _gethostname@8             004682a4 f   ws2_32:WS2_32.dll
 0002:000242aa       _WSAIoctl@36               004682aa f   ws2_32:WS2_32.dll
 0002:000242b0       _WSASocketA@24             004682b0 f   ws2_32:WS2_32.dll
 0002:000242b6       _WSAAddressToStringA@20    004682b6 f   ws2_32:WS2_32.dll
 0002:000242bc       _WSAStringToAddressA@20    004682bc f   ws2_32:WS2_32.dll
 0002:000242c2       ___WSAFDIsSet@8            004682c2 f   ws2_32:WS2_32.dll
 0002:000242c8       _select@20                 004682c8 f   ws2_32:WS2_32.dll
 0002:000242ce       _WSASetLastError@4         004682ce f   ws2_32:WS2_32.dll
 0002:000242d4       _gethostbyname@4           004682d4 f   ws2_32:WS2_32.dll
 0002:000242e0       _memset                    004682e0 f   LIBCMTD:memset.obj
 0002:000243a0       ___initstdio               004683a0 f   LIBCMTD:_file.obj
 0002:000244a0       ___endstdio                004684a0 f   LIBCMTD:_file.obj
 0002:000244f0       ___iob_func                004684f0 f   LIBCMTD:_file.obj
 0002:00024500       __lock_file                00468500 f   LIBCMTD:_file.obj
 0002:00024570       __lock_file2               00468570 f   LIBCMTD:_file.obj
 0002:000245c0       __unlock_file              004685c0 f   LIBCMTD:_file.obj
 0002:00024630       __unlock_file2             00468630 f   LIBCMTD:_file.obj
 0002:00024680       __fclose_nolock            00468680 f   LIBCMTD:fclose.obj
 0002:000247d0       _fclose                    004687d0 f   LIBCMTD:fclose.obj
 0002:00024930       __fflush_nolock            00468930 f   LIBCMTD:fflush.obj
 0002:000249c0       __flush                    004689c0 f   LIBCMTD:fflush.obj
 0002:00024ab0       __flushall                 00468ab0 f   LIBCMTD:fflush.obj
 0002:00024ad0       _fflush                    00468ad0 f   LIBCMTD:fflush.obj
 0002:00024db0       __fsopen                   00468db0 f   LIBCMTD:fopen.obj
 0002:00025090       _fopen                     00469090 f   LIBCMTD:fopen.obj
 0002:000250b0       _fopen_s                   004690b0 f   LIBCMTD:fopen.obj
 0002:000251a0       __fwrite_nolock            004691a0 f   LIBCMTD:fwrite.obj
 0002:000256b0       _fwrite                    004696b0 f   LIBCMTD:fwrite.obj
 0002:00025820       _puts                      00469820 f   LIBCMTD:puts.obj
 0002:00025c20       @__security_check_cookie@4 00469c20 f   LIBCMTD:secchk.obj
 0002:00025f30       _mainCRTStartup            00469f30 f   LIBCMTD:crt0.obj
 0002:00025f50       __invoke_watson_if_error   00469f50 f i LIBCMTD:wassert.obj
 0002:00025f80       __wassert                  00469f80 f   LIBCMTD:wassert.obj
 0002:00026ed0       _strlen                    0046aed0 f   LIBCMTD:strlen.obj
 0002:00026f80       __snprintf                 0046af80 f   LIBCMTD:snprintf.obj
 0002:000271d0       __snprintf_l               0046b1d0 f   LIBCMTD:snprintf.obj
 0002:00027210       ??0_LocaleUpdate@@QAE@PAUlocaleinfo_struct@@@Z 0046b210 f i LIBCMTD:tolower.obj
 0002:00027320       ??1_LocaleUpdate@@QAE@XZ   0046b320 f i LIBCMTD:tolower.obj
 0002:00027360       ?GetLocaleT@_LocaleUpdate@@QAEPAUlocaleinfo_struct@@XZ 0046b360 f i LIBCMTD:tolower.obj
 0002:00027380       __tolower                  0046b380 f   LIBCMTD:tolower.obj
 0002:00027390       __tolower_l                0046b390 f   LIBCMTD:tolower.obj
 0002:00027660       _tolower                   0046b660 f   LIBCMTD:tolower.obj
 0002:000276c0       _memchr                    0046b6c0 f   LIBCMTD:memchr.obj
 0002:000277a0       _memcpy                    0046b7a0 f   LIBCMTD:memcpy.obj
 0002:00027f80       _memmove                   0046bf80 f   LIBCMTD:memmove.obj
 0002:00028760       _strchr                    0046c760 f   LIBCMTD:strchr.obj
 0002:000287ce       ___from_strstr_to_strchr   0046c7ce     LIBCMTD:strchr.obj
 0002:000288e0       __vsnprintf                0046c8e0 f   LIBCMTD:vsnprint.obj
 0002:00028910       __vsnprintf_l              0046c910 f   LIBCMTD:vsnprint.obj
 0002:00028b60       __setjmp3                  0046cb60 f   LIBCMTD:setjmp3.obj
 0002:00028c00       ___isascii                 0046cc00 f i LIBCMTD:_ctype.obj
 0002:00028c30       ___iscsym                  0046cc30 f i LIBCMTD:_ctype.obj
 0002:00028c80       ___iscsymf                 0046cc80 f i LIBCMTD:_ctype.obj
 0002:00028cc0       ___toascii                 0046ccc0 f i LIBCMTD:_ctype.obj
 0002:00028cd0       __isalnum_l                0046ccd0 f i LIBCMTD:_ctype.obj
 0002:00028d70       __isalpha_l                0046cd70 f i LIBCMTD:_ctype.obj
 0002:00028e10       __isblank_l                0046ce10 f i LIBCMTD:_ctype.obj
 0002:00028ed0       __iscntrl_l                0046ced0 f i LIBCMTD:_ctype.obj
 0002:00028f70       __iscsym_l                 0046cf70 f i LIBCMTD:_ctype.obj
 0002:00028fc0       __iscsymf_l                0046cfc0 f i LIBCMTD:_ctype.obj
 0002:00029010       __isdigit_l                0046d010 f i LIBCMTD:_ctype.obj
 0002:000290b0       __isgraph_l                0046d0b0 f i LIBCMTD:_ctype.obj
 0002:00029150       __islower_l                0046d150 f i LIBCMTD:_ctype.obj
 0002:000291f0       __isprint_l                0046d1f0 f i LIBCMTD:_ctype.obj
 0002:00029290       __ispunct_l                0046d290 f i LIBCMTD:_ctype.obj
 0002:00029330       __isspace_l                0046d330 f i LIBCMTD:_ctype.obj
 0002:000293d0       __isupper_l                0046d3d0 f i LIBCMTD:_ctype.obj
 0002:00029470       __isxdigit_l               0046d470 f i LIBCMTD:_ctype.obj
 0002:00029510       _isalnum                   0046d510 f i LIBCMTD:_ctype.obj
 0002:00029550       _isalpha                   0046d550 f i LIBCMTD:_ctype.obj
 0002:00029590       _isblank                   0046d590 f i LIBCMTD:_ctype.obj
 0002:000295f0       _iscntrl                   0046d5f0 f i LIBCMTD:_ctype.obj
 0002:00029630       _isdigit                   0046d630 f i LIBCMTD:_ctype.obj
 0002:00029670       _isgraph                   0046d670 f i LIBCMTD:_ctype.obj
 0002:000296b0       _islower                   0046d6b0 f i LIBCMTD:_ctype.obj
 0002:000296f0       _isprint                   0046d6f0 f i LIBCMTD:_ctype.obj
 0002:00029730       _ispunct                   0046d730 f i LIBCMTD:_ctype.obj
 0002:00029770       _isspace                   0046d770 f i LIBCMTD:_ctype.obj
 0002:000297b0       _isupper                   0046d7b0 f i LIBCMTD:_ctype.obj
 0002:000297f0       _isxdigit                  0046d7f0 f i LIBCMTD:_ctype.obj
 0002:00029830       _strncmp                   0046d830 f   LIBCMTD:strncmp.obj
 0002:000298d0       __strnicmp                 0046d8d0 f   LIBCMTD:strnicmp.obj
 0002:00029b10       __strnicmp_l               0046db10 f   LIBCMTD:strnicmp.obj
 0002:00029e40       _strncpy                   0046de40 f   LIBCMTD:strncpy.obj
 0002:00029fb0       _strcpy                    0046dfb0 f   LIBCMTD:strcat.obj
 0002:00029fc0       _strcat                    0046dfc0 f   LIBCMTD:strcat.obj
 0002:0002a0f0       ___raise_securityfailure   0046e0f0 f   LIBCMTD:gs_report.obj
 0002:0002a150       ___report_gsfailure        0046e150 f   LIBCMTD:gs_report.obj
 0002:0002a2a0       ___report_rangecheckfailure 0046e2a0 f   LIBCMTD:gs_report.obj
 0002:0002a2b0       ___report_securityfailure  0046e2b0 f   LIBCMTD:gs_report.obj
 0002:0002a3c0       ___report_securityfailureEx 0046e3c0 f   LIBCMTD:gs_report.obj
 0002:0002a530       __chkstk                   0046e530 f   LIBCMTD:chkstk.obj
 0002:0002a530       __alloca_probe             0046e530 f   LIBCMTD:chkstk.obj
 0002:0002a780       _memcmp                    0046e780 f   LIBCMTD:memcmp.obj
 0002:0002b280       __fpmath                   0046f280 f   LIBCMTD:fpinit.obj
 0002:0002b2a0       ___setfflag                0046f2a0 f   LIBCMTD:fpinit.obj
 0002:0002b2d0       __cfltcvt_init             0046f2d0 f   LIBCMTD:fpinit.obj
 0002:0002b3c0       _longjmp                   0046f3c0 f   LIBCMTD:longjmp.obj
 0002:0002b4a0       _rand                      0046f4a0 f   LIBCMTD:rand.obj
 0002:0002b4f0       _srand                     0046f4f0 f   LIBCMTD:rand.obj
 0002:0002b510       _fmod                      0046f510 f   LIBCMTD:87fmod.obj
 0002:0002b51a       __CIfmod                   0046f51a f   LIBCMTD:87fmod.obj
 0002:0002b540       __ftoui3                   0046f540 f   LIBCMTD:ftol3.obj
 0002:0002b54f       __ftoul3                   0046f54f f   LIBCMTD:ftol3.obj
 0002:0002b55e       __ftol3                    0046f55e f   LIBCMTD:ftol3.obj
 0002:0002b56b       __ftol3_NaN                0046f56b f   LIBCMTD:ftol3.obj
 0002:0002b583       __ftol3_work               0046f583 f   LIBCMTD:ftol3.obj
 0002:0002b609       __ftol3_common             0046f609 f   LIBCMTD:ftol3.obj
 0002:0002b6cb       __ftol3_arg_error          0046f6cb f   LIBCMTD:ftol3.obj
 0002:0002b6dd       __ftol3_except             0046f6dd f   LIBCMTD:ftol3.obj
 0002:0002b721       __dtoui3                   0046f721 f   LIBCMTD:ftol3.obj
 0002:0002b730       __dtoul3                   0046f730 f   LIBCMTD:ftol3.obj
 0002:0002b73f       __dtol3                    0046f73f f   LIBCMTD:ftol3.obj
 0002:0002b74c       __dtol3_NaN                0046f74c f   LIBCMTD:ftol3.obj
 0002:0002b769       __dtol3_work               0046f769 f   LIBCMTD:ftol3.obj
 0002:0002b84e       __ultod3                   0046f84e f   LIBCMTD:ftol3.obj
 0002:0002b8df       __ltod3                    0046f8df f   LIBCMTD:ftol3.obj
 0002:0002ba00       __get_printf_count_output  0046fa00 f   LIBCMTD:printf.obj
 0002:0002ba40       __printf_l                 0046fa40 f   LIBCMTD:printf.obj
 0002:0002ba70       __printf_p                 0046fa70 f   LIBCMTD:printf.obj
 0002:0002baa0       __printf_p_l               0046faa0 f   LIBCMTD:printf.obj
 0002:0002bad0       __printf_s_l               0046fad0 f   LIBCMTD:printf.obj
 0002:0002bb00       __set_printf_count_output  0046fb00 f   LIBCMTD:printf.obj
 0002:0002bb70       _printf                    0046fb70 f   LIBCMTD:printf.obj
 0002:0002bd40       _printf_s                  0046fd40 f   LIBCMTD:printf.obj
 0002:0002bd70       __alldiv                   0046fd70 f   LIBCMTD:lldiv.obj
 0002:0002be50       __allmul                   0046fe50 f   LIBCMTD:llmul.obj
 0002:0002bea0       _free                      0046fea0 f   LIBCMTD:dbgfree.obj
 0002:0002bec0       _malloc                    0046fec0 f   LIBCMTD:dbgmalloc.obj
 0002:0002bef0       __VEC_memset               0046fef0 f   LIBCMTD:p4_memset.obj
 0002:0002bff0       ___isa_available_init      0046fff0 f   LIBCMTD:cpu_disp.obj
 0002:0002c340       __fcloseall                00470340 f   LIBCMTD:closeall.obj
 0002:0002c4b0       __lock                     004704b0 f   LIBCMTD:mlock.obj
 0002:0002c500       __lockerr_exit             00470500 f   LIBCMTD:mlock.obj
 0002:0002c530       __mtdeletelocks            00470530 f   LIBCMTD:mlock.obj
 0002:0002c620       __mtinitlocknum            00470620 f   LIBCMTD:mlock.obj
 0002:0002c790       __mtinitlocks              00470790 f   LIBCMTD:mlock.obj
 0002:0002c830       __unlock                   00470830 f   LIBCMTD:mlock.obj
 0002:0002ce00       __CrtCheckMemory           00470e00 f   LIBCMTD:dbgheap.obj
 0002:0002d370       __CrtDoForAllClientObjects 00471370 f   LIBCMTD:dbgheap.obj
 0002:0002d4f0       __CrtDumpMemoryLeaks       004714f0 f   LIBCMTD:dbgheap.obj
 0002:0002d5b0       __CrtGetAllocHook          004715b0 f   LIBCMTD:dbgheap.obj
 0002:0002d5c0       __CrtGetCheckCount         004715c0 f   LIBCMTD:dbgheap.obj
 0002:0002d5d0       __CrtGetDumpClient         004715d0 f   LIBCMTD:dbgheap.obj
 0002:0002d5e0       __CrtIsMemoryBlock         004715e0 f   LIBCMTD:dbgheap.obj
 0002:0002d7b0       __CrtIsValidHeapPointer    004717b0 f   LIBCMTD:dbgheap.obj
 0002:0002d800       __CrtIsValidPointer        00471800 f   LIBCMTD:dbgheap.obj
 0002:0002d830       __CrtMemCheckpoint         00471830 f   LIBCMTD:dbgheap.obj
 0002:0002daf0       __CrtMemDifference         00471af0 f   LIBCMTD:dbgheap.obj
 0002:0002dde0       __CrtMemDumpAllObjectsSince 00471de0 f   LIBCMTD:dbgheap.obj
 0002:0002de30       __CrtMemDumpStatistics     00471e30 f   LIBCMTD:dbgheap.obj
 0002:0002dfa0       __CrtReportBlockType       00471fa0 f   LIBCMTD:dbgheap.obj
 0002:0002dfe0       __CrtSetAllocHook          00471fe0 f   LIBCMTD:dbgheap.obj
 0002:0002e010       __CrtSetBreakAlloc         00472010 f   LIBCMTD:dbgheap.obj
 0002:0002e040       __CrtSetCheckCount         00472040 f   LIBCMTD:dbgheap.obj
 0002:0002e060       __CrtSetDbgBlockType       00472060 f   LIBCMTD:dbgheap.obj
 0002:0002e180       __CrtSetDbgFlag            00472180 f   LIBCMTD:dbgheap.obj
 0002:0002e320       __CrtSetDebugFillThreshold 00472320 f   LIBCMTD:dbgheap.obj
 0002:0002e350       __CrtSetDumpClient         00472350 f   LIBCMTD:dbgheap.obj
 0002:0002e380       __aligned_free             00472380 f   LIBCMTD:dbgheap.obj
 0002:0002e3a0       __aligned_free_dbg         004723a0 f   LIBCMTD:dbgheap.obj
 0002:0002e480       __aligned_malloc           00472480 f   LIBCMTD:dbgheap.obj
 0002:0002e4b0       __aligned_malloc_dbg       004724b0 f   LIBCMTD:dbgheap.obj
 0002:0002e4e0       __aligned_msize            004724e0 f   LIBCMTD:dbgheap.obj
 0002:0002e500       __aligned_msize_dbg        00472500 f   LIBCMTD:dbgheap.obj
 0002:0002e670       __aligned_offset_malloc    00472670 f   LIBCMTD:dbgheap.obj
 0002:0002e6a0       __aligned_offset_malloc_dbg 004726a0 f   LIBCMTD:dbgheap.obj
 0002:0002e8f0       __aligned_offset_realloc   004728f0 f   LIBCMTD:dbgheap.obj
 0002:0002e920       __aligned_offset_realloc_dbg 00472920 f   LIBCMTD:dbgheap.obj
 0002:0002ecf0       __aligned_offset_recalloc  00472cf0 f   LIBCMTD:dbgheap.obj
 0002:0002ed20       __aligned_offset_recalloc_dbg 00472d20 f   LIBCMTD:dbgheap.obj
 0002:0002ee10       __aligned_realloc          00472e10 f   LIBCMTD:dbgheap.obj
 0002:0002ee40       __aligned_realloc_dbg      00472e40 f   LIBCMTD:dbgheap.obj
 0002:0002ee70       __aligned_recalloc         00472e70 f   LIBCMTD:dbgheap.obj
 0002:0002eea0       __aligned_recalloc_dbg     00472ea0 f   LIBCMTD:dbgheap.obj
 0002:0002eed0       __calloc_dbg               00472ed0 f   LIBCMTD:dbgheap.obj
 0002:0002ef40       __calloc_dbg_impl          00472f40 f   LIBCMTD:dbgheap.obj
 0002:0002efe0       __expand                   00472fe0 f   LIBCMTD:dbgheap.obj
 0002:0002f010       __expand_dbg               00473010 f   LIBCMTD:dbgheap.obj
 0002:0002f180       __free_dbg                 00473180 f   LIBCMTD:dbgheap.obj
 0002:0002f220       __free_dbg_nolock          00473220 f   LIBCMTD:dbgheap.obj
 0002:0002f860       __free_nolock              00473860 f   LIBCMTD:dbgheap.obj
 0002:0002f880       __heap_alloc               00473880 f   LIBCMTD:dbgheap.obj
 0002:0002f8a0       __heap_alloc_dbg           004738a0 f   LIBCMTD:dbgheap.obj
 0002:0002fdc0       __invoke_watson_if_oneof   00473dc0 f i LIBCMTD:dbgheap.obj
 0002:0002fe10       __malloc_dbg               00473e10 f   LIBCMTD:dbgheap.obj
 0002:0002fe50       __msize                    00473e50 f   LIBCMTD:dbgheap.obj
 0002:0002fe70       __msize_dbg                00473e70 f   LIBCMTD:dbgheap.obj
 0002:00030110       __nh_malloc                00474110 f   LIBCMTD:dbgheap.obj
 0002:00030140       __nh_malloc_dbg            00474140 f   LIBCMTD:dbgheap.obj
 0002:00030460       __realloc_dbg              00474460 f   LIBCMTD:dbgheap.obj
 0002:00030520       __recalloc                 00474520 f   LIBCMTD:dbgheap.obj
 0002:00030560       __recalloc_dbg             00474560 f   LIBCMTD:dbgheap.obj
 0002:00030dd0       ___copy_path_to_wide_string 00474dd0 f   LIBCMTD:crt0dat.obj
 0002:00031030       ___copy_to_char            00475030 f   LIBCMTD:crt0dat.obj
 0002:000312a0       ___crtCorExitProcess       004752a0 f   LIBCMTD:crt0dat.obj
 0002:000312f0       ___crtExitProcess          004752f0 f   LIBCMTD:crt0dat.obj
 0002:00031320       ___freeCrtMemory           00475320 f   LIBCMTD:crt0dat.obj
 0002:00031560       __amsg_exit                00475560 f   LIBCMTD:crt0dat.obj
 0002:00031590       __c_exit                   00475590 f   LIBCMTD:crt0dat.obj
 0002:000315b0       __cexit                    004755b0 f   LIBCMTD:crt0dat.obj
 0002:000315d0       __cinit                    004755d0 f   LIBCMTD:crt0dat.obj
 0002:000316a0       __exit                     004756a0 f   LIBCMTD:crt0dat.obj
 0002:000316c0       __exit_app                 004756c0 f   LIBCMTD:crt0dat.obj
 0002:000316e0       __get_pgmptr               004756e0 f   LIBCMTD:crt0dat.obj
 0002:00031840       __get_wpgmptr              00475840 f   LIBCMTD:crt0dat.obj
 0002:000319a0       __init_pointers            004759a0 f   LIBCMTD:crt0dat.obj
 0002:00031a50       __initterm_e               00475a50 f   LIBCMTD:crt0dat.obj
 0002:00031aa0       __lockexit                 00475aa0 f   LIBCMTD:crt0dat.obj
 0002:00031ac0       __unlockexit               00475ac0 f   LIBCMTD:crt0dat.obj
 0002:00031d40       _exit                      00475d40 f   LIBCMTD:crt0dat.obj
 0002:00031d60       ?_invalid_parameter@@YAXPBG00II@Z 00475d60 f   LIBCMTD:invarg.obj
 0002:00031d90       ?_invoke_watson@@YAXPBG00II@Z 00475d90 f   LIBCMTD:invarg.obj
 0002:00031dc0       __call_reportfault         00475dc0 f   LIBCMTD:invarg.obj
 0002:00031f70       __get_invalid_parameter_handler 00475f70 f   LIBCMTD:invarg.obj
 0002:00031fa0       __initp_misc_invarg        00475fa0 f   LIBCMTD:invarg.obj
 0002:00031fb0       __invalid_parameter        00475fb0 f   LIBCMTD:invarg.obj
 0002:00032020       __invoke_watson            00476020 f   LIBCMTD:invarg.obj
 0002:00032070       __set_invalid_parameter_handler 00476070 f   LIBCMTD:invarg.obj
 0002:000320c0       __fileno                   004760c0 f   LIBCMTD:fileno.obj
 0002:00032170       __close                    00476170 f   LIBCMTD:close.obj
 0002:00032440       __close_nolock             00476440 f   LIBCMTD:close.obj
 0002:00032560       ___doserrno                00476560 f   LIBCMTD:dosmap.obj
 0002:00032590       __dosmaperr                00476590 f   LIBCMTD:dosmap.obj
 0002:000325c0       __errno                    004765c0 f   LIBCMTD:dosmap.obj
 0002:000325f0       __get_doserrno             004765f0 f   LIBCMTD:dosmap.obj
 0002:000326a0       __get_errno                004766a0 f   LIBCMTD:dosmap.obj
 0002:00032750       __get_errno_from_oserr     00476750 f   LIBCMTD:dosmap.obj
 0002:000327e0       __set_doserrno             004767e0 f   LIBCMTD:dosmap.obj
 0002:00032820       __set_errno                00476820 f   LIBCMTD:dosmap.obj
 0002:00032860       __freebuf                  00476860 f   LIBCMTD:_freebuf.obj
 0002:00032910       ?_CrtDbgReportW@@YAHHPBGH00ZZ 00476910 f   LIBCMTD:dbgrptw.obj
 0002:00032970       __CrtDbgReportW            00476970 f   LIBCMTD:dbgrptw.obj
 0002:000329d0       __CrtDbgReportWV           004769d0 f i LIBCMTD:dbgrptw.obj
 0002:00032a10       __CrtSetReportHookW2       00476a10 f   LIBCMTD:dbgrptw.obj
 0002:00032e30       ___crtMessageWindowW       00476e30 f   LIBCMTD:dbgrptw.obj
 0002:00033480       __except_handler4          00477480 f   LIBCMTD:chandler4.obj
 0002:000336b0       __commit                   004776b0 f   LIBCMTD:commit.obj
 0002:00033980       __write                    00477980 f   LIBCMTD:write.obj
 0002:00033c60       __write_nolock             00477c60 f   LIBCMTD:write.obj
 0002:00034d70       __getstream                00478d70 f   LIBCMTD:stream.obj
 0002:00035030       __openfile                 00479030 f   LIBCMTD:_open.obj
 0002:00035a30       __local_unwind4            00479a30 f   LIBCMTD:exsup4.obj
 0002:00035b06       __seh_longjmp_unwind4@4    00479b06 f   LIBCMTD:exsup4.obj
 0002:00035b22       @_EH4_CallFilterFunc@8     00479b22 f   LIBCMTD:exsup4.obj
 0002:00035b39       @_EH4_TransferToHandler@8  00479b39 f   LIBCMTD:exsup4.obj
 0002:00035b52       @_EH4_GlobalUnwind2@8      00479b52 f   LIBCMTD:exsup4.obj
 0002:00035b6b       @_EH4_LocalUnwind@16       00479b6b f   LIBCMTD:exsup4.obj
 0002:00035be0       __flsbuf                   00479be0 f   LIBCMTD:_flsbuf.obj
 0002:00035f70       __ftbuf                    00479f70 f   LIBCMTD:_sftbuf.obj
 0002:00036020       __stbuf                    0047a020 f   LIBCMTD:_sftbuf.obj
 0002:000361f0       __ioinit                   0047a1f0 f   LIBCMTD:ioinit.obj
 0002:00036810       __ioterm                   0047a810 f   LIBCMTD:ioinit.obj
 0002:000368e0       ?__CxxUnhandledExceptionFilter@@YGJPAU_EXCEPTION_POINTERS@@@Z 0047a8e0 f   LIBCMTD:unhandld.obj
 0002:00036960       ___CxxSetUnhandledExceptionFilter 0047a960 f   LIBCMTD:unhandld.obj
 0002:00036980       __XcptFilter               0047a980 f   LIBCMTD:winxfltr.obj
 0002:00036c00       ___CppXcptFilter           0047ac00 f   LIBCMTD:winxfltr.obj
 0002:00036ca0       ___get_flsindex            0047aca0 f   LIBCMTD:tidtable.obj
 0002:00036cb0       ___threadhandle            0047acb0 f   LIBCMTD:tidtable.obj
 0002:00036cc0       ___threadid                0047acc0 f   LIBCMTD:tidtable.obj
 0002:00036cd0       __freefls@4                0047acd0 f   LIBCMTD:tidtable.obj
 0002:00036f50       __freeptd                  0047af50 f   LIBCMTD:tidtable.obj
 0002:00036fa0       __getptd                   0047afa0 f   LIBCMTD:tidtable.obj
 0002:00036fd0       __getptd_noexit            0047afd0 f   LIBCMTD:tidtable.obj
 0002:000370b0       __initptd                  0047b0b0 f   LIBCMTD:tidtable.obj
 0002:00037240       __mtinit                   0047b240 f   LIBCMTD:tidtable.obj
 0002:00037320       __mtterm                   0047b320 f   LIBCMTD:tidtable.obj
 0002:00037360       __get_heap_handle          0047b360 f   LIBCMTD:heapinit.obj
 0002:000373b0       __heap_init                0047b3b0 f   LIBCMTD:heapinit.obj
 0002:000373e0       __heap_term                0047b3e0 f   LIBCMTD:heapinit.obj
 0002:00037400       __set_pgmptr               0047b400 f i LIBCMTD:stdargv.obj
 0002:00037410       __setargv                  0047b410 f   LIBCMTD:stdargv.obj
 0002:00037a10       __setenvp                  0047ba10 f   LIBCMTD:stdenvp.obj
 0002:00037c10       __FF_MSGBANNER             0047bc10 f   LIBCMTD:crt0msg.obj
 0002:00037c70       __GET_RTERRMSG             0047bc70 f   LIBCMTD:crt0msg.obj
 0002:00037cc0       __NMSG_WRITE               0047bcc0 f   LIBCMTD:crt0msg.obj
 0002:00038170       ___set_app_type            0047c170 f   LIBCMTD:errmode.obj
 0002:00038180       __set_error_mode           0047c180 f   LIBCMTD:errmode.obj
 0002:00038270       ___security_init_cookie    0047c270 f   LIBCMTD:gs_support.obj
 0002:00038390       __RTC_Initialize           0047c390 f   LIBCMTD:initsect.obj
 0002:000383c0       __RTC_Terminate            0047c3c0 f   LIBCMTD:initsect.obj
 0002:000383f0       ___crtGetEnvironmentStringsA 0047c3f0 f   LIBCMTD:a_env.obj
 0002:00038530       _memcpy_s                  0047c530 f   LIBCMTD:memcpy_s.obj
 0002:00038770       _wcscat_s                  0047c770 f   LIBCMTD:wcscat_s.obj
 0002:00038c80       _wcscpy_s                  0047cc80 f   LIBCMTD:wcscpy_s.obj
 0002:00039050       _wcslen                    0047d050 f   LIBCMTD:wcslen.obj
 0002:000390a0       _wcsncat_s                 0047d0a0 f   LIBCMTD:wcsncat_s.obj
 0002:000396c0       __set_abort_behavior       0047d6c0 f   LIBCMTD:abort.obj
 0002:00039700       _abort                     0047d700 f   LIBCMTD:abort.obj
 0002:00039ce0       __i64tow_s                 0047dce0 f   LIBCMTD:xtows.obj
 0002:00039d40       __itow_s                   0047dd40 f   LIBCMTD:xtows.obj
 0002:00039db0       __ltow_s                   0047ddb0 f   LIBCMTD:xtows.obj
 0002:00039e00       __ui64tow_s                0047de00 f   LIBCMTD:xtows.obj
 0002:00039e30       __ultow_s                  0047de30 f   LIBCMTD:xtows.obj
 0002:0003a360       _setvbuf                   0047e360 f   LIBCMTD:setvbuf.obj
 0002:0003a710       __fwprintf_l               0047e710 f   LIBCMTD:fwprintf.obj
 0002:0003a740       __fwprintf_p               0047e740 f   LIBCMTD:fwprintf.obj
 0002:0003a770       __fwprintf_p_l             0047e770 f   LIBCMTD:fwprintf.obj
 0002:0003a7a0       __fwprintf_s_l             0047e7a0 f   LIBCMTD:fwprintf.obj
 0002:0003a7d0       _fwprintf                  0047e7d0 f   LIBCMTD:fwprintf.obj
 0002:0003a9f0       _fwprintf_s                0047e9f0 f   LIBCMTD:fwprintf.obj
 0002:0003aa20       __vsnwprintf_s             0047ea20 f   LIBCMTD:vswprnc.obj
 0002:0003aa50       __vsnwprintf_s_l           0047ea50 f   LIBCMTD:vswprnc.obj
 0002:0003af20       __vswprintf_c              0047ef20 f   LIBCMTD:vswprnc.obj
 0002:0003af80       __vswprintf_c_l            0047ef80 f   LIBCMTD:vswprnc.obj
 0002:0003afe0       __vswprintf_helper         0047efe0 f   LIBCMTD:vswprnc.obj
 0002:0003b2f0       __vswprintf_p              0047f2f0 f   LIBCMTD:vswprnc.obj
 0002:0003b350       __vswprintf_p_l            0047f350 f   LIBCMTD:vswprnc.obj
 0002:0003b3b0       __vswprintf_s_l            0047f3b0 f   LIBCMTD:vswprnc.obj
 0002:0003b6e0       _vswprintf_s               0047f6e0 f   LIBCMTD:vswprnc.obj
 0002:0003b710       ___fpecode                 0047f710 f   LIBCMTD:winsig.obj
 0002:0003b720       ___get_sigabrt             0047f720 f   LIBCMTD:winsig.obj
 0002:0003b740       ___pxcptinfoptrs           0047f740 f   LIBCMTD:winsig.obj
 0002:0003b750       __initp_misc_winsig        0047f750 f   LIBCMTD:winsig.obj
 0002:0003b8c0       _raise                     0047f8c0 f   LIBCMTD:winsig.obj
 0002:0003bd30       _signal                    0047fd30 f   LIBCMTD:winsig.obj
 0002:0003c1d0       ___crtMessageBoxW          004801d0 f   LIBCMTD:crtmboxw.obj
 0002:0003c5b0       ___crtMessageBoxWaitThreadW@4 004805b0 f   LIBCMTD:crtmboxw.obj
 0002:0003c600       __output_l                 00480600 f   LIBCMTD:output.obj
 0002:0003e250       _get_int64_arg             00482250 f i LIBCMTD:output.obj
 0002:0003e280       _get_int_arg               00482280 f i LIBCMTD:output.obj
 0002:0003e2a0       _get_short_arg             004822a0 f i LIBCMTD:output.obj
 0002:0003e4d0       ___addlocaleref            004824d0 f   LIBCMTD:localref.obj
 0002:0003e640       ___freetlocinfo            00482640 f   LIBCMTD:localref.obj
 0002:0003e9f0       ___removelocaleref         004829f0 f   LIBCMTD:localref.obj
 0002:0003eb60       ___updatetlocinfo          00482b60 f   LIBCMTD:localref.obj
 0002:0003ec60       __updatetlocinfoEx_nolock  00482c60 f   LIBCMTD:localref.obj
 0002:0003ed00       ___initmbctable            00482d00 f   LIBCMTD:mbctype.obj
 0002:0003f490       ___updatetmbcinfo          00483490 f   LIBCMTD:mbctype.obj
 0002:0003f5f0       __getmbcp                  004835f0 f   LIBCMTD:mbctype.obj
 0002:0003f680       __setmbcp                  00483680 f   LIBCMTD:mbctype.obj
 0002:0003f9c0       __setmbcp_nolock           004839c0 f   LIBCMTD:mbctype.obj
 0002:0003fe20       __chvalidator              00483e20 f   LIBCMTD:isctype.obj
 0002:0003fe80       __chvalidator_l            00483e80 f   LIBCMTD:isctype.obj
 0002:0003ff70       __isctype                  00483f70 f   LIBCMTD:isctype.obj
 0002:0003ffc0       __isctype_l                00483fc0 f   LIBCMTD:isctype.obj
 0002:00040170       ___iswcsym                 00484170 f i LIBCMTD:_wctype.obj
 0002:000401c0       ___iswcsymf                004841c0 f i LIBCMTD:_wctype.obj
 0002:00040210       __isleadbyte_l             00484210 f i LIBCMTD:_wctype.obj
 0002:00040270       __iswalnum_l               00484270 f i LIBCMTD:_wctype.obj
 0002:00040290       __iswalpha_l               00484290 f i LIBCMTD:_wctype.obj
 0002:000402b0       __iswblank_l               004842b0 f i LIBCMTD:_wctype.obj
 0002:000402f0       __iswcntrl_l               004842f0 f i LIBCMTD:_wctype.obj
 0002:00040310       __iswcsym_l                00484310 f i LIBCMTD:_wctype.obj
 0002:00040360       __iswcsymf_l               00484360 f i LIBCMTD:_wctype.obj
 0002:000403b0       __iswdigit_l               004843b0 f i LIBCMTD:_wctype.obj
 0002:000403d0       __iswgraph_l               004843d0 f i LIBCMTD:_wctype.obj
 0002:000403f0       __iswlower_l               004843f0 f i LIBCMTD:_wctype.obj
 0002:00040410       __iswprint_l               00484410 f i LIBCMTD:_wctype.obj
 0002:00040430       __iswpunct_l               00484430 f i LIBCMTD:_wctype.obj
 0002:00040450       __iswspace_l               00484450 f i LIBCMTD:_wctype.obj
 0002:00040470       __iswupper_l               00484470 f i LIBCMTD:_wctype.obj
 0002:00040490       __iswxdigit_l              00484490 f i LIBCMTD:_wctype.obj
 0002:000404b0       _isleadbyte                004844b0 f i LIBCMTD:_wctype.obj
 0002:000404d0       _iswalnum                  004844d0 f i LIBCMTD:_wctype.obj
 0002:000404f0       _iswalpha                  004844f0 f i LIBCMTD:_wctype.obj
 0002:00040510       _iswascii                  00484510 f i LIBCMTD:_wctype.obj
 0002:00040540       _iswblank                  00484540 f i LIBCMTD:_wctype.obj
 0002:00040580       _iswcntrl                  00484580 f i LIBCMTD:_wctype.obj
 0002:000405a0       _iswdigit                  004845a0 f i LIBCMTD:_wctype.obj
 0002:000405c0       _iswgraph                  004845c0 f i LIBCMTD:_wctype.obj
 0002:000405e0       _iswlower                  004845e0 f i LIBCMTD:_wctype.obj
 0002:00040600       _iswprint                  00484600 f i LIBCMTD:_wctype.obj
 0002:00040620       _iswpunct                  00484620 f i LIBCMTD:_wctype.obj
 0002:00040640       _iswspace                  00484640 f i LIBCMTD:_wctype.obj
 0002:00040660       _iswupper                  00484660 f i LIBCMTD:_wctype.obj
 0002:00040680       _iswxdigit                 00484680 f i LIBCMTD:_wctype.obj
 0002:00040aa0       __MallocaIsSizeInRange     00484aa0 f i LIBCMTD:a_map.obj
 0002:00040ad0       __MarkAllocaS              00484ad0 f i LIBCMTD:a_map.obj
 0002:00040b00       ___crtLCMapStringA         00484b00 f   LIBCMTD:a_map.obj
 0002:00040b70       __freea                    00484b70 f i LIBCMTD:a_map.obj
 0002:00040c00       ___init_dummy              00484c00 f   LIBCMTD:wsetloca.obj
 0002:00040c10       __locterm                  00484c10 f   LIBCMTD:wsetloca.obj
 0002:00040cd0       ____setlc_active_func      00484cd0 f   LIBCMTD:wsetloca.obj
 0002:00040ce0       ____unguarded_readlc_active_add_func 00484ce0 f   LIBCMTD:wsetloca.obj
 0002:00040cf0       ___copy_locale_name        00484cf0 f   LIBCMTD:wsetloca.obj
 0002:00040dc0       ___create_locale           00484dc0 f   LIBCMTD:wsetloca.obj
 0002:00040de0       ___free_locale             00484de0 f   LIBCMTD:wsetloca.obj
 0002:00040e00       ___get_current_locale      00484e00 f   LIBCMTD:wsetloca.obj
 0002:00040e10       ___lc_lctowcs              00484e10 f   LIBCMTD:wsetloca.obj
 0002:00040ef0       ___lc_wcstolc              00484ef0 f   LIBCMTD:wsetloca.obj
 0002:000411a0       __configthreadlocale       004851a0 f   LIBCMTD:wsetloca.obj
 0002:00041350       __create_locale            00485350 f   LIBCMTD:wsetloca.obj
 0002:000413e0       __expandlocale             004853e0 f   LIBCMTD:wsetloca.obj
 0002:00041a10       __free_locale              00485a10 f   LIBCMTD:wsetloca.obj
 0002:00041b80       __get_current_locale       00485b80 f   LIBCMTD:wsetloca.obj
 0002:00041ce0       __wcreate_locale           00485ce0 f   LIBCMTD:wsetloca.obj
 0002:00041f40       __wcscats                  00485f40 f   LIBCMTD:wsetloca.obj
 0002:00041fd0       __wsetlocale               00485fd0 f   LIBCMTD:wsetloca.obj
 0002:00043480       __global_unwind2           00487480 f   LIBCMTD:exsup.obj
 0002:000434e5       __local_unwind2            004874e5 f   LIBCMTD:exsup.obj
 0002:00043569       __abnormal_termination     00487569 f   LIBCMTD:exsup.obj
 0002:0004358c       __NLG_Notify1              0048758c f   LIBCMTD:exsup.obj
 0002:00043595       __NLG_Notify               00487595 f   LIBCMTD:exsup.obj
 0002:000435ac       __NLG_Dispatch2            004875ac     LIBCMTD:exsup.obj
 0002:000435ac       __NLG_Dispatch             004875ac     LIBCMTD:exsup.obj
 0002:000435b4       __NLG_Call                 004875b4 f   LIBCMTD:exsup.obj
 0002:000435b6       __NLG_Return2              004875b6     LIBCMTD:exsup.obj
 0002:00043610       ___ascii_strnicmp          00487610 f   LIBCMTD:_strnicm.obj
 0002:00043690       __CrtDefaultAllocHook      00487690 f   LIBCMTD:dbghook.obj
 0002:000436a0       __crt_debugger_hook        004876a0 f   LIBCMTD:dbghook.obj
 0002:00043720       ___crtCloseThreadpoolTimer 00487720 f   LIBCMTD:winapisupp.obj
 0002:00043760       ___crtCloseThreadpoolWait  00487760 f   LIBCMTD:winapisupp.obj
 0002:000437a0       ___crtCreateEventExW       004877a0 f   LIBCMTD:winapisupp.obj
 0002:00043810       ___crtCreateSemaphoreExW   00487810 f   LIBCMTD:winapisupp.obj
 0002:00043880       ___crtCreateSymbolicLinkW  00487880 f   LIBCMTD:winapisupp.obj
 0002:000438d0       ___crtCreateThreadpoolTimer 004878d0 f   LIBCMTD:winapisupp.obj
 0002:00043920       ___crtCreateThreadpoolWait 00487920 f   LIBCMTD:winapisupp.obj
 0002:00043970       ___crtFlsAlloc             00487970 f   LIBCMTD:winapisupp.obj
 0002:000439b0       ___crtFlsFree              004879b0 f   LIBCMTD:winapisupp.obj
 0002:00043a00       ___crtFlsGetValue          00487a00 f   LIBCMTD:winapisupp.obj
 0002:00043a40       ___crtFlsSetValue          00487a40 f   LIBCMTD:winapisupp.obj
 0002:00043a90       ___crtFlushProcessWriteBuffers 00487a90 f   LIBCMTD:winapisupp.obj
 0002:00043ac0       ___crtFreeLibraryWhenCallbackReturns 00487ac0 f   LIBCMTD:winapisupp.obj
 0002:00043b00       ___crtGetCurrentProcessorNumber 00487b00 f   LIBCMTD:winapisupp.obj
 0002:00043b40       ___crtGetFileInformationByHandleEx 00487b40 f   LIBCMTD:winapisupp.obj
 0002:00043b90       ___crtGetLogicalProcessorInformation 00487b90 f   LIBCMTD:winapisupp.obj
 0002:00043be0       ___crtGetShowWindowMode    00487be0 f   LIBCMTD:winapisupp.obj
 0002:00043c20       ___crtGetTickCount64       00487c20 f   LIBCMTD:winapisupp.obj
 0002:00043c60       ___crtInitializeCriticalSectionEx 00487c60 f   LIBCMTD:winapisupp.obj
 0002:00043cc0       ___crtIsPackagedApp        00487cc0 f   LIBCMTD:winapisupp.obj
 0002:00043d10       ___crtLoadWinApiPointers   00487d10 f   LIBCMTD:winapisupp.obj
 0002:000442d0       ___crtSetFileInformationByHandle 004882d0 f   LIBCMTD:winapisupp.obj
 0002:00044320       ___crtSetThreadStackGuarantee 00488320 f   LIBCMTD:winapisupp.obj
[...]
 0004:00002a70       __d_inf                    004efa70     LIBCMTD:util.obj
 0004:00002a78       __d_ind                    004efa78     LIBCMTD:util.obj
 0004:00002a80       __d_max                    004efa80     LIBCMTD:util.obj
 0004:00002a88       __d_min                    004efa88     LIBCMTD:util.obj
 0004:00002a90       __d_mzero                  004efa90     LIBCMTD:util.obj
 0004:00002ac4       __matherr_flag             004efac4     LIBCMTD:matherr.obj
 0004:00002ac8       __confh                    004efac8     LIBCMTD:initcon.obj
 0004:00002b10       __lookuptrailbytes         004efb10     LIBCMTD:read.obj
 0004:00002c50       __pow10pos                 004efc50     LIBCMTD:constpow.obj
 0004:00002db0       __pow10neg                 004efdb0     LIBCMTD:constpow.obj
 0004:00002fa0       __HUGE                     004effa0     LIBCMTD:huge.obj
 0004:00003190       ??_R0?AVbad_exception@std@@@8 004f0190     LIBCMTD:frame.obj
 0004:000031b8       ??_R0?AVexception@std@@@8  004f01b8     LIBCMTD:frame.obj
 0004:000031dc       ??_R0?AVtype_info@@@8      004f01dc     LIBCMTD:typinfo.obj
 0004:000031f8       ??_R0?AVbad_cast@std@@@8   004f01f8     LIBCMTD:stdexcpt.obj
 0004:00003218       ??_R0?AVbad_typeid@std@@@8 004f0218     LIBCMTD:stdexcpt.obj
 0004:0000323c       ??_R0?AV__non_rtti_object@std@@@8 004f023c     LIBCMTD:stdexcpt.obj
 0004:00003268       ??_R0?AVDNameNode@@@8      004f0268     LIBCMTD:undname.obj
 0004:00003284       ??_R0?AVcharNode@@@8       004f0284     LIBCMTD:undname.obj
 0004:000032a0       ??_R0?AVpcharNode@@@8      004f02a0     LIBCMTD:undname.obj
 0004:000032bc       ??_R0?AVpDNameNode@@@8     004f02bc     LIBCMTD:undname.obj
 0004:000032dc       ??_R0?AVDNameStatusNode@@@8 004f02dc     LIBCMTD:undname.obj
 0004:00003300       ??_R0?AVpairNode@@@8       004f0300     LIBCMTD:undname.obj
 0004:0000389c       __cflush                   004f089c     LIBCMTD:_file.obj
 0004:000038a0       __aenvptr                  004f08a0     LIBCMTD:crt0.obj
 0004:000038a4       __wenvptr                  004f08a4     LIBCMTD:crt0.obj
 0004:00003c70       ___fastflag                004f0c70     LIBCMTD:fpinit.obj
 0004:00003c78       ___isa_available           004f0c78     LIBCMTD:cpu_disp.obj
 0004:00003c7c       ___favor                   004f0c7c     LIBCMTD:cpu_disp.obj
 0004:00003e38       ___crtDebugCheckCount      004f0e38     LIBCMTD:dbgheap.obj
 0004:00003e40       ?_pfnDumpClient@@3P6AXPAXI@ZA 004f0e40     LIBCMTD:dbgheap.obj
 0004:00003e64       __umaskval                 004f0e64     LIBCMTD:crt0dat.obj
 0004:00003e68       __exitflag                 004f0e68     LIBCMTD:crt0dat.obj
 0004:00003e6c       __C_Termination_Done       004f0e6c     LIBCMTD:crt0dat.obj
 0004:00003e70       ___winitenv                004f0e70     LIBCMTD:crt0dat.obj
 0004:00003e74       ___initenv                 004f0e74     LIBCMTD:crt0dat.obj
 0004:00003e78       ___argc                    004f0e78     LIBCMTD:crt0dat.obj
 0004:00003e7c       ___argv                    004f0e7c     LIBCMTD:crt0dat.obj
 0004:00003e80       ___wargv                   004f0e80     LIBCMTD:crt0dat.obj
 0004:00003e84       __environ                  004f0e84     LIBCMTD:crt0dat.obj
 0004:00003e88       __wenviron                 004f0e88     LIBCMTD:crt0dat.obj
 0004:00003e8c       __pgmptr                   004f0e8c     LIBCMTD:crt0dat.obj
 0004:00003e90       __wpgmptr                  004f0e90     LIBCMTD:crt0dat.obj
 0004:00003e94       __C_Exit_Done              004f0e94     LIBCMTD:crt0dat.obj
 0004:00003ea4       ___pInvalidArgHandler      004f0ea4     LIBCMTD:invarg.obj
 0004:00003ea8       __stdbuf                   004f0ea8     LIBCMTD:_sftbuf.obj
 0004:00003eb8       ___pioinfo                 004f0eb8     LIBCMTD:ioinit.obj
 0004:00003fec       __crtheap                  004f0fec     LIBCMTD:heapinit.obj
 0004:00004130       ___app_type                004f1130     LIBCMTD:crt0msg.obj
 0004:0000489c       ___error_mode              004f189c     LIBCMTD:errmode.obj
 0004:000048d0       ___mbcodepage              004f18d0     LIBCMTD:mbctype.obj
 0004:000048d4       ___ismbcodepage            004f18d4     LIBCMTD:mbctype.obj
 0004:000048d8       ___mbulinfo                004f18d8     LIBCMTD:mbctype.obj
 0004:000048e4       ___mblocalename            004f18e4     LIBCMTD:mbctype.obj
 0004:000048f4       ___locale_changed          004f18f4     LIBCMTD:wsetloca.obj
 0004:000048f8       __newmode                  004f18f8     LIBCMTD:_newmode.obj
 0004:000048fc       ?_pnhHeap@@3P6AHI@ZA       004f18fc     LIBCMTD:handler.obj
 0004:00004900       ?__pInconsistency@@3P6AXXZA 004f1900     LIBCMTD:hooks.obj
 0004:00004904       ___pPurecall               004f1904     LIBCMTD:inithelp.obj
 0004:0000490c       __commode                  004f190c     LIBCMTD:ncommode.obj
 0004:00004910       ___lconv_static_null       004f1910     LIBCMTD:lconv.obj
 0004:00004914       ___lconv_static_W_null     004f1914     LIBCMTD:lconv.obj
 0004:0000491c       __outputformat             004f191c     LIBCMTD:outputformat.obj
 0004:00004920       ?g_OutOfMemoryExceptionCallback@@3P6GPAXXZA 004f1920     LIBCMTD:frame.obj
 0004:00004924       __fmode                    004f1924     LIBCMTD:txtmode.obj
 0004:00004934       ?pArgList@UnDecorator@@0PAVReplicator@@A 004f1934     LIBCMTD:undname.obj
 0004:00004938       ?pZNameList@UnDecorator@@0PAVReplicator@@A 004f1938     LIBCMTD:undname.obj
 0004:0000493c       ?pTemplateArgList@UnDecorator@@0PAVReplicator@@A 004f193c     LIBCMTD:undname.obj
 0004:00004940       ?gName@UnDecorator@@0PBDB  004f1940     LIBCMTD:undname.obj
 0004:00004944       ?name@UnDecorator@@0PBDB   004f1944     LIBCMTD:undname.obj
 0004:00004948       ?outputString@UnDecorator@@0PADA 004f1948     LIBCMTD:undname.obj
 0004:0000494c       ?maxStringLength@UnDecorator@@0HA 004f194c     LIBCMTD:undname.obj
 0004:00004950       ?disableFlags@UnDecorator@@0KA 004f1950     LIBCMTD:undname.obj
 0004:00004954       ?fExplicitTemplateParams@UnDecorator@@0_NA 004f1954     LIBCMTD:undname.obj
 0004:00004955       ?fGetTemplateArgumentList@UnDecorator@@0_NA 004f1955     LIBCMTD:undname.obj
 0004:00004958       ?m_pGetParameter@UnDecorator@@0P6APADJ@ZA 004f1958     LIBCMTD:undname.obj
 0004:000049e0       ?nodes@?1??make@DNameStatusNode@@SAPAV2@W4DNameStatus@@@Z@4PAV2@A 004f19e0     LIBCMTD:undname.obj
 0004:00004a1c       ??_B?1??make@DNameStatusNode@@SAPAV1@W4DNameStatus@@@Z@51 004f1a1c     LIBCMTD:undname.obj
 0004:00004a20       _PJ_NO_MEMORY_EXCEPTION    004f1a20     <common>
 0004:00004a2c       __pReportHookListW         004f1a2c     <common>
 0004:00004a3c       __pReportHookList          004f1a3c     <common>
 0004:00004a40       __pfnReportHook            004f1a40     <common>
 0004:00004a60       _encodedKERNEL32Functions  004f1a60     <common>
 0004:00004b08       __debugger_hook_dummy      004f1b08     <common>
 0004:00004b14       ___unguarded_readlc_active 004f1b14     <common>
 0004:00004b24       ___setlc_active            004f1b24     <common>
 0004:00004b28       __nhandle                  004f1b28     <common>
 0004:00004b34       ___dyn_tls_init_callback   004f1b34     <common>
 0004:00004b44       ___onexitend               004f1b44     <common>
 0004:00004b48       ___onexitbegin             004f1b48     <common>
 0004:00004b4c       ___mbctype_initialized     004f1b4c     <common>
 0004:00004b50       ___env_initialized         004f1b50     <common>
 0004:00004b54       __setjmpexused             004f1b54     <common>
 0004:00004b60       __acmdln                   004f1b60     <common>
 0004:00004b80       __bufin                    004f1b80     <common>
 0004:00005ebc       ___piob                    004f2ebc     <common>
 0004:00005ec0       __nstream                  004f2ec0     <common>
 0005:00000000       __imp__SystemTimeToFileTime@8 004f3000     kernel32:KERNEL32.dll
 0005:00000004       __imp__ReadConsoleW@20     004f3004     kernel32:KERNEL32.dll
 0005:00000008       __imp__ReadFile@20         004f3008     kernel32:KERNEL32.dll
 0005:0000000c       __imp__SetEndOfFile@4      004f300c     kernel32:KERNEL32.dll
 0005:00000010       __imp__CreateFileW@28      004f3010     kernel32:KERNEL32.dll
 0005:00000014       __imp__EnumSystemLocalesW@8 004f3014     kernel32:KERNEL32.dll
 0005:00000018       __imp__GetUserDefaultLCID@0 004f3018     kernel32:KERNEL32.dll
 0005:0000001c       __imp__IsValidLocale@8     004f301c     kernel32:KERNEL32.dll
 0005:00000020       __imp__GetLocaleInfoW@16   004f3020     kernel32:KERNEL32.dll
 0005:00000024       __imp__LCMapStringW@24     004f3024     kernel32:KERNEL32.dll
 0005:00000028       __imp__CompareStringW@24   004f3028     kernel32:KERNEL32.dll
 0005:0000002c       __imp__GetTimeFormatW@24   004f302c     kernel32:KERNEL32.dll
 0005:00000030       __imp__GetDateFormatW@24   004f3030     kernel32:KERNEL32.dll
 0005:00000034       __imp__GetStringTypeW@16   004f3034     kernel32:KERNEL32.dll
 0005:00000038       __imp__SetFilePointerEx@20 004f3038     kernel32:KERNEL32.dll
 0005:0000003c       __imp__OutputDebugStringA@4 004f303c     kernel32:KERNEL32.dll
 0005:00000040       __imp__SetStdHandle@8      004f3040     kernel32:KERNEL32.dll
 0005:00000044       __imp__HeapAlloc@12        004f3044     kernel32:KERNEL32.dll
 0005:00000048       __imp__HeapQueryInformation@20 004f3048     kernel32:KERNEL32.dll
 0005:0000004c       __imp__HeapSize@12         004f304c     kernel32:KERNEL32.dll
 0005:00000050       __imp__HeapReAlloc@16      004f3050     kernel32:KERNEL32.dll
 0005:00000054       __imp__HeapFree@12         004f3054     kernel32:KERNEL32.dll
 0005:00000058       __imp__RaiseException@16   004f3058     kernel32:KERNEL32.dll
 0005:0000005c       __imp__CreateSemaphoreW@16 004f305c     kernel32:KERNEL32.dll
 0005:00000060       __imp__GetModuleHandleW@4  004f3060     kernel32:KERNEL32.dll
 0005:00000064       __imp__GetTickCount@0      004f3064     kernel32:KERNEL32.dll
 0005:00000068       __imp__TerminateProcess@8  004f3068     kernel32:KERNEL32.dll
 0005:0000006c       __imp__GetCurrentProcess@0 004f306c     kernel32:KERNEL32.dll
 0005:00000070       __imp__CreateEventW@16     004f3070     kernel32:KERNEL32.dll
 0005:00000074       __imp__InitializeCriticalSectionAndSpinCount@8 004f3074     kernel32:KERNEL32.dll
 0005:00000078       __imp__SetUnhandledExceptionFilter@4 004f3078     kernel32:KERNEL32.dll
 0005:0000007c       __imp__UnhandledExceptionFilter@4 004f307c     kernel32:KERNEL32.dll
 0005:00000080       __imp__GetCPInfo@8         004f3080     kernel32:KERNEL32.dll
 0005:00000084       __imp__GetOEMCP@0          004f3084     kernel32:KERNEL32.dll
 0005:00000088       __imp__GetACP@0            004f3088     kernel32:KERNEL32.dll
 0005:0000008c       __imp__IsValidCodePage@4   004f308c     kernel32:KERNEL32.dll
 0005:00000090       __imp__GetStdHandle@4      004f3090     kernel32:KERNEL32.dll
 0005:00000094       __imp__CloseHandle@4       004f3094     kernel32:KERNEL32.dll
 0005:00000098       __imp__GetLastError@0      004f3098     kernel32:KERNEL32.dll
 0005:0000009c       __imp__InitializeCriticalSection@4 004f309c     kernel32:KERNEL32.dll
 0005:000000a0       __imp__EnterCriticalSection@4 004f30a0     kernel32:KERNEL32.dll
 0005:000000a4       __imp__LeaveCriticalSection@4 004f30a4     kernel32:KERNEL32.dll
 0005:000000a8       __imp__TryEnterCriticalSection@4 004f30a8     kernel32:KERNEL32.dll
 0005:000000ac       __imp__DeleteCriticalSection@4 004f30ac     kernel32:KERNEL32.dll
 0005:000000b0       __imp__SetEvent@4          004f30b0     kernel32:KERNEL32.dll
 0005:000000b4       __imp__ResetEvent@4        004f30b4     kernel32:KERNEL32.dll
 0005:000000b8       __imp__ReleaseSemaphore@12 004f30b8     kernel32:KERNEL32.dll
 0005:000000bc       __imp__WaitForSingleObject@8 004f30bc     kernel32:KERNEL32.dll
 0005:000000c0       __imp__CreateEventA@16     004f30c0     kernel32:KERNEL32.dll
 0005:000000c4       __imp__Sleep@4             004f30c4     kernel32:KERNEL32.dll
 0005:000000c8       __imp__GetCurrentProcessId@0 004f30c8     kernel32:KERNEL32.dll
 0005:000000cc       __imp__CreateThread@24     004f30cc     kernel32:KERNEL32.dll
 0005:000000d0       __imp__GetCurrentThread@0  004f30d0     kernel32:KERNEL32.dll
 0005:000000d4       __imp__GetCurrentThreadId@0 004f30d4     kernel32:KERNEL32.dll
 0005:000000d8       __imp__SetThreadPriority@8 004f30d8     kernel32:KERNEL32.dll
 0005:000000dc       __imp__GetThreadPriority@4 004f30dc     kernel32:KERNEL32.dll
 0005:000000e0       __imp__ResumeThread@4      004f30e0     kernel32:KERNEL32.dll
 0005:000000e4       __imp__TlsAlloc@0          004f30e4     kernel32:KERNEL32.dll
 0005:000000e8       __imp__TlsGetValue@4       004f30e8     kernel32:KERNEL32.dll
 0005:000000ec       __imp__TlsSetValue@8       004f30ec     kernel32:KERNEL32.dll
 0005:000000f0       __imp__TlsFree@4           004f30f0     kernel32:KERNEL32.dll
 0005:000000f4       __imp__PulseEvent@4        004f30f4     kernel32:KERNEL32.dll
 0005:000000f8       __imp__CreateSemaphoreA@16 004f30f8     kernel32:KERNEL32.dll
 0005:000000fc       __imp__GetConsoleScreenBufferInfo@8 004f30fc     kernel32:KERNEL32.dll
 0005:00000100       __imp__SetConsoleTextAttribute@8 004f3100     kernel32:KERNEL32.dll
 0005:00000104       __imp__QueryPerformanceCounter@4 004f3104     kernel32:KERNEL32.dll
 0005:00000108       __imp__QueryPerformanceFrequency@4 004f3108     kernel32:KERNEL32.dll
 0005:0000010c       __imp__SetLastError@4      004f310c     kernel32:KERNEL32.dll
 0005:00000110       __imp__FormatMessageA@28   004f3110     kernel32:KERNEL32.dll
 0005:00000114       __imp__GetLocalTime@4      004f3114     kernel32:KERNEL32.dll
 0005:00000118       __imp__FileTimeToSystemTime@8 004f3118     kernel32:KERNEL32.dll
 0005:0000011c       __imp__FreeLibrary@4       004f311c     kernel32:KERNEL32.dll
 0005:00000120       __imp__GetProcAddress@8    004f3120     kernel32:KERNEL32.dll
 0005:00000124       __imp__LoadLibraryA@4      004f3124     kernel32:KERNEL32.dll
 0005:00000128       __imp__GetCommandLineA@0   004f3128     kernel32:KERNEL32.dll
 0005:0000012c       __imp__GetFileType@4       004f312c     kernel32:KERNEL32.dll
 0005:00000130       __imp__GetModuleFileNameW@12 004f3130     kernel32:KERNEL32.dll
 0005:00000134       __imp__GetModuleHandleExW@12 004f3134     kernel32:KERNEL32.dll
 0005:00000138       __imp__WriteConsoleW@20    004f3138     kernel32:KERNEL32.dll
 0005:0000013c       __imp__IsDebuggerPresent@0 004f313c     kernel32:KERNEL32.dll
 0005:00000140       __imp__IsProcessorFeaturePresent@4 004f3140     kernel32:KERNEL32.dll
 0005:00000144       __imp__RtlUnwind@16        004f3144     kernel32:KERNEL32.dll
 0005:00000148       __imp__FatalAppExitA@8     004f3148     kernel32:KERNEL32.dll
 0005:0000014c       __imp__HeapValidate@12     004f314c     kernel32:KERNEL32.dll
 0005:00000150       __imp__GetSystemInfo@4     004f3150     kernel32:KERNEL32.dll
 0005:00000154       __imp__EncodePointer@4     004f3154     kernel32:KERNEL32.dll
 0005:00000158       __imp__DecodePointer@4     004f3158     kernel32:KERNEL32.dll
 0005:0000015c       __imp__ExitProcess@4       004f315c     kernel32:KERNEL32.dll
 0005:00000160       __imp__AreFileApisANSI@0   004f3160     kernel32:KERNEL32.dll
 0005:00000164       __imp__MultiByteToWideChar@24 004f3164     kernel32:KERNEL32.dll
 0005:00000168       __imp__WideCharToMultiByte@32 004f3168     kernel32:KERNEL32.dll
 0005:0000016c       __imp__FlushFileBuffers@4  004f316c     kernel32:KERNEL32.dll
 0005:00000170       __imp__WriteFile@20        004f3170     kernel32:KERNEL32.dll
 0005:00000174       __imp__GetConsoleCP@0      004f3174     kernel32:KERNEL32.dll
 0005:00000178       __imp__GetConsoleMode@8    004f3178     kernel32:KERNEL32.dll
 0005:0000017c       __imp__GetStartupInfoW@4   004f317c     kernel32:KERNEL32.dll
 0005:00000180       __imp__GetProcessHeap@0    004f3180     kernel32:KERNEL32.dll
 0005:00000184       __imp__GetModuleFileNameA@12 004f3184     kernel32:KERNEL32.dll
 0005:00000188       __imp__GetSystemTimeAsFileTime@4 004f3188     kernel32:KERNEL32.dll
 0005:0000018c       __imp__GetEnvironmentStringsW@0 004f318c     kernel32:KERNEL32.dll
 0005:00000190       __imp__FreeEnvironmentStringsW@4 004f3190     kernel32:KERNEL32.dll
 0005:00000194       __imp__SetConsoleCtrlHandler@8 004f3194     kernel32:KERNEL32.dll
 0005:00000198       __imp__OutputDebugStringW@4 004f3198     kernel32:KERNEL32.dll
 0005:0000019c       __imp__WaitForSingleObjectEx@12 004f319c     kernel32:KERNEL32.dll
 0005:000001a0       __imp__LoadLibraryExW@12   004f31a0     kernel32:KERNEL32.dll
 0005:000001a4       \177KERNEL32_NULL_THUNK_DATA 004f31a4     kernel32:KERNEL32.dll
 0005:00000224       __imp__gethostbyname@4     004f3224     ws2_32:WS2_32.dll
 0005:00000228       __imp__WSASetLastError@4   004f3228     ws2_32:WS2_32.dll
 0005:0000022c       __imp__select@20           004f322c     ws2_32:WS2_32.dll
 0005:00000230       __imp____WSAFDIsSet@8      004f3230     ws2_32:WS2_32.dll
 0005:00000234       __imp__WSAStringToAddressA@20 004f3234     ws2_32:WS2_32.dll
 0005:00000238       __imp__WSAAddressToStringA@20 004f3238     ws2_32:WS2_32.dll
 0005:0000023c       __imp__WSASocketA@24       004f323c     ws2_32:WS2_32.dll
 0005:00000240       __imp__WSAIoctl@36         004f3240     ws2_32:WS2_32.dll
 0005:00000244       __imp__gethostname@8       004f3244     ws2_32:WS2_32.dll
 0005:00000248       __imp__shutdown@8          004f3248     ws2_32:WS2_32.dll
 0005:0000024c       __imp__setsockopt@20       004f324c     ws2_32:WS2_32.dll
 0005:00000250       __imp__sendto@24           004f3250     ws2_32:WS2_32.dll
 0005:00000254       __imp__send@16             004f3254     ws2_32:WS2_32.dll
 0005:00000258       __imp__recvfrom@24         004f3258     ws2_32:WS2_32.dll
 0005:0000025c       __imp__recv@16             004f325c     ws2_32:WS2_32.dll
 0005:00000260       __imp__ntohs@4             004f3260     ws2_32:WS2_32.dll
 0005:00000264       __imp__ntohl@4             004f3264     ws2_32:WS2_32.dll
 0005:00000268       __imp__listen@8            004f3268     ws2_32:WS2_32.dll
 0005:0000026c       __imp__inet_ntoa@4         004f326c     ws2_32:WS2_32.dll
 0005:00000270       __imp__inet_addr@4         004f3270     ws2_32:WS2_32.dll
 0005:00000274       __imp__htons@4             004f3274     ws2_32:WS2_32.dll
 0005:00000278       __imp__htonl@4             004f3278     ws2_32:WS2_32.dll
 0005:0000027c       __imp__getsockopt@20       004f327c     ws2_32:WS2_32.dll
 0005:00000280       __imp__getsockname@12      004f3280     ws2_32:WS2_32.dll
 0005:00000284       __imp__getpeername@12      004f3284     ws2_32:WS2_32.dll
 0005:00000288       __imp__connect@12          004f3288     ws2_32:WS2_32.dll
 0005:0000028c       __imp__closesocket@4       004f328c     ws2_32:WS2_32.dll
 0005:00000290       __imp__bind@12             004f3290     ws2_32:WS2_32.dll
 0005:00000294       __imp__accept@12           004f3294     ws2_32:WS2_32.dll
 0005:00000298       __imp__ioctlsocket@12      004f3298     ws2_32:WS2_32.dll
 0005:0000029c       __imp__WSAGetLastError@0   004f329c     ws2_32:WS2_32.dll
 0005:000002a0       __imp__WSACleanup@0        004f32a0     ws2_32:WS2_32.dll
 0005:000002a4       __imp__WSAStartup@8        004f32a4     ws2_32:WS2_32.dll
 0005:000002a8       \177WS2_32_NULL_THUNK_DATA 004f32a8     ws2_32:WS2_32.dll
 0005:000002ec       __imp__CoCreateGuid@4      004f32ec     ole32:ole32.dll
 0005:000002f0       \177ole32_NULL_THUNK_DATA  004f32f0     ole32:ole32.dll
 0005:0000031c       __IMPORT_DESCRIPTOR_ole32  004f331c     ole32:ole32.dll
 0005:00000330       __IMPORT_DESCRIPTOR_WS2_32 004f3330     ws2_32:WS2_32.dll
 0005:00000344       __IMPORT_DESCRIPTOR_KERNEL32 004f3344     kernel32:KERNEL32.dll
 0005:00000358       __NULL_IMPORT_DESCRIPTOR   004f3358     ole32:ole32.dll
