 strerror

 Timestamp is 62d7b9ec (Wed Jul 20 16:16:44 2022)

 Preferred load address is 00400000

 Start         Length     Name                   Class
 0001:00000000 00077fd9H .textbss                DATA
 0002:00000000 000f62f0H .text$mn                CODE
 0002:000f62f0 00001161H .text$x                 CODE
 0003:00000000 00000104H .CRT$XCA                DATA
 0003:00000104 00000104H .CRT$XCZ                DATA
 0003:00000208 00000104H .CRT$XIA                DATA
 0003:0000030c 00000118H .CRT$XIC                DATA
 0003:00000424 00000104H .CRT$XIY                DATA
 0003:00000528 00000104H .CRT$XIZ                DATA
 0003:0000062c 00000104H .CRT$XPA                DATA
 0003:00000730 00000109H .CRT$XPX                DATA
 0003:0000083c 00000104H .CRT$XPXA               DATA
 0003:00000940 00000104H .CRT$XPZ                DATA
 0003:00000a44 00000104H .CRT$XTA                DATA
 0003:00000b48 00000104H .CRT$XTZ                DATA
 0003:00000c50 0002f6f2H .rdata                  DATA
 0003:00030344 000001a8H .rdata$debug            DATA
 0003:000304ec 00000563H .rdata$r                DATA
 0003:00030a50 00000104H .rtc$IAA                DATA
 0003:00030b54 00000104H .rtc$IZZ                DATA
 0003:00030c58 00000104H .rtc$TAA                DATA
 0003:00030d5c 00000104H .rtc$TZZ                DATA
 0003:00030e60 00000e4eH .xdata$x                DATA
 0003:00031cae 00000000H .edata                  DATA
 0004:00000000 00004fd9H .data                   DATA
 0004:00004fdc 00000293H .data$r                 DATA
 0004:00005280 00007a7cH .bss                    DATA
 0005:00000000 000003b8H .idata$5                DATA
 0005:000003b8 00000050H .idata$2                DATA
 0005:00000408 00000014H .idata$3                DATA
 0005:0000041c 000003b8H .idata$4                DATA
 0005:000007d4 00000c04H .idata$6                DATA

  Address         Publics by Value              Rva+Base       Lib:Object

 0000:00000000       __except_list              00000000     <absolute>
 0000:00000000       ___safe_se_handler_table   00000000     <absolute>
 0000:00000000       ___guard_fids_count        00000000     <absolute>
 0000:00000000       ___guard_fids_table        00000000     <absolute>
 0000:00000000       ___safe_se_handler_count   00000000     <absolute>
 0000:00000000       ___guard_flags             00000000     <absolute>
 0000:00000000       ___ImageBase               00400000     <linker-defined>
 0001:00000000       __enc$textbss$begin        00401000     <linker-defined>
 0001:00077fd9       __enc$textbss$end          00478fd9     <linker-defined>
 0002:00005b80       _main                      0047eb80 f   strerror.obj
 0002:00007f80       _pjsip_evsub_accept        00480f80 f   pjsip-simple-i386-win32-vc8-debug:evsub.obj
 0002:000082a0       _pjsip_evsub_add_header    004812a0 f   pjsip-simple-i386-win32-vc8-debug:evsub.obj
 0002:00008360       _pjsip_evsub_add_ref       00481360 f   pjsip-simple-i386-win32-vc8-debug:evsub.obj
 0002:00008390       _pjsip_evsub_create_uac    00481390 f   pjsip-simple-i386-win32-vc8-debug:evsub.obj
 0002:00008540       _pjsip_evsub_create_uas    00481540 f   pjsip-simple-i386-win32-vc8-debug:evsub.obj
 0002:00008980       _pjsip_evsub_current_notify 00481980 f   pjsip-simple-i386-win32-vc8-debug:evsub.obj
 0002:000089c0       _pjsip_evsub_dec_ref       004819c0 f   pjsip-simple-i386-win32-vc8-debug:evsub.obj
 0002:000089f0       _pjsip_evsub_get_allow_events_hdr 004819f0 f   pjsip-simple-i386-win32-vc8-debug:evsub.obj
 0002:00008a30       _pjsip_evsub_get_mod_data  00481a30 f   pjsip-simple-i386-win32-vc8-debug:evsub.obj
 0002:00008a90       _pjsip_evsub_get_state     00481a90 f   pjsip-simple-i386-win32-vc8-debug:evsub.obj
 0002:00008ab0       _pjsip_evsub_get_state_name 00481ab0 f   pjsip-simple-i386-win32-vc8-debug:evsub.obj
 0002:00008ad0       _pjsip_evsub_get_termination_reason 00481ad0 f   pjsip-simple-i386-win32-vc8-debug:evsub.obj
 0002:00008af0       _pjsip_evsub_init_module   00481af0 f   pjsip-simple-i386-win32-vc8-debug:evsub.obj
 0002:00008d00       _pjsip_evsub_initiate      00481d00 f   pjsip-simple-i386-win32-vc8-debug:evsub.obj
 0002:00008fb0       _pjsip_evsub_instance      00481fb0 f   pjsip-simple-i386-win32-vc8-debug:evsub.obj
 0002:00009010       _pjsip_evsub_notify        00482010 f   pjsip-simple-i386-win32-vc8-debug:evsub.obj
 0002:00009220       _pjsip_evsub_register_pkg  00482220 f   pjsip-simple-i386-win32-vc8-debug:evsub.obj
 0002:00009520       _pjsip_evsub_send_request  00482520 f   pjsip-simple-i386-win32-vc8-debug:evsub.obj
 0002:000096b0       _pjsip_evsub_set_mod_data  004826b0 f   pjsip-simple-i386-win32-vc8-debug:evsub.obj
 0002:00009710       _pjsip_evsub_terminate     00482710 f   pjsip-simple-i386-win32-vc8-debug:evsub.obj
 0002:000097b0       _pjsip_evsub_uas_set_timeout 004827b0 f   pjsip-simple-i386-win32-vc8-debug:evsub.obj
 0002:000097e0       _pjsip_get_notify_method   004827e0 f   pjsip-simple-i386-win32-vc8-debug:evsub.obj
 0002:00009800       _pjsip_get_subscribe_method 00482800 f   pjsip-simple-i386-win32-vc8-debug:evsub.obj
 0002:00009850       _pjsip_tsx_get_evsub       00482850 f   pjsip-simple-i386-win32-vc8-debug:evsub.obj
 0002:0000a960       _pjsip_allow_events_hdr_create 00483960 f   pjsip-simple-i386-win32-vc8-debug:evsub_msg.obj
 0002:0000a9d0       _pjsip_event_hdr_create    004839d0 f   pjsip-simple-i386-win32-vc8-debug:evsub_msg.obj
 0002:0000aa70       _pjsip_evsub_init_parser   00483a70 f   pjsip-simple-i386-win32-vc8-debug:evsub_msg.obj
 0002:0000aac0       _pjsip_sub_state_hdr_create 00483ac0 f   pjsip-simple-i386-win32-vc8-debug:evsub_msg.obj
 0002:0000ab80       _pjsipsimple_strerror      00483b80 f   pjsip-simple-i386-win32-vc8-debug:errno.obj
 0002:0000b2d0       _pjsip_endpt_acquire_transport 004842d0 f   pjsip-core-i386-win32-vc8-debug:sip_endpoint.obj
 0002:0000b310       _pjsip_endpt_acquire_transport2 00484310 f   pjsip-core-i386-win32-vc8-debug:sip_endpoint.obj
 0002:0000b360       _pjsip_endpt_add_capability 00484360 f   pjsip-core-i386-win32-vc8-debug:sip_endpoint.obj
 0002:0000b5a0       _pjsip_endpt_atexit        004845a0 f   pjsip-core-i386-win32-vc8-debug:sip_endpoint.obj
 0002:0000b670       _pjsip_endpt_cancel_timer  00484670 f   pjsip-core-i386-win32-vc8-debug:sip_endpoint.obj
 0002:0000b6b0       _pjsip_endpt_create        004846b0 f   pjsip-core-i386-win32-vc8-debug:sip_endpoint.obj
 0002:0000bb90       _pjsip_endpt_create_pool   00484b90 f   pjsip-core-i386-win32-vc8-debug:sip_endpoint.obj
 0002:0000bc10       _pjsip_endpt_create_resolver 00484c10 f   pjsip-core-i386-win32-vc8-debug:sip_endpoint.obj
 0002:0000bca0       _pjsip_endpt_create_tdata  00484ca0 f   pjsip-core-i386-win32-vc8-debug:sip_endpoint.obj
 0002:0000bcd0       _pjsip_endpt_destroy       00484cd0 f   pjsip-core-i386-win32-vc8-debug:sip_endpoint.obj
 0002:0000be90       _pjsip_endpt_dump          00484e90 f   pjsip-core-i386-win32-vc8-debug:sip_endpoint.obj
 0002:0000c010       _pjsip_endpt_get_capability 00485010 f   pjsip-core-i386-win32-vc8-debug:sip_endpoint.obj
 0002:0000c100       _pjsip_endpt_get_ioqueue   00485100 f   pjsip-core-i386-win32-vc8-debug:sip_endpoint.obj
 0002:0000c120       _pjsip_endpt_get_request_headers 00485120 f   pjsip-core-i386-win32-vc8-debug:sip_endpoint.obj
 0002:0000c140       _pjsip_endpt_get_resolver  00485140 f   pjsip-core-i386-win32-vc8-debug:sip_endpoint.obj
 0002:0000c1b0       _pjsip_endpt_get_timer_heap 004851b0 f   pjsip-core-i386-win32-vc8-debug:sip_endpoint.obj
 0002:0000c1d0       _pjsip_endpt_get_tpmgr     004851d0 f   pjsip-core-i386-win32-vc8-debug:sip_endpoint.obj
 0002:0000c1f0       _pjsip_endpt_handle_events 004851f0 f   pjsip-core-i386-win32-vc8-debug:sip_endpoint.obj
 0002:0000c220       _pjsip_endpt_handle_events2 00485220 f   pjsip-core-i386-win32-vc8-debug:sip_endpoint.obj
 0002:0000c410       _pjsip_endpt_has_capability 00485410 f   pjsip-core-i386-win32-vc8-debug:sip_endpoint.obj
 0002:0000c4e0       _pjsip_endpt_log_error     004854e0 f   pjsip-core-i386-win32-vc8-debug:sip_endpoint.obj
 0002:0000c6b0       _pjsip_endpt_name          004856b0 f   pjsip-core-i386-win32-vc8-debug:sip_endpoint.obj
 0002:0000c6d0       _pjsip_endpt_process_rx_data 004856d0 f   pjsip-core-i386-win32-vc8-debug:sip_endpoint.obj
 0002:0000c9a0       _pjsip_endpt_register_module 004859a0 f   pjsip-core-i386-win32-vc8-debug:sip_endpoint.obj
 0002:0000cc60       _pjsip_endpt_release_pool  00485c60 f   pjsip-core-i386-win32-vc8-debug:sip_endpoint.obj
 0002:0000cc90       _pjsip_endpt_resolve       00485c90 f   pjsip-core-i386-win32-vc8-debug:sip_endpoint.obj
 0002:0000ccd0       _pjsip_endpt_schedule_timer 00485cd0 f   pjsip-core-i386-win32-vc8-debug:sip_endpoint.obj
 0002:0000cd10       _pjsip_endpt_set_ext_resolver 00485d10 f   pjsip-core-i386-win32-vc8-debug:sip_endpoint.obj
 0002:0000cd40       _pjsip_endpt_set_resolver  00485d40 f   pjsip-core-i386-win32-vc8-debug:sip_endpoint.obj
 0002:0000cd70       _pjsip_endpt_unregister_module 00485d70 f   pjsip-core-i386-win32-vc8-debug:sip_endpoint.obj
 0002:0000cf70       _pjsip_process_rdata_param_default 00485f70 f   pjsip-core-i386-win32-vc8-debug:sip_endpoint.obj
 0002:000100a0       _pjsip_accept_hdr_create   004890a0 f   pjsip-core-i386-win32-vc8-debug:sip_msg.obj
 0002:000100f0       _pjsip_accept_hdr_init     004890f0 f   pjsip-core-i386-win32-vc8-debug:sip_msg.obj
 0002:00010140       _pjsip_allow_hdr_create    00489140 f   pjsip-core-i386-win32-vc8-debug:sip_msg.obj
 0002:00010190       _pjsip_allow_hdr_init      00489190 f   pjsip-core-i386-win32-vc8-debug:sip_msg.obj
 0002:00010200       _pjsip_cid_hdr_create      00489200 f   pjsip-core-i386-win32-vc8-debug:sip_msg.obj
 0002:00010240       _pjsip_cid_hdr_init        00489240 f   pjsip-core-i386-win32-vc8-debug:sip_msg.obj
 0002:00010280       _pjsip_clen_hdr_create     00489280 f   pjsip-core-i386-win32-vc8-debug:sip_msg.obj
 0002:000102c0       _pjsip_clen_hdr_init       004892c0 f   pjsip-core-i386-win32-vc8-debug:sip_msg.obj
 0002:00010310       _pjsip_clone_text_data     00489310 f   pjsip-core-i386-win32-vc8-debug:sip_msg.obj
 0002:00010370       _pjsip_contact_hdr_create  00489370 f   pjsip-core-i386-win32-vc8-debug:sip_msg.obj
 0002:000103b0       _pjsip_contact_hdr_init    004893b0 f   pjsip-core-i386-win32-vc8-debug:sip_msg.obj
 0002:00010420       _pjsip_cseq_hdr_create     00489420 f   pjsip-core-i386-win32-vc8-debug:sip_msg.obj
 0002:00010460       _pjsip_cseq_hdr_init       00489460 f   pjsip-core-i386-win32-vc8-debug:sip_msg.obj
 0002:000104d0       _pjsip_ctype_hdr_create    004894d0 f   pjsip-core-i386-win32-vc8-debug:sip_msg.obj
 0002:00010510       _pjsip_ctype_hdr_init      00489510 f   pjsip-core-i386-win32-vc8-debug:sip_msg.obj
 0002:00010570       _pjsip_expires_hdr_create  00489570 f   pjsip-core-i386-win32-vc8-debug:sip_msg.obj
 0002:000105c0       _pjsip_expires_hdr_init    004895c0 f   pjsip-core-i386-win32-vc8-debug:sip_msg.obj
 0002:00010610       _pjsip_from_hdr_create     00489610 f   pjsip-core-i386-win32-vc8-debug:sip_msg.obj
 0002:00010650       _pjsip_from_hdr_init       00489650 f   pjsip-core-i386-win32-vc8-debug:sip_msg.obj
 0002:000106b0       _pjsip_fromto_hdr_set_from 004896b0 f   pjsip-core-i386-win32-vc8-debug:sip_msg.obj
 0002:00010730       _pjsip_fromto_hdr_set_to   00489730 f   pjsip-core-i386-win32-vc8-debug:sip_msg.obj
 0002:000107b0       _pjsip_generic_array_hdr_create 004897b0 f   pjsip-core-i386-win32-vc8-debug:sip_msg.obj
 0002:00010800       _pjsip_generic_array_hdr_init 00489800 f   pjsip-core-i386-win32-vc8-debug:sip_msg.obj
 0002:00010880       _pjsip_generic_int_hdr_create 00489880 f   pjsip-core-i386-win32-vc8-debug:sip_msg.obj
 0002:000108d0       _pjsip_generic_int_hdr_init 004898d0 f   pjsip-core-i386-win32-vc8-debug:sip_msg.obj
 0002:00010950       _pjsip_generic_string_hdr_create 00489950 f   pjsip-core-i386-win32-vc8-debug:sip_msg.obj
 0002:000109a0       _pjsip_generic_string_hdr_init 004899a0 f   pjsip-core-i386-win32-vc8-debug:sip_msg.obj
 0002:00010a30       _pjsip_generic_string_hdr_init2 00489a30 f   pjsip-core-i386-win32-vc8-debug:sip_msg.obj
 0002:00010ad0       _pjsip_get_ack_method      00489ad0 f   pjsip-core-i386-win32-vc8-debug:sip_msg.obj
 0002:00010af0       _pjsip_get_bye_method      00489af0 f   pjsip-core-i386-win32-vc8-debug:sip_msg.obj
 0002:00010b10       _pjsip_get_cancel_method   00489b10 f   pjsip-core-i386-win32-vc8-debug:sip_msg.obj
 0002:00010b30       _pjsip_get_invite_method   00489b30 f   pjsip-core-i386-win32-vc8-debug:sip_msg.obj
 0002:00010b50       _pjsip_get_options_method  00489b50 f   pjsip-core-i386-win32-vc8-debug:sip_msg.obj
 0002:00010b70       _pjsip_get_register_method 00489b70 f   pjsip-core-i386-win32-vc8-debug:sip_msg.obj
 0002:00010b90       _pjsip_get_status_text     00489b90 f   pjsip-core-i386-win32-vc8-debug:sip_msg.obj
 0002:00010c00       _pjsip_hdr_clone           00489c00 f   pjsip-core-i386-win32-vc8-debug:sip_msg.obj
 0002:00010c40       _pjsip_hdr_print_on        00489c40 f   pjsip-core-i386-win32-vc8-debug:sip_msg.obj
 0002:00010cd0       _pjsip_hdr_shallow_clone   00489cd0 f   pjsip-core-i386-win32-vc8-debug:sip_msg.obj
 0002:00010d10       _pjsip_max_fwd_hdr_create  00489d10 f   pjsip-core-i386-win32-vc8-debug:sip_msg.obj
 0002:00010d60       _pjsip_max_fwd_hdr_init    00489d60 f   pjsip-core-i386-win32-vc8-debug:sip_msg.obj
 0002:00010db0       _pjsip_media_type_cmp      00489db0 f   pjsip-core-i386-win32-vc8-debug:sip_msg.obj
 0002:00010ec0       _pjsip_media_type_cp       00489ec0 f   pjsip-core-i386-win32-vc8-debug:sip_msg.obj
 0002:00010f90       _pjsip_media_type_init     00489f90 f   pjsip-core-i386-win32-vc8-debug:sip_msg.obj
 0002:00011000       _pjsip_media_type_init2    0048a000 f   pjsip-core-i386-win32-vc8-debug:sip_msg.obj
 0002:000110a0       _pjsip_media_type_print    0048a0a0 f   pjsip-core-i386-win32-vc8-debug:sip_msg.obj
 0002:000110d0       _pjsip_method_cmp          0048a0d0 f   pjsip-core-i386-win32-vc8-debug:sip_msg.obj
 0002:00011150       _pjsip_method_copy         0048a150 f   pjsip-core-i386-win32-vc8-debug:sip_msg.obj
 0002:000111c0       _pjsip_method_init         0048a1c0 f   pjsip-core-i386-win32-vc8-debug:sip_msg.obj
 0002:00011200       _pjsip_method_init_np      0048a200 f   pjsip-core-i386-win32-vc8-debug:sip_msg.obj
 0002:000112d0       _pjsip_method_set          0048a2d0 f   pjsip-core-i386-win32-vc8-debug:sip_msg.obj
 0002:00011340       _pjsip_min_expires_hdr_create 0048a340 f   pjsip-core-i386-win32-vc8-debug:sip_msg.obj
 0002:00011390       _pjsip_min_expires_hdr_init 0048a390 f   pjsip-core-i386-win32-vc8-debug:sip_msg.obj
 0002:00011410       _pjsip_msg_body_clone      0048a410 f   pjsip-core-i386-win32-vc8-debug:sip_msg.obj
 0002:000114b0       _pjsip_msg_body_copy       0048a4b0 f   pjsip-core-i386-win32-vc8-debug:sip_msg.obj
 0002:00011580       _pjsip_msg_body_create     0048a580 f   pjsip-core-i386-win32-vc8-debug:sip_msg.obj
 0002:00011710       _pjsip_msg_clone           0048a710 f   pjsip-core-i386-win32-vc8-debug:sip_msg.obj
 0002:00011840       _pjsip_msg_create          0048a840 f   pjsip-core-i386-win32-vc8-debug:sip_msg.obj
 0002:000118a0       _pjsip_msg_find_hdr        0048a8a0 f   pjsip-core-i386-win32-vc8-debug:sip_msg.obj
 0002:00011910       _pjsip_msg_find_hdr_by_name 0048a910 f   pjsip-core-i386-win32-vc8-debug:sip_msg.obj
 0002:00011990       _pjsip_msg_find_hdr_by_names 0048a990 f   pjsip-core-i386-win32-vc8-debug:sip_msg.obj
 0002:00011a30       _pjsip_msg_find_remove_hdr 0048aa30 f   pjsip-core-i386-win32-vc8-debug:sip_msg.obj
 0002:00011a80       _pjsip_msg_print           0048aa80 f   pjsip-core-i386-win32-vc8-debug:sip_msg.obj
 0002:000120c0       _pjsip_print_text_body     0048b0c0 f   pjsip-core-i386-win32-vc8-debug:sip_msg.obj
 0002:00012110       _pjsip_require_hdr_create  0048b110 f   pjsip-core-i386-win32-vc8-debug:sip_msg.obj
 0002:00012160       _pjsip_require_hdr_init    0048b160 f   pjsip-core-i386-win32-vc8-debug:sip_msg.obj
 0002:000121b0       _pjsip_retry_after_hdr_create 0048b1b0 f   pjsip-core-i386-win32-vc8-debug:sip_msg.obj
 0002:00012200       _pjsip_retry_after_hdr_init 0048b200 f   pjsip-core-i386-win32-vc8-debug:sip_msg.obj
 0002:00012270       _pjsip_route_hdr_create    0048b270 f   pjsip-core-i386-win32-vc8-debug:sip_msg.obj
 0002:000122b0       _pjsip_route_hdr_init      0048b2b0 f   pjsip-core-i386-win32-vc8-debug:sip_msg.obj
 0002:00012310       _pjsip_routing_hdr_set_route 0048b310 f   pjsip-core-i386-win32-vc8-debug:sip_msg.obj
 0002:00012380       _pjsip_routing_hdr_set_rr  0048b380 f   pjsip-core-i386-win32-vc8-debug:sip_msg.obj
 0002:000123f0       _pjsip_rr_hdr_create       0048b3f0 f   pjsip-core-i386-win32-vc8-debug:sip_msg.obj
 0002:00012430       _pjsip_rr_hdr_init         0048b430 f   pjsip-core-i386-win32-vc8-debug:sip_msg.obj
 0002:00012490       _pjsip_supported_hdr_create 0048b490 f   pjsip-core-i386-win32-vc8-debug:sip_msg.obj
 0002:000124e0       _pjsip_supported_hdr_init  0048b4e0 f   pjsip-core-i386-win32-vc8-debug:sip_msg.obj
 0002:00012530       _pjsip_to_hdr_create       0048b530 f   pjsip-core-i386-win32-vc8-debug:sip_msg.obj
 0002:00012570       _pjsip_to_hdr_init         0048b570 f   pjsip-core-i386-win32-vc8-debug:sip_msg.obj
 0002:000125d0       _pjsip_unsupported_hdr_create 0048b5d0 f   pjsip-core-i386-win32-vc8-debug:sip_msg.obj
 0002:00012620       _pjsip_unsupported_hdr_init 0048b620 f   pjsip-core-i386-win32-vc8-debug:sip_msg.obj
 0002:00012740       _pjsip_via_hdr_create      0048b740 f   pjsip-core-i386-win32-vc8-debug:sip_msg.obj
 0002:00012780       _pjsip_via_hdr_init        0048b780 f   pjsip-core-i386-win32-vc8-debug:sip_msg.obj
 0002:00012800       _pjsip_warning_hdr_create  0048b800 f   pjsip-core-i386-win32-vc8-debug:sip_msg.obj
 0002:000128b0       _pjsip_warning_hdr_create_from_status 0048b8b0 f   pjsip-core-i386-win32-vc8-debug:sip_msg.obj
 0002:000131e0       _pjsip_auth_clt_clone      0048c1e0 f   pjsip-core-i386-win32-vc8-debug:sip_auth_client.obj
 0002:000133e0       _pjsip_auth_clt_deinit     0048c3e0 f   pjsip-core-i386-win32-vc8-debug:sip_auth_client.obj
 0002:00013490       _pjsip_auth_clt_get_prefs  0048c490 f   pjsip-core-i386-win32-vc8-debug:sip_auth_client.obj
 0002:00013510       _pjsip_auth_clt_init       0048c510 f   pjsip-core-i386-win32-vc8-debug:sip_auth_client.obj
 0002:000135e0       _pjsip_auth_clt_init_req   0048c5e0 f   pjsip-core-i386-win32-vc8-debug:sip_auth_client.obj
 0002:00013970       _pjsip_auth_clt_pref_dup   0048c970 f   pjsip-core-i386-win32-vc8-debug:sip_auth_client.obj
 0002:000139c0       _pjsip_auth_clt_reinit_req 0048c9c0 f   pjsip-core-i386-win32-vc8-debug:sip_auth_client.obj
 0002:00013e90       _pjsip_auth_clt_set_credentials 0048ce90 f   pjsip-core-i386-win32-vc8-debug:sip_auth_client.obj
 0002:00014310       _pjsip_auth_clt_set_prefs  0048d310 f   pjsip-core-i386-win32-vc8-debug:sip_auth_client.obj
 0002:000143c0       _pjsip_auth_create_digest  0048d3c0 f   pjsip-core-i386-win32-vc8-debug:sip_auth_client.obj
 0002:00014800       _pjsip_cred_info_cmp       0048d800 f   pjsip-core-i386-win32-vc8-debug:sip_auth_client.obj
 0002:00014990       _pjsip_cred_info_dup       0048d990 f   pjsip-core-i386-win32-vc8-debug:sip_auth_client.obj
 0002:000156a0       _create_uas_dialog         0048e6a0 f   pjsip-core-i386-win32-vc8-debug:sip_dialog.obj
 0002:000168f0       _pjsip_dlg_add_usage       0048f8f0 f   pjsip-core-i386-win32-vc8-debug:sip_dialog.obj
 0002:00016bb0       _pjsip_dlg_create_request  0048fbb0 f   pjsip-core-i386-win32-vc8-debug:sip_dialog.obj
 0002:00016d40       _pjsip_dlg_create_response 0048fd40 f   pjsip-core-i386-win32-vc8-debug:sip_dialog.obj
 0002:00016df0       _pjsip_dlg_create_uac      0048fdf0 f   pjsip-core-i386-win32-vc8-debug:sip_dialog.obj
 0002:00017550       _pjsip_dlg_create_uas_and_inc_lock 00490550 f   pjsip-core-i386-win32-vc8-debug:sip_dialog.obj
 0002:00017590       _pjsip_dlg_dec_lock        00490590 f   pjsip-core-i386-win32-vc8-debug:sip_dialog.obj
 0002:000176b0       _pjsip_dlg_dec_session     004906b0 f   pjsip-core-i386-win32-vc8-debug:sip_dialog.obj
 0002:000177a0       _pjsip_dlg_fork            004907a0 f   pjsip-core-i386-win32-vc8-debug:sip_dialog.obj
 0002:00017d70       _pjsip_dlg_get_mod_data    00490d70 f   pjsip-core-i386-win32-vc8-debug:sip_dialog.obj
 0002:00017e20       _pjsip_dlg_get_remote_cap_hdr 00490e20 f   pjsip-core-i386-win32-vc8-debug:sip_dialog.obj
 0002:00017f80       _pjsip_dlg_has_usage       00490f80 f   pjsip-core-i386-win32-vc8-debug:sip_dialog.obj
 0002:00018010       _pjsip_dlg_inc_lock        00491010 f   pjsip-core-i386-win32-vc8-debug:sip_dialog.obj
 0002:00018070       _pjsip_dlg_inc_session     00491070 f   pjsip-core-i386-win32-vc8-debug:sip_dialog.obj
 0002:00018170       _pjsip_dlg_modify_response 00491170 f   pjsip-core-i386-win32-vc8-debug:sip_dialog.obj
 0002:000183d0       _pjsip_dlg_on_rx_request   004913d0 f   pjsip-core-i386-win32-vc8-debug:sip_dialog.obj
 0002:000188c0       _pjsip_dlg_on_rx_response  004918c0 f   pjsip-core-i386-win32-vc8-debug:sip_dialog.obj
 0002:00018ef0       _pjsip_dlg_on_tsx_state    00491ef0 f   pjsip-core-i386-win32-vc8-debug:sip_dialog.obj
 0002:00019080       _pjsip_dlg_remote_has_cap  00492080 f   pjsip-core-i386-win32-vc8-debug:sip_dialog.obj
 0002:000191a0       _pjsip_dlg_remove_remote_cap_hdr 004921a0 f   pjsip-core-i386-win32-vc8-debug:sip_dialog.obj
 0002:000192d0       _pjsip_dlg_respond         004922d0 f   pjsip-core-i386-win32-vc8-debug:sip_dialog.obj
 0002:00019550       _pjsip_dlg_send_request    00492550 f   pjsip-core-i386-win32-vc8-debug:sip_dialog.obj
 0002:00019970       _pjsip_dlg_send_response   00492970 f   pjsip-core-i386-win32-vc8-debug:sip_dialog.obj
 0002:00019d00       _pjsip_dlg_set_mod_data    00492d00 f   pjsip-core-i386-win32-vc8-debug:sip_dialog.obj
 0002:00019dc0       _pjsip_dlg_set_remote_cap_hdr 00492dc0 f   pjsip-core-i386-win32-vc8-debug:sip_dialog.obj
 0002:00019f90       _pjsip_dlg_set_route_set   00492f90 f   pjsip-core-i386-win32-vc8-debug:sip_dialog.obj
 0002:0001a0a0       _pjsip_dlg_set_transport   004930a0 f   pjsip-core-i386-win32-vc8-debug:sip_dialog.obj
 0002:0001a170       _pjsip_dlg_set_via_sent_by 00493170 f   pjsip-core-i386-win32-vc8-debug:sip_dialog.obj
 0002:0001a250       _pjsip_dlg_terminate       00493250 f   pjsip-core-i386-win32-vc8-debug:sip_dialog.obj
 0002:0001a320       _pjsip_dlg_try_inc_lock    00493320 f   pjsip-core-i386-win32-vc8-debug:sip_dialog.obj
 0002:0001a3a0       _pjsip_dlg_update_remote_cap 004933a0 f   pjsip-core-i386-win32-vc8-debug:sip_dialog.obj
 0002:0001a600       _pjsip_method_creates_dialog 00493600 f   pjsip-core-i386-win32-vc8-debug:sip_dialog.obj
 0002:0001b650       _pjsip_rdata_get_dlg       00494650 f   pjsip-core-i386-win32-vc8-debug:sip_ua_layer.obj
 0002:0001b680       _pjsip_tdata_get_dlg       00494680 f   pjsip-core-i386-win32-vc8-debug:sip_ua_layer.obj
 0002:0001b6b0       _pjsip_tsx_get_dlg         004946b0 f   pjsip-core-i386-win32-vc8-debug:sip_ua_layer.obj
 0002:0001b6e0       _pjsip_ua_destroy          004946e0 f   pjsip-core-i386-win32-vc8-debug:sip_ua_layer.obj
 0002:0001b760       _pjsip_ua_dump             00494760 f   pjsip-core-i386-win32-vc8-debug:sip_ua_layer.obj
 0002:0001b9e0       _pjsip_ua_find_dialog      004949e0 f   pjsip-core-i386-win32-vc8-debug:sip_ua_layer.obj
 0002:0001bbd0       _pjsip_ua_get_dlg_set_count 00494bd0 f   pjsip-core-i386-win32-vc8-debug:sip_ua_layer.obj
 0002:0001bc70       _pjsip_ua_get_endpt        00494c70 f   pjsip-core-i386-win32-vc8-debug:sip_ua_layer.obj
 0002:0001bcc0       _pjsip_ua_init_module      00494cc0 f   pjsip-core-i386-win32-vc8-debug:sip_ua_layer.obj
 0002:0001bd60       _pjsip_ua_instance         00494d60 f   pjsip-core-i386-win32-vc8-debug:sip_ua_layer.obj
 0002:0001bd80       _pjsip_ua_register_dlg     00494d80 f   pjsip-core-i386-win32-vc8-debug:sip_ua_layer.obj
 0002:0001c080       _pjsip_ua_unregister_dlg   00495080 f   pjsip-core-i386-win32-vc8-debug:sip_ua_layer.obj
 0002:0001ede0       _pjsip_rdata_get_tsx       00497de0 f   pjsip-core-i386-win32-vc8-debug:sip_transaction.obj
 0002:0001ee10       _pjsip_role_name           00497e10 f   pjsip-core-i386-win32-vc8-debug:sip_transaction.obj
 0002:0001ee30       _pjsip_tsx_create_key      00497e30 f   pjsip-core-i386-win32-vc8-debug:sip_transaction.obj
 0002:0001eed0       _pjsip_tsx_create_uac      00497ed0 f   pjsip-core-i386-win32-vc8-debug:sip_transaction.obj
 0002:0001ef00       _pjsip_tsx_create_uac2     00497f00 f   pjsip-core-i386-win32-vc8-debug:sip_transaction.obj
 0002:0001f3f0       _pjsip_tsx_create_uas      004983f0 f   pjsip-core-i386-win32-vc8-debug:sip_transaction.obj
 0002:0001f420       _pjsip_tsx_create_uas2     00498420 f   pjsip-core-i386-win32-vc8-debug:sip_transaction.obj
 0002:0001f900       _pjsip_tsx_layer_destroy   00498900 f   pjsip-core-i386-win32-vc8-debug:sip_transaction.obj
 0002:0001f980       _pjsip_tsx_layer_dump      00498980 f   pjsip-core-i386-win32-vc8-debug:sip_transaction.obj
 0002:0001fb50       _pjsip_tsx_layer_find_tsx  00498b50 f   pjsip-core-i386-win32-vc8-debug:sip_transaction.obj
 0002:0001fb80       _pjsip_tsx_layer_find_tsx2 00498b80 f   pjsip-core-i386-win32-vc8-debug:sip_transaction.obj
 0002:0001fbb0       _pjsip_tsx_layer_get_tsx_count 00498bb0 f   pjsip-core-i386-win32-vc8-debug:sip_transaction.obj
 0002:0001fc50       _pjsip_tsx_layer_init_module 00498c50 f   pjsip-core-i386-win32-vc8-debug:sip_transaction.obj
 0002:0001ff00       _pjsip_tsx_layer_instance  00498f00 f   pjsip-core-i386-win32-vc8-debug:sip_transaction.obj
 0002:0001ff20       _pjsip_tsx_recv_msg        00498f20 f   pjsip-core-i386-win32-vc8-debug:sip_transaction.obj
 0002:00020000       _pjsip_tsx_retransmit_no_state 00499000 f   pjsip-core-i386-win32-vc8-debug:sip_transaction.obj
 0002:000200a0       _pjsip_tsx_send_msg        004990a0 f   pjsip-core-i386-win32-vc8-debug:sip_transaction.obj
 0002:000201f0       _pjsip_tsx_set_timeout     004991f0 f   pjsip-core-i386-win32-vc8-debug:sip_transaction.obj
 0002:00020360       _pjsip_tsx_set_transport   00499360 f   pjsip-core-i386-win32-vc8-debug:sip_transaction.obj
 0002:00020440       _pjsip_tsx_state_str       00499440 f   pjsip-core-i386-win32-vc8-debug:sip_transaction.obj
 0002:00020460       _pjsip_tsx_stop_retransmit 00499460 f   pjsip-core-i386-win32-vc8-debug:sip_transaction.obj
 0002:00020590       _pjsip_tsx_terminate       00499590 f   pjsip-core-i386-win32-vc8-debug:sip_transaction.obj
 0002:00023ad0       _pjsip_name_addr_assign    0049cad0 f   pjsip-core-i386-win32-vc8-debug:sip_uri.obj
 0002:00023b30       _pjsip_name_addr_create    0049cb30 f   pjsip-core-i386-win32-vc8-debug:sip_uri.obj
 0002:00023b70       _pjsip_name_addr_init      0049cb70 f   pjsip-core-i386-win32-vc8-debug:sip_uri.obj
 0002:00023bc0       _pjsip_other_uri_create    0049cbc0 f   pjsip-core-i386-win32-vc8-debug:sip_uri.obj
 0002:00023c00       _pjsip_param_clone         0049cc00 f   pjsip-core-i386-win32-vc8-debug:sip_uri.obj
 0002:00023cc0       _pjsip_param_cmp           0049ccc0 f   pjsip-core-i386-win32-vc8-debug:sip_uri.obj
 0002:00023da0       _pjsip_param_find          0049cda0 f   pjsip-core-i386-win32-vc8-debug:sip_uri.obj
 0002:00023e00       _pjsip_param_print_on      0049ce00 f   pjsip-core-i386-win32-vc8-debug:sip_uri.obj
 0002:00024000       _pjsip_param_shallow_clone 0049d000 f   pjsip-core-i386-win32-vc8-debug:sip_uri.obj
 0002:000240a0       _pjsip_sip_uri_assign      0049d0a0 f   pjsip-core-i386-win32-vc8-debug:sip_uri.obj
 0002:00024210       _pjsip_sip_uri_create      0049d210 f   pjsip-core-i386-win32-vc8-debug:sip_uri.obj
 0002:00024260       _pjsip_sip_uri_init        0049d260 f   pjsip-core-i386-win32-vc8-debug:sip_uri.obj
 0002:000242d0       _pjsip_sip_uri_set_secure  0049d2d0 f   pjsip-core-i386-win32-vc8-debug:sip_uri.obj
 0002:00024480       _deinit_sip_parser         0049d480 f   pjsip-core-i386-win32-vc8-debug:sip_parser.obj
 0002:00025ba0       _init_sip_parser           0049eba0 f   pjsip-core-i386-win32-vc8-debug:sip_parser.obj
 0002:00029180       _pjsip_concat_param_imp    004a2180 f   pjsip-core-i386-win32-vc8-debug:sip_parser.obj
 0002:000292c0       _pjsip_find_msg            004a22c0 f   pjsip-core-i386-win32-vc8-debug:sip_parser.obj
 0002:00029690       _pjsip_parse_end_hdr_imp   004a2690 f   pjsip-core-i386-win32-vc8-debug:sip_parser.obj
 0002:000296c0       _pjsip_parse_generic_array_hdr_imp 004a26c0 f   pjsip-core-i386-win32-vc8-debug:sip_parser.obj
 0002:000296f0       _pjsip_parse_hdr           004a26f0 f   pjsip-core-i386-win32-vc8-debug:sip_parser.obj
 0002:00029860       _pjsip_parse_headers       004a2860 f   pjsip-core-i386-win32-vc8-debug:sip_parser.obj
 0002:00029b70       _pjsip_parse_msg           004a2b70 f   pjsip-core-i386-win32-vc8-debug:sip_parser.obj
 0002:00029bf0       _pjsip_parse_param_imp     004a2bf0 f   pjsip-core-i386-win32-vc8-debug:sip_parser.obj
 0002:00029c40       _pjsip_parse_rdata         004a2c40 f   pjsip-core-i386-win32-vc8-debug:sip_parser.obj
 0002:00029cd0       _pjsip_parse_status_line   004a2cd0 f   pjsip-core-i386-win32-vc8-debug:sip_parser.obj
 0002:00029dd0       _pjsip_parse_uri           004a2dd0 f   pjsip-core-i386-win32-vc8-debug:sip_parser.obj
 0002:00029ef0       _pjsip_parse_uri_param_imp 004a2ef0 f   pjsip-core-i386-win32-vc8-debug:sip_parser.obj
 0002:00029f40       _pjsip_parser_const        004a2f40 f   pjsip-core-i386-win32-vc8-debug:sip_parser.obj
 0002:00029f60       _pjsip_register_hdr_parser 004a2f60 f   pjsip-core-i386-win32-vc8-debug:sip_parser.obj
 0002:0002a0e0       _pjsip_register_uri_parser 004a30e0 f   pjsip-core-i386-win32-vc8-debug:sip_parser.obj
 0002:0002a840       _pjsip_resolve             004a3840 f   pjsip-core-i386-win32-vc8-debug:sip_resolve.obj
 0002:0002b660       _pjsip_resolver_create     004a4660 f   pjsip-core-i386-win32-vc8-debug:sip_resolve.obj
 0002:0002b6f0       _pjsip_resolver_destroy    004a46f0 f   pjsip-core-i386-win32-vc8-debug:sip_resolve.obj
 0002:0002b730       _pjsip_resolver_get_resolver 004a4730 f   pjsip-core-i386-win32-vc8-debug:sip_resolve.obj
 0002:0002b750       _pjsip_resolver_set_ext_resolver 004a4750 f   pjsip-core-i386-win32-vc8-debug:sip_resolve.obj
 0002:0002b7c0       _pjsip_resolver_set_resolver 004a47c0 f   pjsip-core-i386-win32-vc8-debug:sip_resolve.obj
 0002:0002c390       _pjsip_rx_data_clone       004a5390 f   pjsip-core-i386-win32-vc8-debug:sip_transport.obj
 0002:0002c7b0       _pjsip_rx_data_free_cloned 004a57b0 f   pjsip-core-i386-win32-vc8-debug:sip_transport.obj
 0002:0002c830       _pjsip_rx_data_get_info    004a5830 f   pjsip-core-i386-win32-vc8-debug:sip_transport.obj
 0002:0002c940       _pjsip_tpmgr_acquire_transport 004a5940 f   pjsip-core-i386-win32-vc8-debug:sip_transport.obj
 0002:0002c980       _pjsip_tpmgr_acquire_transport2 004a5980 f   pjsip-core-i386-win32-vc8-debug:sip_transport.obj
 0002:0002cea0       _pjsip_tpmgr_create        004a5ea0 f   pjsip-core-i386-win32-vc8-debug:sip_transport.obj
 0002:0002d0c0       _pjsip_tpmgr_destroy       004a60c0 f   pjsip-core-i386-win32-vc8-debug:sip_transport.obj
 0002:0002d380       _pjsip_tpmgr_dump_transports 004a6380 f   pjsip-core-i386-win32-vc8-debug:sip_transport.obj
 0002:0002d5a0       _pjsip_tpmgr_find_local_addr 004a65a0 f   pjsip-core-i386-win32-vc8-debug:sip_transport.obj
 0002:0002d620       _pjsip_tpmgr_find_local_addr2 004a6620 f   pjsip-core-i386-win32-vc8-debug:sip_transport.obj
 0002:0002dbc0       _pjsip_tpmgr_fla2_param_default 004a6bc0 f   pjsip-core-i386-win32-vc8-debug:sip_transport.obj
 0002:0002dbf0       _pjsip_tpmgr_get_state_cb  004a6bf0 f   pjsip-core-i386-win32-vc8-debug:sip_transport.obj
 0002:0002dc50       _pjsip_tpmgr_get_transport_count 004a6c50 f   pjsip-core-i386-win32-vc8-debug:sip_transport.obj
 0002:0002dd70       _pjsip_tpmgr_receive_packet 004a6d70 f   pjsip-core-i386-win32-vc8-debug:sip_transport.obj
 0002:0002e4d0       _pjsip_tpmgr_register_tpfactory 004a74d0 f   pjsip-core-i386-win32-vc8-debug:sip_transport.obj
 0002:0002e5b0       _pjsip_tpmgr_send_raw      004a75b0 f   pjsip-core-i386-win32-vc8-debug:sip_transport.obj
 0002:0002e7b0       _pjsip_tpmgr_set_drop_data_cb 004a77b0 f   pjsip-core-i386-win32-vc8-debug:sip_transport.obj
 0002:0002e820       _pjsip_tpmgr_set_state_cb  004a7820 f   pjsip-core-i386-win32-vc8-debug:sip_transport.obj
 0002:0002e890       _pjsip_tpmgr_unregister_tpfactory 004a7890 f   pjsip-core-i386-win32-vc8-debug:sip_transport.obj
 0002:0002e920       _pjsip_tpselector_add_ref  004a7920 f   pjsip-core-i386-win32-vc8-debug:sip_transport.obj
 0002:0002e960       _pjsip_tpselector_dec_ref  004a7960 f   pjsip-core-i386-win32-vc8-debug:sip_transport.obj
 0002:0002e9a0       _pjsip_transport_add_ref   004a79a0 f   pjsip-core-i386-win32-vc8-debug:sip_transport.obj
 0002:0002eb10       _pjsip_transport_add_state_listener 004a7b10 f   pjsip-core-i386-win32-vc8-debug:sip_transport.obj
 0002:0002ec60       _pjsip_transport_dec_ref   004a7c60 f   pjsip-core-i386-win32-vc8-debug:sip_transport.obj
 0002:0002eea0       _pjsip_transport_destroy   004a7ea0 f   pjsip-core-i386-win32-vc8-debug:sip_transport.obj
 0002:0002ef80       _pjsip_transport_get_default_port_for_type 004a7f80 f   pjsip-core-i386-win32-vc8-debug:sip_transport.obj
 0002:0002efb0       _pjsip_transport_get_flag_from_type 004a7fb0 f   pjsip-core-i386-win32-vc8-debug:sip_transport.obj
 0002:0002efe0       _pjsip_transport_get_type_desc 004a7fe0 f   pjsip-core-i386-win32-vc8-debug:sip_transport.obj
 0002:0002f010       _pjsip_transport_get_type_from_flag 004a8010 f   pjsip-core-i386-win32-vc8-debug:sip_transport.obj
 0002:0002f0a0       _pjsip_transport_get_type_from_name 004a80a0 f   pjsip-core-i386-win32-vc8-debug:sip_transport.obj
 0002:0002f150       _pjsip_transport_get_type_name 004a8150 f   pjsip-core-i386-win32-vc8-debug:sip_transport.obj
 0002:0002f180       _pjsip_transport_register  004a8180 f   pjsip-core-i386-win32-vc8-debug:sip_transport.obj
 0002:0002f2f0       _pjsip_transport_register_type 004a82f0 f   pjsip-core-i386-win32-vc8-debug:sip_transport.obj
 0002:0002f520       _pjsip_transport_remove_state_listener 004a8520 f   pjsip-core-i386-win32-vc8-debug:sip_transport.obj
 0002:0002f6a0       _pjsip_transport_send      004a86a0 f   pjsip-core-i386-win32-vc8-debug:sip_transport.obj
 0002:0002f950       _pjsip_transport_shutdown  004a8950 f   pjsip-core-i386-win32-vc8-debug:sip_transport.obj
 0002:0002f980       _pjsip_transport_shutdown2 004a8980 f   pjsip-core-i386-win32-vc8-debug:sip_transport.obj
 0002:0002fb50       _pjsip_transport_type_get_af 004a8b50 f   pjsip-core-i386-win32-vc8-debug:sip_transport.obj
 0002:0002fb90       _pjsip_tx_data_add_ref     004a8b90 f   pjsip-core-i386-win32-vc8-debug:sip_transport.obj
 0002:0002fbc0       _pjsip_tx_data_clone       004a8bc0 f   pjsip-core-i386-win32-vc8-debug:sip_transport.obj
 0002:0002fd80       _pjsip_tx_data_create      004a8d80 f   pjsip-core-i386-win32-vc8-debug:sip_transport.obj
 0002:0002ff80       _pjsip_tx_data_dec_ref     004a8f80 f   pjsip-core-i386-win32-vc8-debug:sip_transport.obj
 0002:00030060       _pjsip_tx_data_encode      004a9060 f   pjsip-core-i386-win32-vc8-debug:sip_transport.obj
 0002:00030220       _pjsip_tx_data_get_info    004a9220 f   pjsip-core-i386-win32-vc8-debug:sip_transport.obj
 0002:00030310       _pjsip_tx_data_invalidate_msg 004a9310 f   pjsip-core-i386-win32-vc8-debug:sip_transport.obj
 0002:00030350       _pjsip_tx_data_is_valid    004a9350 f   pjsip-core-i386-win32-vc8-debug:sip_transport.obj
 0002:000303a0       _pjsip_tx_data_set_transport 004a93a0 f   pjsip-core-i386-win32-vc8-debug:sip_transport.obj
 0002:00030790       _pjsip_strerror            004a9790 f   pjsip-core-i386-win32-vc8-debug:sip_errno.obj
 0002:000311a0       _pjsip_tel_nb_cmp          004aa1a0 f   pjsip-core-i386-win32-vc8-debug:sip_tel_uri.obj
 0002:00031360       _pjsip_tel_uri_create      004aa360 f   pjsip-core-i386-win32-vc8-debug:sip_tel_uri.obj
 0002:000313b0       _pjsip_tel_uri_subsys_init 004aa3b0 f   pjsip-core-i386-win32-vc8-debug:sip_tel_uri.obj
 0002:00032630       _pjsip_authorization_hdr_create 004ab630 f   pjsip-core-i386-win32-vc8-debug:sip_auth_msg.obj
 0002:00032690       _pjsip_proxy_authenticate_hdr_create 004ab690 f   pjsip-core-i386-win32-vc8-debug:sip_auth_msg.obj
 0002:000326f0       _pjsip_proxy_authorization_hdr_create 004ab6f0 f   pjsip-core-i386-win32-vc8-debug:sip_auth_msg.obj
 0002:00032750       _pjsip_www_authenticate_hdr_create 004ab750 f   pjsip-core-i386-win32-vc8-debug:sip_auth_msg.obj
 0002:00033d40       _pjsip_endpt_create_ack    004acd40 f   pjsip-core-i386-win32-vc8-debug:sip_util.obj
 0002:000340f0       _pjsip_endpt_create_cancel 004ad0f0 f   pjsip-core-i386-win32-vc8-debug:sip_util.obj
 0002:00034540       _pjsip_endpt_create_request 004ad540 f   pjsip-core-i386-win32-vc8-debug:sip_util.obj
 0002:00034920       _pjsip_endpt_create_request_from_hdr 004ad920 f   pjsip-core-i386-win32-vc8-debug:sip_util.obj
 0002:00034c50       _pjsip_endpt_create_response 004adc50 f   pjsip-core-i386-win32-vc8-debug:sip_util.obj
 0002:000350f0       _pjsip_endpt_respond_stateless 004ae0f0 f   pjsip-core-i386-win32-vc8-debug:sip_util.obj
 0002:00035390       _pjsip_endpt_send_raw      004ae390 f   pjsip-core-i386-win32-vc8-debug:sip_util.obj
 0002:000353f0       _pjsip_endpt_send_raw_to_uri 004ae3f0 f   pjsip-core-i386-win32-vc8-debug:sip_util.obj
 0002:00035650       _pjsip_endpt_send_request_stateless 004ae650 f   pjsip-core-i386-win32-vc8-debug:sip_util.obj
 0002:000357e0       _pjsip_endpt_send_response 004ae7e0 f   pjsip-core-i386-win32-vc8-debug:sip_util.obj
 0002:00035970       _pjsip_endpt_send_response2 004ae970 f   pjsip-core-i386-win32-vc8-debug:sip_util.obj
 0002:00035a10       _pjsip_event_str           004aea10 f   pjsip-core-i386-win32-vc8-debug:sip_util.obj
 0002:00035a30       _pjsip_get_dest_info       004aea30 f   pjsip-core-i386-win32-vc8-debug:sip_util.obj
 0002:00035d30       _pjsip_get_request_dest    004aed30 f   pjsip-core-i386-win32-vc8-debug:sip_util.obj
 0002:00035e50       _pjsip_get_response_addr   004aee50 f   pjsip-core-i386-win32-vc8-debug:sip_util.obj
 0002:000362c0       _pjsip_process_route_set   004af2c0 f   pjsip-core-i386-win32-vc8-debug:sip_util.obj
 0002:000366d0       _pjsip_restore_strict_route_set 004af6d0 f   pjsip-core-i386-win32-vc8-debug:sip_util.obj
 0002:00036810       _pjsip_target_assign_status 004af810 f   pjsip-core-i386-win32-vc8-debug:sip_util.obj
 0002:000368c0       _pjsip_target_set_add_from_msg 004af8c0 f   pjsip-core-i386-win32-vc8-debug:sip_util.obj
 0002:000369e0       _pjsip_target_set_add_uri  004af9e0 f   pjsip-core-i386-win32-vc8-debug:sip_util.obj
 0002:00036b60       _pjsip_target_set_get_next 004afb60 f   pjsip-core-i386-win32-vc8-debug:sip_util.obj
 0002:00036c00       _pjsip_target_set_set_current 004afc00 f   pjsip-core-i386-win32-vc8-debug:sip_util.obj
 0002:00038530       _pjsip_auth_deinit_parser  004b1530 f   pjsip-core-i386-win32-vc8-debug:sip_auth_parser.obj
 0002:00038550       _pjsip_auth_init_parser    004b1550 f   pjsip-core-i386-win32-vc8-debug:sip_auth_parser.obj
 0002:00038780       _pjsip_endpt_respond       004b1780 f   pjsip-core-i386-win32-vc8-debug:sip_util_statefull.obj
 0002:00038980       _pjsip_endpt_send_request  004b1980 f   pjsip-core-i386-win32-vc8-debug:sip_util_statefull.obj
 0002:000397d0       _pjsip_multipart_add_part  004b27d0 f   pjsip-core-i386-win32-vc8-debug:sip_multipart.obj
 0002:00039920       _pjsip_multipart_clone_part 004b2920 f   pjsip-core-i386-win32-vc8-debug:sip_multipart.obj
 0002:000399c0       _pjsip_multipart_create    004b29c0 f   pjsip-core-i386-win32-vc8-debug:sip_multipart.obj
 0002:00039bb0       _pjsip_multipart_create_part 004b2bb0 f   pjsip-core-i386-win32-vc8-debug:sip_multipart.obj
 0002:00039bf0       _pjsip_multipart_find_part 004b2bf0 f   pjsip-core-i386-win32-vc8-debug:sip_multipart.obj
 0002:00039d10       _pjsip_multipart_get_first_part 004b2d10 f   pjsip-core-i386-win32-vc8-debug:sip_multipart.obj
 0002:00039de0       _pjsip_multipart_get_next_part 004b2de0 f   pjsip-core-i386-win32-vc8-debug:sip_multipart.obj
 0002:00039f20       _pjsip_multipart_get_raw   004b2f20 f   pjsip-core-i386-win32-vc8-debug:sip_multipart.obj
 0002:0003a010       _pjsip_multipart_parse     004b3010 f   pjsip-core-i386-win32-vc8-debug:sip_multipart.obj
 0002:0003a510       _pjmedia_aud_register_factory 004b3510 f   pjmedia-audiodev-i386-win32-vc8-debug:audiodev.obj
 0002:0003a5b0       _pjmedia_aud_subsys_get_pool_factory 004b35b0 f   pjmedia-audiodev-i386-win32-vc8-debug:audiodev.obj
 0002:0003a5e0       _pjmedia_aud_subsys_init   004b35e0 f   pjmedia-audiodev-i386-win32-vc8-debug:audiodev.obj
 0002:0003a740       _pjmedia_aud_subsys_shutdown 004b3740 f   pjmedia-audiodev-i386-win32-vc8-debug:audiodev.obj
 0002:0003a7d0       _pjmedia_aud_unregister_factory 004b37d0 f   pjmedia-audiodev-i386-win32-vc8-debug:audiodev.obj
 0002:0003a8b0       _pjmedia_audiodev_strerror 004b38b0 f   pjmedia-audiodev-i386-win32-vc8-debug:errno.obj
 0002:0003d010       _pjmedia_wmme_factory      004b6010 f   pjmedia-audiodev-i386-win32-vc8-debug:wmme_dev.obj
 0002:0003de50       _pjmedia_endpt_atexit      004b6e50 f   pjmedia-i386-win32-vc8-debug:endpoint.obj
 0002:0003df20       _pjmedia_endpt_create2     004b6f20 f   pjmedia-i386-win32-vc8-debug:endpoint.obj
 0002:0003e2a0       _pjmedia_endpt_create_audio_sdp 004b72a0 f   pjmedia-i386-win32-vc8-debug:endpoint.obj
 0002:0003eb10       _pjmedia_endpt_create_base_sdp 004b7b10 f   pjmedia-i386-win32-vc8-debug:endpoint.obj
 0002:0003ed70       _pjmedia_endpt_create_pool 004b7d70 f   pjmedia-i386-win32-vc8-debug:endpoint.obj
 0002:0003ede0       _pjmedia_endpt_create_sdp  004b7de0 f   pjmedia-i386-win32-vc8-debug:endpoint.obj
 0002:0003f010       _pjmedia_endpt_create_video_sdp 004b8010 f   pjmedia-i386-win32-vc8-debug:endpoint.obj
 0002:0003f810       _pjmedia_endpt_destroy2    004b8810 f   pjmedia-i386-win32-vc8-debug:endpoint.obj
 0002:0003f8f0       _pjmedia_endpt_dump        004b88f0 f   pjmedia-i386-win32-vc8-debug:endpoint.obj
 0002:0003fc80       _pjmedia_endpt_get_codec_mgr 004b8c80 f   pjmedia-i386-win32-vc8-debug:endpoint.obj
 0002:0003fca0       _pjmedia_endpt_get_flag    004b8ca0 f   pjmedia-i386-win32-vc8-debug:endpoint.obj
 0002:0003fd30       _pjmedia_endpt_get_ioqueue 004b8d30 f   pjmedia-i386-win32-vc8-debug:endpoint.obj
 0002:0003fd90       _pjmedia_endpt_get_thread  004b8d90 f   pjmedia-i386-win32-vc8-debug:endpoint.obj
 0002:0003fe40       _pjmedia_endpt_get_thread_count 004b8e40 f   pjmedia-i386-win32-vc8-debug:endpoint.obj
 0002:0003fea0       _pjmedia_endpt_set_flag    004b8ea0 f   pjmedia-i386-win32-vc8-debug:endpoint.obj
 0002:0003ff30       _pjmedia_endpt_stop_threads 004b8f30 f   pjmedia-i386-win32-vc8-debug:endpoint.obj
 0002:00040600       _pjmedia_aud_dev_cap_name  004b9600 f   pjmedia-i386-win32-vc8-debug:audiodev.obj
 0002:000406a0       _pjmedia_aud_dev_count     004b96a0 f   pjmedia-i386-win32-vc8-debug:audiodev.obj
 0002:000406c0       _pjmedia_aud_dev_default_param 004b96c0 f   pjmedia-i386-win32-vc8-debug:audiodev.obj
 0002:00040800       _pjmedia_aud_dev_get_info  004b9800 f   pjmedia-i386-win32-vc8-debug:audiodev.obj
 0002:00040900       _pjmedia_aud_dev_lookup    004b9900 f   pjmedia-i386-win32-vc8-debug:audiodev.obj
 0002:00040b20       _pjmedia_aud_dev_refresh   004b9b20 f   pjmedia-i386-win32-vc8-debug:audiodev.obj
 0002:00040c00       _pjmedia_aud_driver_deinit 004b9c00 f   pjmedia-i386-win32-vc8-debug:audiodev.obj
 0002:00040c90       _pjmedia_aud_driver_init   004b9c90 f   pjmedia-i386-win32-vc8-debug:audiodev.obj
 0002:00041000       _pjmedia_aud_param_get_cap 004ba000 f   pjmedia-i386-win32-vc8-debug:audiodev.obj
 0002:00041090       _pjmedia_aud_param_set_cap 004ba090 f   pjmedia-i386-win32-vc8-debug:audiodev.obj
 0002:00041110       _pjmedia_aud_stream_create 004ba110 f   pjmedia-i386-win32-vc8-debug:audiodev.obj
 0002:00041460       _pjmedia_aud_stream_destroy 004ba460 f   pjmedia-i386-win32-vc8-debug:audiodev.obj
 0002:00041490       _pjmedia_aud_stream_get_cap 004ba490 f   pjmedia-i386-win32-vc8-debug:audiodev.obj
 0002:000414d0       _pjmedia_aud_stream_get_param 004ba4d0 f   pjmedia-i386-win32-vc8-debug:audiodev.obj
 0002:000415e0       _pjmedia_aud_stream_set_cap 004ba5e0 f   pjmedia-i386-win32-vc8-debug:audiodev.obj
 0002:00041620       _pjmedia_aud_stream_start  004ba620 f   pjmedia-i386-win32-vc8-debug:audiodev.obj
 0002:00041650       _pjmedia_aud_stream_stop   004ba650 f   pjmedia-i386-win32-vc8-debug:audiodev.obj
 0002:00041680       _pjmedia_get_aud_subsys    004ba680 f   pjmedia-i386-win32-vc8-debug:audiodev.obj
 0002:00041ce0       _pjmedia_format_copy       004bace0 f   pjmedia-i386-win32-vc8-debug:format.obj
 0002:00041d10       _pjmedia_format_get_audio_format_detail 004bad10 f   pjmedia-i386-win32-vc8-debug:format.obj
 0002:00041d80       _pjmedia_format_get_video_format_detail 004bad80 f   pjmedia-i386-win32-vc8-debug:format.obj
 0002:00041df0       _pjmedia_format_init_video 004badf0 f   pjmedia-i386-win32-vc8-debug:format.obj
 0002:00041f60       _pjmedia_get_video_format_info 004baf60 f   pjmedia-i386-win32-vc8-debug:format.obj
 0002:00042070       _pjmedia_register_video_format_info 004bb070 f   pjmedia-i386-win32-vc8-debug:format.obj
 0002:000421e0       _pjmedia_video_format_mgr_create 004bb1e0 f   pjmedia-i386-win32-vc8-debug:format.obj
 0002:00042300       _pjmedia_video_format_mgr_destroy 004bb300 f   pjmedia-i386-win32-vc8-debug:format.obj
 0002:00042390       _pjmedia_video_format_mgr_instance 004bb390 f   pjmedia-i386-win32-vc8-debug:format.obj
 0002:000423e0       _pjmedia_video_format_mgr_set_instance 004bb3e0 f   pjmedia-i386-win32-vc8-debug:format.obj
 0002:000424f0       _pjmedia_codec_info_to_id  004bb4f0 f   pjmedia-i386-win32-vc8-debug:codec.obj
 0002:000425d0       _pjmedia_codec_mgr_alloc_codec 004bb5d0 f   pjmedia-i386-win32-vc8-debug:codec.obj
 0002:00042710       _pjmedia_codec_mgr_dealloc_codec 004bb710 f   pjmedia-i386-win32-vc8-debug:codec.obj
 0002:000427a0       _pjmedia_codec_mgr_destroy 004bb7a0 f   pjmedia-i386-win32-vc8-debug:codec.obj
 0002:00042910       _pjmedia_codec_mgr_enum_codecs 004bb910 f   pjmedia-i386-win32-vc8-debug:codec.obj
 0002:00042a60       _pjmedia_codec_mgr_find_codecs_by_id 004bba60 f   pjmedia-i386-win32-vc8-debug:codec.obj
 0002:00042c00       _pjmedia_codec_mgr_get_codec_info 004bbc00 f   pjmedia-i386-win32-vc8-debug:codec.obj
 0002:00042d20       _pjmedia_codec_mgr_get_default_param 004bbd20 f   pjmedia-i386-win32-vc8-debug:codec.obj
 0002:00042fa0       _pjmedia_codec_mgr_init    004bbfa0 f   pjmedia-i386-win32-vc8-debug:codec.obj
 0002:000430b0       _pjmedia_codec_mgr_register_factory 004bc0b0 f   pjmedia-i386-win32-vc8-debug:codec.obj
 0002:00043370       _pjmedia_codec_mgr_set_codec_priority 004bc370 f   pjmedia-i386-win32-vc8-debug:codec.obj
 0002:000434c0       _pjmedia_codec_mgr_set_default_param 004bc4c0 f   pjmedia-i386-win32-vc8-debug:codec.obj
 0002:00043770       _pjmedia_codec_mgr_unregister_factory 004bc770 f   pjmedia-i386-win32-vc8-debug:codec.obj
 0002:00043930       _pjmedia_codec_param_clone 004bc930 f   pjmedia-i386-win32-vc8-debug:codec.obj
 0002:000449e0       _pjmedia_sdp_attr_add      004bd9e0 f   pjmedia-i386-win32-vc8-debug:sdp.obj
 0002:00044ac0       _pjmedia_sdp_attr_clone    004bdac0 f   pjmedia-i386-win32-vc8-debug:sdp.obj
 0002:00044b70       _pjmedia_sdp_attr_create   004bdb70 f   pjmedia-i386-win32-vc8-debug:sdp.obj
 0002:00044c40       _pjmedia_sdp_attr_create_rtcp 004bdc40 f   pjmedia-i386-win32-vc8-debug:sdp.obj
 0002:00044dc0       _pjmedia_sdp_attr_create_ssrc 004bddc0 f   pjmedia-i386-win32-vc8-debug:sdp.obj
 0002:00044e80       _pjmedia_sdp_attr_find     004bde80 f   pjmedia-i386-win32-vc8-debug:sdp.obj
 0002:00044f90       _pjmedia_sdp_attr_find2    004bdf90 f   pjmedia-i386-win32-vc8-debug:sdp.obj
 0002:00044fe0       _pjmedia_sdp_attr_get_fmtp 004bdfe0 f   pjmedia-i386-win32-vc8-debug:sdp.obj
 0002:00045130       _pjmedia_sdp_attr_get_rtcp 004be130 f   pjmedia-i386-win32-vc8-debug:sdp.obj
 0002:00045360       _pjmedia_sdp_attr_get_rtpmap 004be360 f   pjmedia-i386-win32-vc8-debug:sdp.obj
 0002:00045690       _pjmedia_sdp_attr_get_ssrc 004be690 f   pjmedia-i386-win32-vc8-debug:sdp.obj
 0002:000458c0       _pjmedia_sdp_attr_remove   004be8c0 f   pjmedia-i386-win32-vc8-debug:sdp.obj
 0002:00045a20       _pjmedia_sdp_attr_remove_all 004bea20 f   pjmedia-i386-win32-vc8-debug:sdp.obj
 0002:00045b90       _pjmedia_sdp_attr_to_rtpmap 004beb90 f   pjmedia-i386-win32-vc8-debug:sdp.obj
 0002:00045c80       _pjmedia_sdp_bandw_clone   004bec80 f   pjmedia-i386-win32-vc8-debug:sdp.obj
 0002:00045cf0       _pjmedia_sdp_conn_clone    004becf0 f   pjmedia-i386-win32-vc8-debug:sdp.obj
 0002:00045db0       _pjmedia_sdp_media_add_attr 004bedb0 f   pjmedia-i386-win32-vc8-debug:sdp.obj
 0002:00045df0       _pjmedia_sdp_media_clone   004bedf0 f   pjmedia-i386-win32-vc8-debug:sdp.obj
 0002:00046150       _pjmedia_sdp_media_clone_deactivate 004bf150 f   pjmedia-i386-win32-vc8-debug:sdp.obj
 0002:000463e0       _pjmedia_sdp_media_deactivate 004bf3e0 f   pjmedia-i386-win32-vc8-debug:sdp.obj
 0002:00046450       _pjmedia_sdp_media_find_attr 004bf450 f   pjmedia-i386-win32-vc8-debug:sdp.obj
 0002:000464e0       _pjmedia_sdp_media_find_attr2 004bf4e0 f   pjmedia-i386-win32-vc8-debug:sdp.obj
 0002:00046570       _pjmedia_sdp_media_remove_all_attr 004bf570 f   pjmedia-i386-win32-vc8-debug:sdp.obj
 0002:000465b0       _pjmedia_sdp_media_remove_attr 004bf5b0 f   pjmedia-i386-win32-vc8-debug:sdp.obj
 0002:000465f0       _pjmedia_sdp_parse         004bf5f0 f   pjmedia-i386-win32-vc8-debug:sdp.obj
 0002:00046d30       _pjmedia_sdp_print         004bfd30 f   pjmedia-i386-win32-vc8-debug:sdp.obj
 0002:00046d60       _pjmedia_sdp_rtpmap_to_attr 004bfd60 f   pjmedia-i386-win32-vc8-debug:sdp.obj
 0002:00046fe0       _pjmedia_sdp_session_add_attr 004bffe0 f   pjmedia-i386-win32-vc8-debug:sdp.obj
 0002:00047020       _pjmedia_sdp_session_clone 004c0020 f   pjmedia-i386-win32-vc8-debug:sdp.obj
 0002:00047360       _pjmedia_sdp_transport_cmp 004c0360 f   pjmedia-i386-win32-vc8-debug:sdp.obj
 0002:000473f0       _pjmedia_sdp_transport_get_proto 004c03f0 f   pjmedia-i386-win32-vc8-debug:sdp.obj
 0002:000475e0       _pjmedia_sdp_validate      004c05e0 f   pjmedia-i386-win32-vc8-debug:sdp.obj
 0002:00047610       _pjmedia_sdp_validate2     004c0610 f   pjmedia-i386-win32-vc8-debug:sdp.obj
 0002:00048510       _pjmedia_strerror          004c1510 f   pjmedia-i386-win32-vc8-debug:errno.obj
 0002:00048800       _pjmedia_vid_codec_info_to_id 004c1800 f   pjmedia-i386-win32-vc8-debug:vid_codec.obj
 0002:000488e0       _pjmedia_vid_codec_mgr_alloc_codec 004c18e0 f   pjmedia-i386-win32-vc8-debug:vid_codec.obj
 0002:00048a60       _pjmedia_vid_codec_mgr_create 004c1a60 f   pjmedia-i386-win32-vc8-debug:vid_codec.obj
 0002:00048b60       _pjmedia_vid_codec_mgr_dealloc_codec 004c1b60 f   pjmedia-i386-win32-vc8-debug:vid_codec.obj
 0002:00048c30       _pjmedia_vid_codec_mgr_destroy 004c1c30 f   pjmedia-i386-win32-vc8-debug:vid_codec.obj
 0002:00048cf0       _pjmedia_vid_codec_mgr_enum_codecs 004c1cf0 f   pjmedia-i386-win32-vc8-debug:vid_codec.obj
 0002:00048ea0       _pjmedia_vid_codec_mgr_find_codecs_by_id 004c1ea0 f   pjmedia-i386-win32-vc8-debug:vid_codec.obj
 0002:000490a0       _pjmedia_vid_codec_mgr_get_codec_info 004c20a0 f   pjmedia-i386-win32-vc8-debug:vid_codec.obj
 0002:000491e0       _pjmedia_vid_codec_mgr_get_codec_info2 004c21e0 f   pjmedia-i386-win32-vc8-debug:vid_codec.obj
 0002:00049320       _pjmedia_vid_codec_mgr_get_default_param 004c2320 f   pjmedia-i386-win32-vc8-debug:vid_codec.obj
 0002:000495a0       _pjmedia_vid_codec_mgr_instance 004c25a0 f   pjmedia-i386-win32-vc8-debug:vid_codec.obj
 0002:000495c0       _pjmedia_vid_codec_mgr_register_factory 004c25c0 f   pjmedia-i386-win32-vc8-debug:vid_codec.obj
 0002:000498a0       _pjmedia_vid_codec_mgr_set_codec_priority 004c28a0 f   pjmedia-i386-win32-vc8-debug:vid_codec.obj
 0002:00049a40       _pjmedia_vid_codec_mgr_set_default_param 004c2a40 f   pjmedia-i386-win32-vc8-debug:vid_codec.obj
 0002:00049d60       _pjmedia_vid_codec_mgr_set_instance 004c2d60 f   pjmedia-i386-win32-vc8-debug:vid_codec.obj
 0002:00049d80       _pjmedia_vid_codec_mgr_unregister_factory 004c2d80 f   pjmedia-i386-win32-vc8-debug:vid_codec.obj
 0002:00049f20       _pjmedia_vid_codec_param_clone 004c2f20 f   pjmedia-i386-win32-vc8-debug:vid_codec.obj
 0002:0004cd70       _get_libsrtp_errstr        004c5d70 f   pjmedia-i386-win32-vc8-debug:transport_srtp.obj
 0002:0004d340       _pjmedia_srtp_enum_crypto  004c6340 f   pjmedia-i386-win32-vc8-debug:transport_srtp.obj
 0002:0004d430       _pjmedia_srtp_enum_keying  004c6430 f   pjmedia-i386-win32-vc8-debug:transport_srtp.obj
 0002:0004d4e0       _pjmedia_srtp_init_lib     004c64e0 f   pjmedia-i386-win32-vc8-debug:transport_srtp.obj
 0002:0004d5c0       _pjmedia_srtp_setting_default 004c65c0 f   pjmedia-i386-win32-vc8-debug:transport_srtp.obj
 0002:0004d950       _pjmedia_transport_srtp_create 004c6950 f   pjmedia-i386-win32-vc8-debug:transport_srtp.obj
 0002:0004de40       _pjmedia_transport_srtp_decrypt_pkt 004c6e40 f   pjmedia-i386-win32-vc8-debug:transport_srtp.obj
 0002:0004e090       _pjmedia_transport_srtp_dtls_get_fingerprint 004c7090 f   pjmedia-i386-win32-vc8-debug:transport_srtp.obj
 0002:0004e0b0       _pjmedia_transport_srtp_dtls_start_nego 004c70b0 f   pjmedia-i386-win32-vc8-debug:transport_srtp.obj
 0002:0004e0d0       _pjmedia_transport_srtp_get_member 004c70d0 f   pjmedia-i386-win32-vc8-debug:transport_srtp.obj
 0002:0004e140       _pjmedia_transport_srtp_start 004c7140 f   pjmedia-i386-win32-vc8-debug:transport_srtp.obj
 0002:0004ec20       _pjmedia_transport_srtp_stop 004c7c20 f   pjmedia-i386-win32-vc8-debug:transport_srtp.obj
 0002:0004f840       _pjnath_init               004c8840 f   pjnath-i386-win32-vc8-debug:errno.obj
 0002:0004f8f0       _pjnath_perror             004c88f0 f   pjnath-i386-win32-vc8-debug:errno.obj
 0002:00051620       _pj_stun_attr_clone        004ca620 f   pjnath-i386-win32-vc8-debug:stun_msg.obj
 0002:000516f0       _pj_stun_binary_attr_create 004ca6f0 f   pjnath-i386-win32-vc8-debug:stun_msg.obj
 0002:000517b0       _pj_stun_binary_attr_init  004ca7b0 f   pjnath-i386-win32-vc8-debug:stun_msg.obj
 0002:000518a0       _pj_stun_empty_attr_create 004ca8a0 f   pjnath-i386-win32-vc8-debug:stun_msg.obj
 0002:00051940       _pj_stun_errcode_attr_create 004ca940 f   pjnath-i386-win32-vc8-debug:stun_msg.obj
 0002:00051aa0       _pj_stun_get_attr_name     004caaa0 f   pjnath-i386-win32-vc8-debug:stun_msg.obj
 0002:00051af0       _pj_stun_get_class_name    004caaf0 f   pjnath-i386-win32-vc8-debug:stun_msg.obj
 0002:00051b80       _pj_stun_get_err_reason    004cab80 f   pjnath-i386-win32-vc8-debug:stun_msg.obj
 0002:00051c60       _pj_stun_get_method_name   004cac60 f   pjnath-i386-win32-vc8-debug:stun_msg.obj
 0002:00051ca0       _pj_stun_msg_add_attr      004caca0 f   pjnath-i386-win32-vc8-debug:stun_msg.obj
 0002:00051d80       _pj_stun_msg_add_binary_attr 004cad80 f   pjnath-i386-win32-vc8-debug:stun_msg.obj
 0002:00051df0       _pj_stun_msg_add_empty_attr 004cadf0 f   pjnath-i386-win32-vc8-debug:stun_msg.obj
 0002:00051e50       _pj_stun_msg_add_errcode_attr 004cae50 f   pjnath-i386-win32-vc8-debug:stun_msg.obj
 0002:00051eb0       _pj_stun_msg_add_msgint_attr 004caeb0 f   pjnath-i386-win32-vc8-debug:stun_msg.obj
 0002:00051f10       _pj_stun_msg_add_sockaddr_attr 004caf10 f   pjnath-i386-win32-vc8-debug:stun_msg.obj
 0002:00051f80       _pj_stun_msg_add_string_attr 004caf80 f   pjnath-i386-win32-vc8-debug:stun_msg.obj
 0002:00051fe0       _pj_stun_msg_add_uint64_attr 004cafe0 f   pjnath-i386-win32-vc8-debug:stun_msg.obj
 0002:00052040       _pj_stun_msg_add_uint_attr 004cb040 f   pjnath-i386-win32-vc8-debug:stun_msg.obj
 0002:000520a0       _pj_stun_msg_add_unknown_attr 004cb0a0 f   pjnath-i386-win32-vc8-debug:stun_msg.obj
 0002:00052100       _pj_stun_msg_check         004cb100 f   pjnath-i386-win32-vc8-debug:stun_msg.obj
 0002:000522e0       _pj_stun_msg_clone         004cb2e0 f   pjnath-i386-win32-vc8-debug:stun_msg.obj
 0002:00052400       _pj_stun_msg_create        004cb400 f   pjnath-i386-win32-vc8-debug:stun_msg.obj
 0002:000524b0       _pj_stun_msg_create_response 004cb4b0 f   pjnath-i386-win32-vc8-debug:stun_msg.obj
 0002:00052620       _pj_stun_msg_decode        004cb620 f   pjnath-i386-win32-vc8-debug:stun_msg.obj
 0002:00052e20       _pj_stun_msg_encode        004cbe20 f   pjnath-i386-win32-vc8-debug:stun_msg.obj
 0002:00053530       _pj_stun_msg_find_attr     004cc530 f   pjnath-i386-win32-vc8-debug:stun_msg.obj
 0002:000535d0       _pj_stun_msg_init          004cc5d0 f   pjnath-i386-win32-vc8-debug:stun_msg.obj
 0002:00053710       _pj_stun_msgint_attr_create 004cc710 f   pjnath-i386-win32-vc8-debug:stun_msg.obj
 0002:000537b0       _pj_stun_set_padding_char  004cc7b0 f   pjnath-i386-win32-vc8-debug:stun_msg.obj
 0002:000537e0       _pj_stun_sockaddr_attr_create 004cc7e0 f   pjnath-i386-win32-vc8-debug:stun_msg.obj
 0002:00053890       _pj_stun_sockaddr_attr_init 004cc890 f   pjnath-i386-win32-vc8-debug:stun_msg.obj
 0002:000539b0       _pj_stun_string_attr_create 004cc9b0 f   pjnath-i386-win32-vc8-debug:stun_msg.obj
 0002:00053a60       _pj_stun_string_attr_init  004cca60 f   pjnath-i386-win32-vc8-debug:stun_msg.obj
 0002:00053af0       _pj_stun_uint64_attr_create 004ccaf0 f   pjnath-i386-win32-vc8-debug:stun_msg.obj
 0002:00053bc0       _pj_stun_uint_attr_create  004ccbc0 f   pjnath-i386-win32-vc8-debug:stun_msg.obj
 0002:00053c70       _pj_stun_unknown_attr_create 004ccc70 f   pjnath-i386-win32-vc8-debug:stun_msg.obj
 0002:00053d70       _pjlib_util_init           004ccd70 f   pjlib-util-i386-win32-vc8-debug:errno.obj
 0002:00053de0       _pjlib_util_strerror       004ccde0 f   pjlib-util-i386-win32-vc8-debug:errno.obj
 0002:00053fa0       _pj_cis_add_alpha          004ccfa0 f   pjlib-util-i386-win32-vc8-debug:scanner.obj
 0002:00053fe0       _pj_cis_add_cis            004ccfe0 f   pjlib-util-i386-win32-vc8-debug:scanner.obj
 0002:00054070       _pj_cis_add_num            004cd070 f   pjlib-util-i386-win32-vc8-debug:scanner.obj
 0002:000540a0       _pj_cis_add_range          004cd0a0 f   pjlib-util-i386-win32-vc8-debug:scanner.obj
 0002:00054120       _pj_cis_add_str            004cd120 f   pjlib-util-i386-win32-vc8-debug:scanner.obj
 0002:00054190       _pj_cis_buf_init           004cd190 f   pjlib-util-i386-win32-vc8-debug:scanner.obj
 0002:000541d0       _pj_cis_del_range          004cd1d0 f   pjlib-util-i386-win32-vc8-debug:scanner.obj
 0002:00054230       _pj_cis_del_str            004cd230 f   pjlib-util-i386-win32-vc8-debug:scanner.obj
 0002:000542a0       _pj_cis_dup                004cd2a0 f   pjlib-util-i386-win32-vc8-debug:scanner.obj
 0002:00054390       _pj_cis_init               004cd390 f   pjlib-util-i386-win32-vc8-debug:scanner.obj
 0002:00054430       _pj_cis_invert             004cd430 f   pjlib-util-i386-win32-vc8-debug:scanner.obj
 0002:000545f0       _pj_scan_advance_n         004cd5f0 f   pjlib-util-i386-win32-vc8-debug:scanner.obj
 0002:00054670       _pj_scan_fini              004cd670 f   pjlib-util-i386-win32-vc8-debug:scanner.obj
 0002:000546a0       _pj_scan_get               004cd6a0 f   pjlib-util-i386-win32-vc8-debug:scanner.obj
 0002:000547a0       _pj_scan_get_char          004cd7a0 f   pjlib-util-i386-win32-vc8-debug:scanner.obj
 0002:00054820       _pj_scan_get_n             004cd820 f   pjlib-util-i386-win32-vc8-debug:scanner.obj
 0002:000548c0       _pj_scan_get_newline       004cd8c0 f   pjlib-util-i386-win32-vc8-debug:scanner.obj
 0002:00054980       _pj_scan_get_quote         004cd980 f   pjlib-util-i386-win32-vc8-debug:scanner.obj
 0002:000549d0       _pj_scan_get_quotes        004cd9d0 f   pjlib-util-i386-win32-vc8-debug:scanner.obj
 0002:00054bf0       _pj_scan_get_unescape      004cdbf0 f   pjlib-util-i386-win32-vc8-debug:scanner.obj
 0002:00054ea0       _pj_scan_get_until         004cdea0 f   pjlib-util-i386-win32-vc8-debug:scanner.obj
 0002:00054f70       _pj_scan_get_until_ch      004cdf70 f   pjlib-util-i386-win32-vc8-debug:scanner.obj
 0002:00055030       _pj_scan_get_until_chr     004ce030 f   pjlib-util-i386-win32-vc8-debug:scanner.obj
 0002:00055120       _pj_scan_init              004ce120 f   pjlib-util-i386-win32-vc8-debug:scanner.obj
 0002:000551c0       _pj_scan_peek              004ce1c0 f   pjlib-util-i386-win32-vc8-debug:scanner.obj
 0002:00055260       _pj_scan_peek_n            004ce260 f   pjlib-util-i386-win32-vc8-debug:scanner.obj
 0002:000552d0       _pj_scan_peek_until        004ce2d0 f   pjlib-util-i386-win32-vc8-debug:scanner.obj
 0002:00055370       _pj_scan_restore_state     004ce370 f   pjlib-util-i386-win32-vc8-debug:scanner.obj
 0002:000553b0       _pj_scan_save_state        004ce3b0 f   pjlib-util-i386-win32-vc8-debug:scanner.obj
 0002:000553f0       _pj_scan_skip_line         004ce3f0 f   pjlib-util-i386-win32-vc8-debug:scanner.obj
 0002:00055470       _pj_scan_skip_whitespace   004ce470 f   pjlib-util-i386-win32-vc8-debug:scanner.obj
 0002:000556d0       _pj_scan_strcmp            004ce6d0 f   pjlib-util-i386-win32-vc8-debug:scanner.obj
 0002:00055730       _pj_scan_stricmp           004ce730 f   pjlib-util-i386-win32-vc8-debug:scanner.obj
 0002:00055790       _pj_scan_stricmp_alnum     004ce790 f   pjlib-util-i386-win32-vc8-debug:scanner.obj
 0002:00055950       _pj_str_unescape           004ce950 f   pjlib-util-i386-win32-vc8-debug:string.obj
 0002:00055b00       _pj_strcpy_unescape        004ceb00 f   pjlib-util-i386-win32-vc8-debug:string.obj
 0002:00055bf0       _pj_strncpy2_escape        004cebf0 f   pjlib-util-i386-win32-vc8-debug:string.obj
 0002:00055d30       _pj_strncpy_escape         004ced30 f   pjlib-util-i386-win32-vc8-debug:string.obj
 0002:00056d40       _pj_dns_parse_a_response   004cfd40 f   pjlib-util-i386-win32-vc8-debug:resolver.obj
 0002:000571c0       _pj_dns_parse_addr_response 004d01c0 f   pjlib-util-i386-win32-vc8-debug:resolver.obj
 0002:00057720       _pj_dns_resolver_add_entry 004d0720 f   pjlib-util-i386-win32-vc8-debug:resolver.obj
 0002:00057a80       _pj_dns_resolver_cancel_query 004d0a80 f   pjlib-util-i386-win32-vc8-debug:resolver.obj
 0002:00057b80       _pj_dns_resolver_create    004d0b80 f   pjlib-util-i386-win32-vc8-debug:resolver.obj
 0002:00057e50       _pj_dns_resolver_destroy   004d0e50 f   pjlib-util-i386-win32-vc8-debug:resolver.obj
 0002:00058100       _pj_dns_resolver_dump      004d1100 f   pjlib-util-i386-win32-vc8-debug:resolver.obj
 0002:00058570       _pj_dns_resolver_get_cached_count 004d1570 f   pjlib-util-i386-win32-vc8-debug:resolver.obj
 0002:00058610       _pj_dns_resolver_get_settings 004d1610 f   pjlib-util-i386-win32-vc8-debug:resolver.obj
 0002:000586c0       _pj_dns_resolver_handle_events 004d16c0 f   pjlib-util-i386-win32-vc8-debug:resolver.obj
 0002:00058760       _pj_dns_resolver_set_ns    004d1760 f   pjlib-util-i386-win32-vc8-debug:resolver.obj
 0002:000589e0       _pj_dns_resolver_set_settings 004d19e0 f   pjlib-util-i386-win32-vc8-debug:resolver.obj
 0002:00058a90       _pj_dns_resolver_start_query 004d1a90 f   pjlib-util-i386-win32-vc8-debug:resolver.obj
 0002:00059150       _pj_dns_settings_default   004d2150 f   pjlib-util-i386-win32-vc8-debug:resolver.obj
 0002:0005b720       _pj_md5_final              004d4720 f   pjlib-util-i386-win32-vc8-debug:md5.obj
 0002:0005b890       _pj_md5_init               004d4890 f   pjlib-util-i386-win32-vc8-debug:md5.obj
 0002:0005b930       _pj_md5_update             004d4930 f   pjlib-util-i386-win32-vc8-debug:md5.obj
 0002:0005c960       _pj_dns_get_type_name      004d5960 f   pjlib-util-i386-win32-vc8-debug:dns.obj
 0002:0005ca60       _pj_dns_init_a_rr          004d5a60 f   pjlib-util-i386-win32-vc8-debug:dns.obj
 0002:0005cad0       _pj_dns_init_aaaa_rr       004d5ad0 f   pjlib-util-i386-win32-vc8-debug:dns.obj
 0002:0005cb60       _pj_dns_init_cname_rr      004d5b60 f   pjlib-util-i386-win32-vc8-debug:dns.obj
 0002:0005cbe0       _pj_dns_init_srv_rr        004d5be0 f   pjlib-util-i386-win32-vc8-debug:dns.obj
 0002:0005cc80       _pj_dns_make_query         004d5c80 f   pjlib-util-i386-win32-vc8-debug:dns.obj
 0002:0005cef0       _pj_dns_packet_dup         004d5ef0 f   pjlib-util-i386-win32-vc8-debug:dns.obj
 0002:0005d340       _pj_dns_parse_packet       004d6340 f   pjlib-util-i386-win32-vc8-debug:dns.obj
 0002:0005f550       _pj_dns_srv_cancel_query   004d8550 f   pjlib-util-i386-win32-vc8-debug:srv_resolver.obj
 0002:0005f6c0       _pj_dns_srv_resolve        004d86c0 f   pjlib-util-i386-win32-vc8-debug:srv_resolver.obj
 0002:0005fe10       _pj_base64_decode          004d8e10 f   pjlib-util-i386-win32-vc8-debug:base64.obj
 0002:00060180       _pj_base64_encode          004d9180 f   pjlib-util-i386-win32-vc8-debug:base64.obj
 0002:000603b0       _pj_crc32_calc             004d93b0 f   pjlib-util-i386-win32-vc8-debug:crc32.obj
 0002:00060400       _pj_crc32_final            004d9400 f   pjlib-util-i386-win32-vc8-debug:crc32.obj
 0002:00060420       _pj_crc32_init             004d9420 f   pjlib-util-i386-win32-vc8-debug:crc32.obj
 0002:00060440       _pj_crc32_update           004d9440 f   pjlib-util-i386-win32-vc8-debug:crc32.obj
 0002:00060600       _pj_hmac_sha1              004d9600 f   pjlib-util-i386-win32-vc8-debug:hmac_sha1.obj
 0002:00060690       _pj_hmac_sha1_final        004d9690 f   pjlib-util-i386-win32-vc8-debug:hmac_sha1.obj
 0002:00060710       _pj_hmac_sha1_init         004d9710 f   pjlib-util-i386-win32-vc8-debug:hmac_sha1.obj
 0002:00060880       _pj_hmac_sha1_update       004d9880 f   pjlib-util-i386-win32-vc8-debug:hmac_sha1.obj
 0002:00065520       _pj_sha1_final             004de520 f   pjlib-util-i386-win32-vc8-debug:sha1.obj
 0002:000656e0       _pj_sha1_init              004de6e0 f   pjlib-util-i386-win32-vc8-debug:sha1.obj
 0002:000657a0       _pj_sha1_update            004de7a0 f   pjlib-util-i386-win32-vc8-debug:sha1.obj
 0002:00065ae0       _pj_atexit                 004deae0 f   pjlib-i386-win32-vc8-debug:os_core_win32.obj
 0002:00065b30       _pj_atomic_add             004deb30 f   pjlib-i386-win32-vc8-debug:os_core_win32.obj
 0002:00065b90       _pj_atomic_add_and_get     004deb90 f   pjlib-i386-win32-vc8-debug:os_core_win32.obj
 0002:00065bc0       _pj_atomic_create          004debc0 f   pjlib-i386-win32-vc8-debug:os_core_win32.obj
 0002:00065c10       _pj_atomic_dec             004dec10 f   pjlib-i386-win32-vc8-debug:os_core_win32.obj
 0002:00065c70       _pj_atomic_dec_and_get     004dec70 f   pjlib-i386-win32-vc8-debug:os_core_win32.obj
 0002:00065cb0       _pj_atomic_destroy         004decb0 f   pjlib-i386-win32-vc8-debug:os_core_win32.obj
 0002:00065d10       _pj_atomic_get             004ded10 f   pjlib-i386-win32-vc8-debug:os_core_win32.obj
 0002:00065d80       _pj_atomic_inc             004ded80 f   pjlib-i386-win32-vc8-debug:os_core_win32.obj
 0002:00065de0       _pj_atomic_inc_and_get     004dede0 f   pjlib-i386-win32-vc8-debug:os_core_win32.obj
 0002:00065e30       _pj_atomic_set             004dee30 f   pjlib-i386-win32-vc8-debug:os_core_win32.obj
 0002:00065f60       _pj_enter_critical_section 004def60 f   pjlib-i386-win32-vc8-debug:os_core_win32.obj
 0002:00065f90       _pj_event_create           004def90 f   pjlib-i386-win32-vc8-debug:os_core_win32.obj
 0002:00066180       _pj_event_destroy          004df180 f   pjlib-i386-win32-vc8-debug:os_core_win32.obj
 0002:00066270       _pj_event_pulse            004df270 f   pjlib-i386-win32-vc8-debug:os_core_win32.obj
 0002:00066360       _pj_event_reset            004df360 f   pjlib-i386-win32-vc8-debug:os_core_win32.obj
 0002:00066450       _pj_event_set              004df450 f   pjlib-i386-win32-vc8-debug:os_core_win32.obj
 0002:00066540       _pj_event_trywait          004df540 f   pjlib-i386-win32-vc8-debug:os_core_win32.obj
 0002:000665b0       _pj_event_wait             004df5b0 f   pjlib-i386-win32-vc8-debug:os_core_win32.obj
 0002:00066750       _pj_getpid                 004df750 f   pjlib-i386-win32-vc8-debug:os_core_win32.obj
 0002:00066790       _pj_init                   004df790 f   pjlib-i386-win32-vc8-debug:os_core_win32.obj
 0002:000669f0       _pj_leave_critical_section 004df9f0 f   pjlib-i386-win32-vc8-debug:os_core_win32.obj
 0002:00066a20       _pj_mutex_create           004dfa20 f   pjlib-i386-win32-vc8-debug:os_core_win32.obj
 0002:00066ae0       _pj_mutex_create_recursive 004dfae0 f   pjlib-i386-win32-vc8-debug:os_core_win32.obj
 0002:00066b10       _pj_mutex_create_simple    004dfb10 f   pjlib-i386-win32-vc8-debug:os_core_win32.obj
 0002:00066b40       _pj_mutex_destroy          004dfb40 f   pjlib-i386-win32-vc8-debug:os_core_win32.obj
 0002:00066bd0       _pj_mutex_is_locked        004dfbd0 f   pjlib-i386-win32-vc8-debug:os_core_win32.obj
 0002:00066c10       _pj_mutex_lock             004dfc10 f   pjlib-i386-win32-vc8-debug:os_core_win32.obj
 0002:00066ce0       _pj_mutex_trylock          004dfce0 f   pjlib-i386-win32-vc8-debug:os_core_win32.obj
 0002:00066dd0       _pj_mutex_unlock           004dfdd0 f   pjlib-i386-win32-vc8-debug:os_core_win32.obj
 0002:00066ed0       _pj_run_app                004dfed0 f   pjlib-i386-win32-vc8-debug:os_core_win32.obj
 0002:00066f00       _pj_rwmutex_create         004dff00 f   pjlib-i386-win32-vc8-debug:os_core_win32.obj
 0002:00067010       _pj_rwmutex_destroy        004e0010 f   pjlib-i386-win32-vc8-debug:os_core_win32.obj
 0002:00067090       _pj_rwmutex_lock_read      004e0090 f   pjlib-i386-win32-vc8-debug:os_core_win32.obj
 0002:000671c0       _pj_rwmutex_lock_write     004e01c0 f   pjlib-i386-win32-vc8-debug:os_core_win32.obj
 0002:00067230       _pj_rwmutex_unlock_read    004e0230 f   pjlib-i386-win32-vc8-debug:os_core_win32.obj
 0002:00067350       _pj_rwmutex_unlock_write   004e0350 f   pjlib-i386-win32-vc8-debug:os_core_win32.obj
 0002:000673f0       _pj_sem_create             004e03f0 f   pjlib-i386-win32-vc8-debug:os_core_win32.obj
 0002:00067590       _pj_sem_destroy            004e0590 f   pjlib-i386-win32-vc8-debug:os_core_win32.obj
 0002:00067680       _pj_sem_post               004e0680 f   pjlib-i386-win32-vc8-debug:os_core_win32.obj
 0002:00067770       _pj_sem_trywait            004e0770 f   pjlib-i386-win32-vc8-debug:os_core_win32.obj
 0002:000677f0       _pj_sem_wait               004e07f0 f   pjlib-i386-win32-vc8-debug:os_core_win32.obj
 0002:000679a0       _pj_shutdown               004e09a0 f   pjlib-i386-win32-vc8-debug:os_core_win32.obj
 0002:00067b30       _pj_term_get_color         004e0b30 f   pjlib-i386-win32-vc8-debug:os_core_win32.obj
 0002:00067ba0       _pj_term_set_color         004e0ba0 f   pjlib-i386-win32-vc8-debug:os_core_win32.obj
 0002:00067c70       _pj_thread_check_stack     004e0c70 f   pjlib-i386-win32-vc8-debug:os_core_win32.obj
 0002:00067d70       _pj_thread_create          004e0d70 f   pjlib-i386-win32-vc8-debug:os_core_win32.obj
 0002:00067fb0       _pj_thread_destroy         004e0fb0 f   pjlib-i386-win32-vc8-debug:os_core_win32.obj
 0002:00068090       _pj_thread_get_name        004e1090 f   pjlib-i386-win32-vc8-debug:os_core_win32.obj
 0002:00068110       _pj_thread_get_os_handle   004e1110 f   pjlib-i386-win32-vc8-debug:os_core_win32.obj
 0002:00068170       _pj_thread_get_prio        004e1170 f   pjlib-i386-win32-vc8-debug:os_core_win32.obj
 0002:000681a0       _pj_thread_get_prio_max    004e11a0 f   pjlib-i386-win32-vc8-debug:os_core_win32.obj
 0002:000681c0       _pj_thread_get_prio_min    004e11c0 f   pjlib-i386-win32-vc8-debug:os_core_win32.obj
 0002:000681e0       _pj_thread_get_stack_info  004e11e0 f   pjlib-i386-win32-vc8-debug:os_core_win32.obj
 0002:00068240       _pj_thread_get_stack_max_usage 004e1240 f   pjlib-i386-win32-vc8-debug:os_core_win32.obj
 0002:00068260       _pj_thread_init            004e1260 f   pjlib-i386-win32-vc8-debug:os_core_win32.obj
 0002:000682c0       _pj_thread_is_registered   004e12c0 f   pjlib-i386-win32-vc8-debug:os_core_win32.obj
 0002:00068310       _pj_thread_join            004e1310 f   pjlib-i386-win32-vc8-debug:os_core_win32.obj
 0002:00068440       _pj_thread_local_alloc     004e1440 f   pjlib-i386-win32-vc8-debug:os_core_win32.obj
 0002:00068500       _pj_thread_local_free      004e1500 f   pjlib-i386-win32-vc8-debug:os_core_win32.obj
 0002:00068540       _pj_thread_local_get       004e1540 f   pjlib-i386-win32-vc8-debug:os_core_win32.obj
 0002:00068560       _pj_thread_local_set       004e1560 f   pjlib-i386-win32-vc8-debug:os_core_win32.obj
 0002:000685f0       _pj_thread_register        004e15f0 f   pjlib-i386-win32-vc8-debug:os_core_win32.obj
 0002:00068760       _pj_thread_resume          004e1760 f   pjlib-i386-win32-vc8-debug:os_core_win32.obj
 0002:00068840       _pj_thread_set_prio        004e1840 f   pjlib-i386-win32-vc8-debug:os_core_win32.obj
 0002:00068950       _pj_thread_sleep           004e1950 f   pjlib-i386-win32-vc8-debug:os_core_win32.obj
 0002:00068990       _pj_thread_this            004e1990 f   pjlib-i386-win32-vc8-debug:os_core_win32.obj
 0002:00068b70       _pj_errno_clear_handlers   004e1b70 f   pjlib-i386-win32-vc8-debug:errno.obj
 0002:00068be0       _pj_perror                 004e1be0 f   pjlib-i386-win32-vc8-debug:errno.obj
 0002:00068c30       _pj_perror_1               004e1c30 f   pjlib-i386-win32-vc8-debug:errno.obj
 0002:00068c80       _pj_perror_2               004e1c80 f   pjlib-i386-win32-vc8-debug:errno.obj
 0002:00068cd0       _pj_perror_3               004e1cd0 f   pjlib-i386-win32-vc8-debug:errno.obj
 0002:00068d20       _pj_perror_4               004e1d20 f   pjlib-i386-win32-vc8-debug:errno.obj
 0002:00068d70       _pj_perror_5               004e1d70 f   pjlib-i386-win32-vc8-debug:errno.obj
 0002:00068e90       _pj_register_strerror      004e1e90 f   pjlib-i386-win32-vc8-debug:errno.obj
 0002:000690c0       _pj_strerror               004e20c0 f   pjlib-i386-win32-vc8-debug:errno.obj
 0002:00069550       _pj_log                    004e2550 f   pjlib-i386-win32-vc8-debug:log.obj
 0002:00069e00       _pj_log_1                  004e2e00 f   pjlib-i386-win32-vc8-debug:log.obj
 0002:00069e40       _pj_log_2                  004e2e40 f   pjlib-i386-win32-vc8-debug:log.obj
 0002:00069e80       _pj_log_3                  004e2e80 f   pjlib-i386-win32-vc8-debug:log.obj
 0002:00069ec0       _pj_log_4                  004e2ec0 f   pjlib-i386-win32-vc8-debug:log.obj
 0002:00069f00       _pj_log_5                  004e2f00 f   pjlib-i386-win32-vc8-debug:log.obj
 0002:00069f40       _pj_log_add_indent         004e2f40 f   pjlib-i386-win32-vc8-debug:log.obj
 0002:00069f70       _pj_log_get_color          004e2f70 f   pjlib-i386-win32-vc8-debug:log.obj
 0002:0006a010       _pj_log_get_decor          004e3010 f   pjlib-i386-win32-vc8-debug:log.obj
 0002:0006a030       _pj_log_get_level          004e3030 f   pjlib-i386-win32-vc8-debug:log.obj
 0002:0006a050       _pj_log_get_log_func       004e3050 f   pjlib-i386-win32-vc8-debug:log.obj
 0002:0006a070       _pj_log_init               004e3070 f   pjlib-i386-win32-vc8-debug:log.obj
 0002:0006a110       _pj_log_pop_indent         004e3110 f   pjlib-i386-win32-vc8-debug:log.obj
 0002:0006a130       _pj_log_push_indent        004e3130 f   pjlib-i386-win32-vc8-debug:log.obj
 0002:0006a150       _pj_log_set_color          004e3150 f   pjlib-i386-win32-vc8-debug:log.obj
 0002:0006a280       _pj_log_set_decor          004e3280 f   pjlib-i386-win32-vc8-debug:log.obj
 0002:0006a2a0       _pj_log_set_level          004e32a0 f   pjlib-i386-win32-vc8-debug:log.obj
 0002:0006a2c0       _pj_log_set_log_func       004e32c0 f   pjlib-i386-win32-vc8-debug:log.obj
 0002:0006aaf0       _pj_caching_pool_destroy   004e3af0 f   pjlib-i386-win32-vc8-debug:pool_caching.obj
 0002:0006ac60       _pj_caching_pool_init      004e3c60 f   pjlib-i386-win32-vc8-debug:pool_caching.obj
 0002:0006ae50       _pj_time_val_normalize     004e3e50 f   pjlib-i386-win32-vc8-debug:types.obj
 0002:0006b000       _pj_list_erase             004e4000 f   pjlib-i386-win32-vc8-debug:list.obj
 0002:0006b040       _pj_list_find_node         004e4040 f   pjlib-i386-win32-vc8-debug:list.obj
 0002:0006b0e0       _pj_list_insert_after      004e40e0 f   pjlib-i386-win32-vc8-debug:list.obj
 0002:0006b130       _pj_list_insert_before     004e4130 f   pjlib-i386-win32-vc8-debug:list.obj
 0002:0006b160       _pj_list_insert_nodes_after 004e4160 f   pjlib-i386-win32-vc8-debug:list.obj
 0002:0006b1c0       _pj_list_insert_nodes_before 004e41c0 f   pjlib-i386-win32-vc8-debug:list.obj
 0002:0006b1f0       _pj_list_merge_first       004e41f0 f   pjlib-i386-win32-vc8-debug:list.obj
 0002:0006b260       _pj_list_merge_last        004e4260 f   pjlib-i386-win32-vc8-debug:list.obj
 0002:0006b2d0       _pj_list_search            004e42d0 f   pjlib-i386-win32-vc8-debug:list.obj
 0002:0006b340       _pj_list_size              004e4340 f   pjlib-i386-win32-vc8-debug:list.obj
 0002:0006bad0       _pj_grp_lock_acquire       004e4ad0 f   pjlib-i386-win32-vc8-debug:lock.obj
 0002:0006bb00       _pj_grp_lock_add_handler   004e4b00 f   pjlib-i386-win32-vc8-debug:lock.obj
 0002:0006bb40       _pj_grp_lock_add_ref       004e4b40 f   pjlib-i386-win32-vc8-debug:lock.obj
 0002:0006bb70       _pj_grp_lock_chain_lock    004e4b70 f   pjlib-i386-win32-vc8-debug:lock.obj
 0002:0006bc60       _pj_grp_lock_config_default 004e4c60 f   pjlib-i386-win32-vc8-debug:lock.obj
 0002:0006bc90       _pj_grp_lock_create        004e4c90 f   pjlib-i386-win32-vc8-debug:lock.obj
 0002:0006be70       _pj_grp_lock_create_w_handler 004e4e70 f   pjlib-i386-win32-vc8-debug:lock.obj
 0002:0006bed0       _pj_grp_lock_dec_ref       004e4ed0 f   pjlib-i386-win32-vc8-debug:lock.obj
 0002:0006bf00       _pj_grp_lock_del_handler   004e4f00 f   pjlib-i386-win32-vc8-debug:lock.obj
 0002:0006bfa0       _pj_grp_lock_destroy       004e4fa0 f   pjlib-i386-win32-vc8-debug:lock.obj
 0002:0006bfd0       _pj_grp_lock_dump          004e4fd0 f   pjlib-i386-win32-vc8-debug:lock.obj
 0002:0006c030       _pj_grp_lock_get_ref       004e5030 f   pjlib-i386-win32-vc8-debug:lock.obj
 0002:0006c060       _pj_grp_lock_release       004e5060 f   pjlib-i386-win32-vc8-debug:lock.obj
 0002:0006c090       _pj_grp_lock_replace       004e5090 f   pjlib-i386-win32-vc8-debug:lock.obj
 0002:0006c140       _pj_grp_lock_tryacquire    004e5140 f   pjlib-i386-win32-vc8-debug:lock.obj
 0002:0006c170       _pj_grp_lock_unchain_lock  004e5170 f   pjlib-i386-win32-vc8-debug:lock.obj
 0002:0006c2a0       _pj_lock_acquire           004e52a0 f   pjlib-i386-win32-vc8-debug:lock.obj
 0002:0006c310       _pj_lock_create_null_mutex 004e5310 f   pjlib-i386-win32-vc8-debug:lock.obj
 0002:0006c370       _pj_lock_create_recursive_mutex 004e5370 f   pjlib-i386-win32-vc8-debug:lock.obj
 0002:0006c3a0       _pj_lock_create_semaphore  004e53a0 f   pjlib-i386-win32-vc8-debug:lock.obj
 0002:0006c490       _pj_lock_create_simple_mutex 004e5490 f   pjlib-i386-win32-vc8-debug:lock.obj
 0002:0006c4c0       _pj_lock_destroy           004e54c0 f   pjlib-i386-win32-vc8-debug:lock.obj
 0002:0006c530       _pj_lock_release           004e5530 f   pjlib-i386-win32-vc8-debug:lock.obj
 0002:0006c5a0       _pj_lock_tryacquire        004e55a0 f   pjlib-i386-win32-vc8-debug:lock.obj
 0002:0006cb00       _pj_timer_entry_init       004e5b00 f   pjlib-i386-win32-vc8-debug:timer.obj
[...]
 0004:0000a5e8       ___fastflag                005ad5e8     LIBCMTD:fpinit.obj
 0004:0000a5fc       __umaskval                 005ad5fc     LIBCMTD:crt0dat.obj
 0004:0000a600       __exitflag                 005ad600     LIBCMTD:crt0dat.obj
 0004:0000a604       __C_Termination_Done       005ad604     LIBCMTD:crt0dat.obj
 0004:0000a608       ___winitenv                005ad608     LIBCMTD:crt0dat.obj
 0004:0000a60c       ___initenv                 005ad60c     LIBCMTD:crt0dat.obj
 0004:0000a610       ___argc                    005ad610     LIBCMTD:crt0dat.obj
 0004:0000a614       ___argv                    005ad614     LIBCMTD:crt0dat.obj
 0004:0000a618       ___wargv                   005ad618     LIBCMTD:crt0dat.obj
 0004:0000a61c       __environ                  005ad61c     LIBCMTD:crt0dat.obj
 0004:0000a620       __wenviron                 005ad620     LIBCMTD:crt0dat.obj
 0004:0000a624       __pgmptr                   005ad624     LIBCMTD:crt0dat.obj
 0004:0000a628       __wpgmptr                  005ad628     LIBCMTD:crt0dat.obj
 0004:0000a62c       __C_Exit_Done              005ad62c     LIBCMTD:crt0dat.obj
 0004:0000a63c       ___pInvalidArgHandler      005ad63c     LIBCMTD:invarg.obj
 0004:0000a640       __cflush                   005ad640     LIBCMTD:_file.obj
 0004:0000a644       __stdbuf                   005ad644     LIBCMTD:_sftbuf.obj
 0004:0000a650       ___pioinfo                 005ad650     LIBCMTD:ioinit.obj
 0004:0000a784       __crtheap                  005ad784     LIBCMTD:heapinit.obj
 0004:0000a8c8       ___app_type                005ad8c8     LIBCMTD:crt0msg.obj
 0004:0000b034       ___error_mode              005ae034     LIBCMTD:errmode.obj
 0004:0000b038       ___crtDebugCheckCount      005ae038     LIBCMTD:dbgheap.obj
 0004:0000b040       ?_pfnDumpClient@@3P6AXPAXI@ZA 005ae040     LIBCMTD:dbgheap.obj
 0004:0000b094       ___isa_available           005ae094     LIBCMTD:cpu_disp.obj
 0004:0000b098       ___favor                   005ae098     LIBCMTD:cpu_disp.obj
 0004:0000b0a0       ___mbcodepage              005ae0a0     LIBCMTD:mbctype.obj
 0004:0000b0a4       ___ismbcodepage            005ae0a4     LIBCMTD:mbctype.obj
 0004:0000b0a8       ___mbulinfo                005ae0a8     LIBCMTD:mbctype.obj
 0004:0000b0b4       ___mblocalename            005ae0b4     LIBCMTD:mbctype.obj
 0004:0000b0c4       ___locale_changed          005ae0c4     LIBCMTD:wsetloca.obj
 0004:0000b0c8       __newmode                  005ae0c8     LIBCMTD:_newmode.obj
 0004:0000b280       ?__pInconsistency@@3P6AXXZA 005ae280     LIBCMTD:hooks.obj
 0004:0000b284       ?_pnhHeap@@3P6AHI@ZA       005ae284     LIBCMTD:handler.obj
 0004:0000b288       ___pPurecall               005ae288     LIBCMTD:inithelp.obj
 0004:0000b290       ___lconv_static_null       005ae290     LIBCMTD:lconv.obj
 0004:0000b294       ___lconv_static_W_null     005ae294     LIBCMTD:lconv.obj
 0004:0000b29c       __outputformat             005ae29c     LIBCMTD:outputformat.obj
 0004:0000b2a0       ?g_OutOfMemoryExceptionCallback@@3P6GPAXXZA 005ae2a0     LIBCMTD:frame.obj
 0004:0000b2b0       ?pArgList@UnDecorator@@0PAVReplicator@@A 005ae2b0     LIBCMTD:undname.obj
 0004:0000b2b4       ?pZNameList@UnDecorator@@0PAVReplicator@@A 005ae2b4     LIBCMTD:undname.obj
 0004:0000b2b8       ?pTemplateArgList@UnDecorator@@0PAVReplicator@@A 005ae2b8     LIBCMTD:undname.obj
 0004:0000b2bc       ?gName@UnDecorator@@0PBDB  005ae2bc     LIBCMTD:undname.obj
 0004:0000b2c0       ?name@UnDecorator@@0PBDB   005ae2c0     LIBCMTD:undname.obj
 0004:0000b2c4       ?outputString@UnDecorator@@0PADA 005ae2c4     LIBCMTD:undname.obj
 0004:0000b2c8       ?maxStringLength@UnDecorator@@0HA 005ae2c8     LIBCMTD:undname.obj
 0004:0000b2cc       ?disableFlags@UnDecorator@@0KA 005ae2cc     LIBCMTD:undname.obj
 0004:0000b2d0       ?fExplicitTemplateParams@UnDecorator@@0_NA 005ae2d0     LIBCMTD:undname.obj
 0004:0000b2d1       ?fGetTemplateArgumentList@UnDecorator@@0_NA 005ae2d1     LIBCMTD:undname.obj
 0004:0000b2d4       ?m_pGetParameter@UnDecorator@@0P6APADJ@ZA 005ae2d4     LIBCMTD:undname.obj
 0004:0000b358       ?nodes@?1??make@DNameStatusNode@@SAPAV2@W4DNameStatus@@@Z@4PAV2@A 005ae358     LIBCMTD:undname.obj
 0004:0000b394       ??_B?1??make@DNameStatusNode@@SAPAV1@W4DNameStatus@@@Z@51 005ae394     LIBCMTD:undname.obj
 0004:0000b398       _pjsip_dlg_lock_tls_id     005ae398     <common>
 0004:0000b3a4       _PJ_NO_MEMORY_EXCEPTION    005ae3a4     <common>
 0004:0000b3c0       _bit_string                005ae3c0     <common>
 0004:0000b894       __pReportHookListW         005ae894     <common>
 0004:0000b8a4       __pReportHookList          005ae8a4     <common>
 0004:0000b8a8       __pfnReportHook            005ae8a8     <common>
 0004:0000b8ac       ___unguarded_readlc_active 005ae8ac     <common>
 0004:0000b8bc       ___setlc_active            005ae8bc     <common>
 0004:0000b8c0       _encodedKERNEL32Functions  005ae8c0     <common>
 0004:0000b968       __debugger_hook_dummy      005ae968     <common>
 0004:0000b974       __nhandle                  005ae974     <common>
 0004:0000b980       __bufin                    005ae980     <common>
 0004:0000ccbc       ___piob                    005afcbc     <common>
 0004:0000ccc0       __nstream                  005afcc0     <common>
 0004:0000ccc4       ___dyn_tls_init_callback   005afcc4     <common>
 0004:0000ccd4       ___onexitend               005afcd4     <common>
 0004:0000ccd8       ___onexitbegin             005afcd8     <common>
 0004:0000ccdc       ___mbctype_initialized     005afcdc     <common>
 0004:0000cce0       ___env_initialized         005afce0     <common>
 0004:0000cce4       __setjmpexused             005afce4     <common>
 0004:0000ccf0       __acmdln                   005afcf0     <common>
 0005:00000000       __imp__TlsAlloc@0          005b0000     kernel32:KERNEL32.dll
 0005:00000004       __imp__CreateFileW@28      005b0004     kernel32:KERNEL32.dll
 0005:00000008       __imp__ReadConsoleW@20     005b0008     kernel32:KERNEL32.dll
 0005:0000000c       __imp__ReadFile@20         005b000c     kernel32:KERNEL32.dll
 0005:00000010       __imp__SetStdHandle@8      005b0010     kernel32:KERNEL32.dll
 0005:00000014       __imp__EnumSystemLocalesW@8 005b0014     kernel32:KERNEL32.dll
 0005:00000018       __imp__GetUserDefaultLCID@0 005b0018     kernel32:KERNEL32.dll
 0005:0000001c       __imp__IsValidLocale@8     005b001c     kernel32:KERNEL32.dll
 0005:00000020       __imp__GetLocaleInfoW@16   005b0020     kernel32:KERNEL32.dll
 0005:00000024       __imp__LCMapStringW@24     005b0024     kernel32:KERNEL32.dll
 0005:00000028       __imp__CompareStringW@24   005b0028     kernel32:KERNEL32.dll
 0005:0000002c       __imp__GetTimeFormatW@24   005b002c     kernel32:KERNEL32.dll
 0005:00000030       __imp__GetDateFormatW@24   005b0030     kernel32:KERNEL32.dll
 0005:00000034       __imp__GetStringTypeW@16   005b0034     kernel32:KERNEL32.dll
 0005:00000038       __imp__FlushFileBuffers@4  005b0038     kernel32:KERNEL32.dll
 0005:0000003c       __imp__HeapAlloc@12        005b003c     kernel32:KERNEL32.dll
 0005:00000040       __imp__HeapQueryInformation@20 005b0040     kernel32:KERNEL32.dll
 0005:00000044       __imp__HeapSize@12         005b0044     kernel32:KERNEL32.dll
 0005:00000048       __imp__HeapReAlloc@16      005b0048     kernel32:KERNEL32.dll
 0005:0000004c       __imp__HeapFree@12         005b004c     kernel32:KERNEL32.dll
 0005:00000050       __imp__SetFilePointerEx@20 005b0050     kernel32:KERNEL32.dll
 0005:00000054       __imp__GetConsoleMode@8    005b0054     kernel32:KERNEL32.dll
 0005:00000058       __imp__GetConsoleCP@0      005b0058     kernel32:KERNEL32.dll
 0005:0000005c       __imp__OutputDebugStringA@4 005b005c     kernel32:KERNEL32.dll
 0005:00000060       __imp__FatalAppExitA@8     005b0060     kernel32:KERNEL32.dll
 0005:00000064       __imp__RaiseException@16   005b0064     kernel32:KERNEL32.dll
 0005:00000068       __imp__GetCPInfo@8         005b0068     kernel32:KERNEL32.dll
 0005:0000006c       __imp__GetOEMCP@0          005b006c     kernel32:KERNEL32.dll
 0005:00000070       __imp__GetACP@0            005b0070     kernel32:KERNEL32.dll
 0005:00000074       __imp__IsValidCodePage@4   005b0074     kernel32:KERNEL32.dll
 0005:00000078       __imp__CreateSemaphoreW@16 005b0078     kernel32:KERNEL32.dll
 0005:0000007c       __imp__GetModuleHandleW@4  005b007c     kernel32:KERNEL32.dll
 0005:00000080       __imp__GetTickCount@0      005b0080     kernel32:KERNEL32.dll
 0005:00000084       __imp__TerminateProcess@8  005b0084     kernel32:KERNEL32.dll
 0005:00000088       __imp__GetCurrentProcess@0 005b0088     kernel32:KERNEL32.dll
 0005:0000008c       __imp__CreateEventW@16     005b008c     kernel32:KERNEL32.dll
 0005:00000090       __imp__InitializeCriticalSectionAndSpinCount@8 005b0090     kernel32:KERNEL32.dll
 0005:00000094       __imp__SetUnhandledExceptionFilter@4 005b0094     kernel32:KERNEL32.dll
 0005:00000098       __imp__UnhandledExceptionFilter@4 005b0098     kernel32:KERNEL32.dll
 0005:0000009c       __imp__LoadLibraryExW@12   005b009c     kernel32:KERNEL32.dll
 0005:000000a0       __imp__WaitForSingleObjectEx@12 005b00a0     kernel32:KERNEL32.dll
 0005:000000a4       __imp__OutputDebugStringW@4 005b00a4     kernel32:KERNEL32.dll
 0005:000000a8       __imp__SetConsoleCtrlHandler@8 005b00a8     kernel32:KERNEL32.dll
 0005:000000ac       __imp__FreeEnvironmentStringsW@4 005b00ac     kernel32:KERNEL32.dll
 0005:000000b0       __imp__GetEnvironmentStringsW@0 005b00b0     kernel32:KERNEL32.dll
 0005:000000b4       __imp__GetSystemInfo@4     005b00b4     kernel32:KERNEL32.dll
 0005:000000b8       __imp__HeapValidate@12     005b00b8     kernel32:KERNEL32.dll
 0005:000000bc       __imp__WriteFile@20        005b00bc     kernel32:KERNEL32.dll
 0005:000000c0       __imp__GetModuleFileNameA@12 005b00c0     kernel32:KERNEL32.dll
 0005:000000c4       __imp__GetProcessHeap@0    005b00c4     kernel32:KERNEL32.dll
 0005:000000c8       __imp__GetStartupInfoW@4   005b00c8     kernel32:KERNEL32.dll
 0005:000000cc       __imp__WideCharToMultiByte@32 005b00cc     kernel32:KERNEL32.dll
 0005:000000d0       __imp__MultiByteToWideChar@24 005b00d0     kernel32:KERNEL32.dll
 0005:000000d4       __imp__AreFileApisANSI@0   005b00d4     kernel32:KERNEL32.dll
 0005:000000d8       __imp__ExitProcess@4       005b00d8     kernel32:KERNEL32.dll
 0005:000000dc       __imp__DecodePointer@4     005b00dc     kernel32:KERNEL32.dll
 0005:000000e0       __imp__EncodePointer@4     005b00e0     kernel32:KERNEL32.dll
 0005:000000e4       __imp__GetSystemTimeAsFileTime@4 005b00e4     kernel32:KERNEL32.dll
 0005:000000e8       __imp__RtlUnwind@16        005b00e8     kernel32:KERNEL32.dll
 0005:000000ec       __imp__IsProcessorFeaturePresent@4 005b00ec     kernel32:KERNEL32.dll
 0005:000000f0       __imp__IsDebuggerPresent@0 005b00f0     kernel32:KERNEL32.dll
 0005:000000f4       __imp__CloseHandle@4       005b00f4     kernel32:KERNEL32.dll
 0005:000000f8       __imp__SetEvent@4          005b00f8     kernel32:KERNEL32.dll
 0005:000000fc       __imp__CreateEventA@16     005b00fc     kernel32:KERNEL32.dll
 0005:00000100       __imp__GetCurrentThread@0  005b0100     kernel32:KERNEL32.dll
 0005:00000104       __imp__SetThreadPriority@8 005b0104     kernel32:KERNEL32.dll
 0005:00000108       __imp__WaitForMultipleObjects@16 005b0108     kernel32:KERNEL32.dll
 0005:0000010c       __imp__GetStdHandle@4      005b010c     kernel32:KERNEL32.dll
 0005:00000110       __imp__GetLastError@0      005b0110     kernel32:KERNEL32.dll
 0005:00000114       __imp__InitializeCriticalSection@4 005b0114     kernel32:KERNEL32.dll
 0005:00000118       __imp__EnterCriticalSection@4 005b0118     kernel32:KERNEL32.dll
 0005:0000011c       __imp__LeaveCriticalSection@4 005b011c     kernel32:KERNEL32.dll
 0005:00000120       __imp__TryEnterCriticalSection@4 005b0120     kernel32:KERNEL32.dll
 0005:00000124       __imp__DeleteCriticalSection@4 005b0124     kernel32:KERNEL32.dll
 0005:00000128       __imp__ResetEvent@4        005b0128     kernel32:KERNEL32.dll
 0005:0000012c       __imp__ReleaseSemaphore@12 005b012c     kernel32:KERNEL32.dll
 0005:00000130       __imp__WaitForSingleObject@8 005b0130     kernel32:KERNEL32.dll
 0005:00000134       __imp__Sleep@4             005b0134     kernel32:KERNEL32.dll
 0005:00000138       __imp__GetCurrentProcessId@0 005b0138     kernel32:KERNEL32.dll
 0005:0000013c       __imp__CreateThread@24     005b013c     kernel32:KERNEL32.dll
 0005:00000140       __imp__GetCurrentThreadId@0 005b0140     kernel32:KERNEL32.dll
 0005:00000144       __imp__GetThreadPriority@4 005b0144     kernel32:KERNEL32.dll
 0005:00000148       __imp__ResumeThread@4      005b0148     kernel32:KERNEL32.dll
 0005:0000014c       __imp__TlsGetValue@4       005b014c     kernel32:KERNEL32.dll
 0005:00000150       __imp__TlsSetValue@8       005b0150     kernel32:KERNEL32.dll
 0005:00000154       __imp__TlsFree@4           005b0154     kernel32:KERNEL32.dll
 0005:00000158       __imp__PulseEvent@4        005b0158     kernel32:KERNEL32.dll
 0005:0000015c       __imp__CreateSemaphoreA@16 005b015c     kernel32:KERNEL32.dll
 0005:00000160       __imp__GetConsoleScreenBufferInfo@8 005b0160     kernel32:KERNEL32.dll
 0005:00000164       __imp__SetConsoleTextAttribute@8 005b0164     kernel32:KERNEL32.dll
 0005:00000168       __imp__GetLocalTime@4      005b0168     kernel32:KERNEL32.dll
 0005:0000016c       __imp__FileTimeToSystemTime@8 005b016c     kernel32:KERNEL32.dll
 0005:00000170       __imp__SystemTimeToFileTime@8 005b0170     kernel32:KERNEL32.dll
 0005:00000174       __imp__SetLastError@4      005b0174     kernel32:KERNEL32.dll
 0005:00000178       __imp__FormatMessageA@28   005b0178     kernel32:KERNEL32.dll
 0005:0000017c       __imp__QueryPerformanceCounter@4 005b017c     kernel32:KERNEL32.dll
 0005:00000180       __imp__QueryPerformanceFrequency@4 005b0180     kernel32:KERNEL32.dll
 0005:00000184       __imp__FreeLibrary@4       005b0184     kernel32:KERNEL32.dll
 0005:00000188       __imp__GetProcAddress@8    005b0188     kernel32:KERNEL32.dll
 0005:0000018c       __imp__LoadLibraryA@4      005b018c     kernel32:KERNEL32.dll
 0005:00000190       __imp__GetCommandLineA@0   005b0190     kernel32:KERNEL32.dll
 0005:00000194       __imp__GetFileType@4       005b0194     kernel32:KERNEL32.dll
 0005:00000198       __imp__GetModuleFileNameW@12 005b0198     kernel32:KERNEL32.dll
 0005:0000019c       __imp__GetModuleHandleExW@12 005b019c     kernel32:KERNEL32.dll
 0005:000001a0       __imp__WriteConsoleW@20    005b01a0     kernel32:KERNEL32.dll
 0005:000001a4       \177KERNEL32_NULL_THUNK_DATA 005b01a4     kernel32:KERNEL32.dll
 0005:00000224       __imp__waveInReset@4       005b0224     winmm:WINMM.dll
 0005:00000228       __imp__waveInStop@4        005b0228     winmm:WINMM.dll
 0005:0000022c       __imp__waveInStart@4       005b022c     winmm:WINMM.dll
 0005:00000230       __imp__waveInAddBuffer@12  005b0230     winmm:WINMM.dll
 0005:00000234       __imp__waveInUnprepareHeader@12 005b0234     winmm:WINMM.dll
 0005:00000238       __imp__waveInPrepareHeader@12 005b0238     winmm:WINMM.dll
 0005:0000023c       __imp__waveInClose@4       005b023c     winmm:WINMM.dll
 0005:00000240       __imp__waveInOpen@24       005b0240     winmm:WINMM.dll
 0005:00000244       __imp__waveInGetDevCapsA@12 005b0244     winmm:WINMM.dll
 0005:00000248       __imp__waveInGetNumDevs@0  005b0248     winmm:WINMM.dll
 0005:0000024c       __imp__waveOutReset@4      005b024c     winmm:WINMM.dll
 0005:00000250       __imp__waveOutRestart@4    005b0250     winmm:WINMM.dll
 0005:00000254       __imp__waveOutPause@4      005b0254     winmm:WINMM.dll
 0005:00000258       __imp__waveOutWrite@12     005b0258     winmm:WINMM.dll
 0005:0000025c       __imp__waveOutUnprepareHeader@12 005b025c     winmm:WINMM.dll
 0005:00000260       __imp__waveOutPrepareHeader@12 005b0260     winmm:WINMM.dll
 0005:00000264       __imp__waveOutClose@4      005b0264     winmm:WINMM.dll
 0005:00000268       __imp__waveOutOpen@24      005b0268     winmm:WINMM.dll
 0005:0000026c       __imp__waveOutSetVolume@8  005b026c     winmm:WINMM.dll
 0005:00000270       __imp__waveOutGetVolume@8  005b0270     winmm:WINMM.dll
 0005:00000274       __imp__waveOutGetDevCapsA@12 005b0274     winmm:WINMM.dll
 0005:00000278       __imp__waveOutGetNumDevs@0 005b0278     winmm:WINMM.dll
 0005:0000027c       __imp__waveInGetErrorTextA@12 005b027c     winmm:WINMM.dll
 0005:00000280       __imp__waveOutGetErrorTextA@12 005b0280     winmm:WINMM.dll
 0005:00000284       \177WINMM_NULL_THUNK_DATA  005b0284     winmm:WINMM.dll
 0005:000002c0       __imp__select@20           005b02c0     ws2_32:WS2_32.dll
 0005:000002c4       __imp____WSAFDIsSet@8      005b02c4     ws2_32:WS2_32.dll
 0005:000002c8       __imp__gethostbyname@4     005b02c8     ws2_32:WS2_32.dll
 0005:000002cc       __imp__WSASetLastError@4   005b02cc     ws2_32:WS2_32.dll
 0005:000002d0       __imp__ioctlsocket@12      005b02d0     ws2_32:WS2_32.dll
 0005:000002d4       __imp__WSAStringToAddressA@20 005b02d4     ws2_32:WS2_32.dll
 0005:000002d8       __imp__WSAAddressToStringA@20 005b02d8     ws2_32:WS2_32.dll
 0005:000002dc       __imp__WSASocketA@24       005b02dc     ws2_32:WS2_32.dll
 0005:000002e0       __imp__WSAIoctl@36         005b02e0     ws2_32:WS2_32.dll
 0005:000002e4       __imp__gethostname@8       005b02e4     ws2_32:WS2_32.dll
 0005:000002e8       __imp__shutdown@8          005b02e8     ws2_32:WS2_32.dll
 0005:000002ec       __imp__setsockopt@20       005b02ec     ws2_32:WS2_32.dll
 0005:000002f0       __imp__sendto@24           005b02f0     ws2_32:WS2_32.dll
 0005:000002f4       __imp__send@16             005b02f4     ws2_32:WS2_32.dll
 0005:000002f8       __imp__recvfrom@24         005b02f8     ws2_32:WS2_32.dll
 0005:000002fc       __imp__recv@16             005b02fc     ws2_32:WS2_32.dll
 0005:00000300       __imp__ntohs@4             005b0300     ws2_32:WS2_32.dll
 0005:00000304       __imp__ntohl@4             005b0304     ws2_32:WS2_32.dll
 0005:00000308       __imp__listen@8            005b0308     ws2_32:WS2_32.dll
 0005:0000030c       __imp__inet_ntoa@4         005b030c     ws2_32:WS2_32.dll
 0005:00000310       __imp__inet_addr@4         005b0310     ws2_32:WS2_32.dll
 0005:00000314       __imp__htons@4             005b0314     ws2_32:WS2_32.dll
 0005:00000318       __imp__htonl@4             005b0318     ws2_32:WS2_32.dll
 0005:0000031c       __imp__getsockopt@20       005b031c     ws2_32:WS2_32.dll
 0005:00000320       __imp__getsockname@12      005b0320     ws2_32:WS2_32.dll
 0005:00000324       __imp__getpeername@12      005b0324     ws2_32:WS2_32.dll
 0005:00000328       __imp__connect@12          005b0328     ws2_32:WS2_32.dll
 0005:0000032c       __imp__closesocket@4       005b032c     ws2_32:WS2_32.dll
 0005:00000330       __imp__bind@12             005b0330     ws2_32:WS2_32.dll
 0005:00000334       __imp__accept@12           005b0334     ws2_32:WS2_32.dll
 0005:00000338       __imp__WSAGetLastError@0   005b0338     ws2_32:WS2_32.dll
 0005:0000033c       __imp__WSACleanup@0        005b033c     ws2_32:WS2_32.dll
 0005:00000340       __imp__WSAStartup@8        005b0340     ws2_32:WS2_32.dll
 0005:00000344       \177WS2_32_NULL_THUNK_DATA 005b0344     ws2_32:WS2_32.dll
 0005:00000388       __imp__CoCreateGuid@4      005b0388     ole32:ole32.dll
 0005:0000038c       \177ole32_NULL_THUNK_DATA  005b038c     ole32:ole32.dll
 0005:000003b8       __IMPORT_DESCRIPTOR_ole32  005b03b8     ole32:ole32.dll
 0005:000003cc       __IMPORT_DESCRIPTOR_WS2_32 005b03cc     ws2_32:WS2_32.dll
 0005:000003e0       __IMPORT_DESCRIPTOR_WINMM  005b03e0     winmm:WINMM.dll
 0005:000003f4       __IMPORT_DESCRIPTOR_KERNEL32 005b03f4     kernel32:KERNEL32.dll
 0005:00000408       __NULL_IMPORT_DESCRIPTOR   005b0408     ole32:ole32.dll
