 streamutil

 Timestamp is 62d7b9ea (Wed Jul 20 16:16:42 2022)

 Preferred load address is 00400000

 Start         Length     Name                   Class
 0001:00000000 0008afa1H .textbss                DATA
 0002:00000000 0011c467H .text$mn                CODE
 0002:0011c470 00001161H .text$x                 CODE
 0003:00000000 00000104H .CRT$XCA                DATA
 0003:00000104 00000104H .CRT$XCZ                DATA
 0003:00000208 00000104H .CRT$XIA                DATA
 0003:0000030c 0000011cH .CRT$XIC                DATA
 0003:00000428 00000104H .CRT$XIY                DATA
 0003:0000052c 00000104H .CRT$XIZ                DATA
 0003:00000630 00000104H .CRT$XPA                DATA
 0003:00000734 00000109H .CRT$XPX                DATA
 0003:00000840 00000104H .CRT$XPXA               DATA
 0003:00000944 00000104H .CRT$XPZ                DATA
 0003:00000a48 00000104H .CRT$XTA                DATA
 0003:00000b4c 00000104H .CRT$XTZ                DATA
 0003:00000c50 00042fc2H .rdata                  DATA
 0003:00043c14 000001a8H .rdata$debug            DATA
 0003:00043dbc 00000563H .rdata$r                DATA
 0003:00044320 00000104H .rtc$IAA                DATA
 0003:00044424 00000104H .rtc$IZZ                DATA
 0003:00044528 00000104H .rtc$TAA                DATA
 0003:0004462c 00000104H .rtc$TZZ                DATA
 0003:00044730 00000ebaH .xdata$x                DATA
 0003:000455ea 00000000H .edata                  DATA
 0004:00000000 00007f1cH .data                   DATA
 0004:00007f1c 00000293H .data$r                 DATA
 0004:000081c0 00004aa4H .bss                    DATA
 0005:00000000 000003d8H .idata$5                DATA
 0005:000003d8 00000050H .idata$2                DATA
 0005:00000428 00000014H .idata$3                DATA
 0005:0000043c 000003d8H .idata$4                DATA
 0005:00000814 00000c81H .idata$6                DATA

  Address         Publics by Value              Rva+Base       Lib:Object

 0000:00000000       __except_list              00000000     <absolute>
 0000:00000000       ___guard_fids_table        00000000     <absolute>
 0000:00000000       ___safe_se_handler_count   00000000     <absolute>
 0000:00000000       ___guard_flags             00000000     <absolute>
 0000:00000000       ___guard_fids_count        00000000     <absolute>
 0000:00000000       ___safe_se_handler_table   00000000     <absolute>
 0000:00000000       ___ImageBase               00400000     <linker-defined>
 0001:00000000       __enc$textbss$begin        00401000     <linker-defined>
 0001:0008afa1       __enc$textbss$end          0048bfa1     <linker-defined>
 0002:000062a0       _get_snd_options           004922a0 f   streamutil.obj
 0002:00006600       _dump_pool_usage           00492600 f   streamutil.obj
 0002:00007020       _my_hex_string_to_octet_string 00493020 f   streamutil.obj
 0002:00007830       _main                      00493830 f   streamutil.obj
 0002:00009680       _pjmedia_audio_codec_config_default 00495680 f   pjmedia-codec-i386-win32-vc8-debug:audio_codecs.obj
 0002:000096f0       _pjmedia_codec_register_audio_codecs 004956f0 f   pjmedia-codec-i386-win32-vc8-debug:audio_codecs.obj
 0002:0000a070       _pjmedia_codec_l16_deinit  00496070 f   pjmedia-codec-i386-win32-vc8-debug:l16.obj
 0002:0000a7c0       _pjmedia_codec_l16_init    004967c0 f   pjmedia-codec-i386-win32-vc8-debug:l16.obj
 0002:0000b6c0       _pjmedia_codec_gsm_deinit  004976c0 f   pjmedia-codec-i386-win32-vc8-debug:gsm.obj
 0002:0000b9d0       _pjmedia_codec_gsm_init    004979d0 f   pjmedia-codec-i386-win32-vc8-debug:gsm.obj
 0002:0000cc10       _pjmedia_codec_speex_deinit 00498c10 f   pjmedia-codec-i386-win32-vc8-debug:speex_codec.obj
 0002:0000cf60       _pjmedia_codec_speex_init  00498f60 f   pjmedia-codec-i386-win32-vc8-debug:speex_codec.obj
 0002:0000d3e0       _pjmedia_codec_speex_init_default 004993e0 f   pjmedia-codec-i386-win32-vc8-debug:speex_codec.obj
 0002:0000d410       _pjmedia_codec_speex_set_param 00499410 f   pjmedia-codec-i386-win32-vc8-debug:speex_codec.obj
 0002:0000ec00       _pjmedia_codec_ilbc_deinit 0049ac00 f   pjmedia-codec-i386-win32-vc8-debug:ilbc.obj
 0002:0000ed50       _pjmedia_codec_ilbc_init   0049ad50 f   pjmedia-codec-i386-win32-vc8-debug:ilbc.obj
 0002:0000fec0       _pjmedia_codec_g722_deinit 0049bec0 f   pjmedia-codec-i386-win32-vc8-debug:g722.obj
 0002:000100f0       _pjmedia_codec_g722_init   0049c0f0 f   pjmedia-codec-i386-win32-vc8-debug:g722.obj
 0002:00010240       _pjmedia_codec_g722_set_pcm_shift 0049c240 f   pjmedia-codec-i386-win32-vc8-debug:g722.obj
 0002:00011ba0       _g722_enc_deinit           0049dba0 f   pjmedia-codec-i386-win32-vc8-debug:g722_enc.obj
 0002:00011bd0       _g722_enc_encode           0049dbd0 f   pjmedia-codec-i386-win32-vc8-debug:g722_enc.obj
 0002:00011ea0       _g722_enc_init             0049dea0 f   pjmedia-codec-i386-win32-vc8-debug:g722_enc.obj
 0002:00013920       _g722_dec_decode           0049f920 f   pjmedia-codec-i386-win32-vc8-debug:g722_dec.obj
 0002:00013bd0       _g722_dec_deinit           0049fbd0 f   pjmedia-codec-i386-win32-vc8-debug:g722_dec.obj
 0002:00013c00       _g722_dec_init             0049fc00 f   pjmedia-codec-i386-win32-vc8-debug:g722_dec.obj
 0002:00013fd0       _pjmedia_aud_register_factory 0049ffd0 f   pjmedia-audiodev-i386-win32-vc8-debug:audiodev.obj
 0002:00014070       _pjmedia_aud_subsys_get_pool_factory 004a0070 f   pjmedia-audiodev-i386-win32-vc8-debug:audiodev.obj
 0002:000140a0       _pjmedia_aud_subsys_init   004a00a0 f   pjmedia-audiodev-i386-win32-vc8-debug:audiodev.obj
 0002:00014200       _pjmedia_aud_subsys_shutdown 004a0200 f   pjmedia-audiodev-i386-win32-vc8-debug:audiodev.obj
 0002:00014290       _pjmedia_aud_unregister_factory 004a0290 f   pjmedia-audiodev-i386-win32-vc8-debug:audiodev.obj
 0002:00014370       _pjmedia_audiodev_strerror 004a0370 f   pjmedia-audiodev-i386-win32-vc8-debug:errno.obj
 0002:00016ad0       _pjmedia_wmme_factory      004a2ad0 f   pjmedia-audiodev-i386-win32-vc8-debug:wmme_dev.obj
 0002:00017570       _pjmedia_port_destroy      004a3570 f   pjmedia-i386-win32-vc8-debug:port.obj
 0002:00017600       _pjmedia_port_get_clock_src 004a3600 f   pjmedia-i386-win32-vc8-debug:port.obj
 0002:00017650       _pjmedia_port_get_frame    004a3650 f   pjmedia-i386-win32-vc8-debug:port.obj
 0002:000176f0       _pjmedia_port_info_init    004a36f0 f   pjmedia-i386-win32-vc8-debug:port.obj
 0002:000177c0       _pjmedia_port_info_init2   004a37c0 f   pjmedia-i386-win32-vc8-debug:port.obj
 0002:00017830       _pjmedia_port_put_frame    004a3830 f   pjmedia-i386-win32-vc8-debug:port.obj
 0002:000179b0       _pjmedia_codec_info_to_id  004a39b0 f   pjmedia-i386-win32-vc8-debug:codec.obj
 0002:00017a90       _pjmedia_codec_mgr_alloc_codec 004a3a90 f   pjmedia-i386-win32-vc8-debug:codec.obj
 0002:00017bd0       _pjmedia_codec_mgr_dealloc_codec 004a3bd0 f   pjmedia-i386-win32-vc8-debug:codec.obj
 0002:00017c60       _pjmedia_codec_mgr_destroy 004a3c60 f   pjmedia-i386-win32-vc8-debug:codec.obj
 0002:00017dd0       _pjmedia_codec_mgr_enum_codecs 004a3dd0 f   pjmedia-i386-win32-vc8-debug:codec.obj
 0002:00017f20       _pjmedia_codec_mgr_find_codecs_by_id 004a3f20 f   pjmedia-i386-win32-vc8-debug:codec.obj
 0002:000180c0       _pjmedia_codec_mgr_get_codec_info 004a40c0 f   pjmedia-i386-win32-vc8-debug:codec.obj
 0002:000181e0       _pjmedia_codec_mgr_get_default_param 004a41e0 f   pjmedia-i386-win32-vc8-debug:codec.obj
 0002:00018460       _pjmedia_codec_mgr_init    004a4460 f   pjmedia-i386-win32-vc8-debug:codec.obj
 0002:00018570       _pjmedia_codec_mgr_register_factory 004a4570 f   pjmedia-i386-win32-vc8-debug:codec.obj
 0002:00018830       _pjmedia_codec_mgr_set_codec_priority 004a4830 f   pjmedia-i386-win32-vc8-debug:codec.obj
 0002:00018980       _pjmedia_codec_mgr_set_default_param 004a4980 f   pjmedia-i386-win32-vc8-debug:codec.obj
 0002:00018c30       _pjmedia_codec_mgr_unregister_factory 004a4c30 f   pjmedia-i386-win32-vc8-debug:codec.obj
 0002:00018df0       _pjmedia_codec_param_clone 004a4df0 f   pjmedia-i386-win32-vc8-debug:codec.obj
 0002:000195c0       _pjmedia_endpt_atexit      004a55c0 f   pjmedia-i386-win32-vc8-debug:endpoint.obj
 0002:00019690       _pjmedia_endpt_create2     004a5690 f   pjmedia-i386-win32-vc8-debug:endpoint.obj
 0002:00019a10       _pjmedia_endpt_create_audio_sdp 004a5a10 f   pjmedia-i386-win32-vc8-debug:endpoint.obj
 0002:0001a280       _pjmedia_endpt_create_base_sdp 004a6280 f   pjmedia-i386-win32-vc8-debug:endpoint.obj
 0002:0001a4e0       _pjmedia_endpt_create_pool 004a64e0 f   pjmedia-i386-win32-vc8-debug:endpoint.obj
 0002:0001a550       _pjmedia_endpt_create_sdp  004a6550 f   pjmedia-i386-win32-vc8-debug:endpoint.obj
 0002:0001a780       _pjmedia_endpt_create_video_sdp 004a6780 f   pjmedia-i386-win32-vc8-debug:endpoint.obj
 0002:0001af80       _pjmedia_endpt_destroy2    004a6f80 f   pjmedia-i386-win32-vc8-debug:endpoint.obj
 0002:0001b060       _pjmedia_endpt_dump        004a7060 f   pjmedia-i386-win32-vc8-debug:endpoint.obj
 0002:0001b3f0       _pjmedia_endpt_get_codec_mgr 004a73f0 f   pjmedia-i386-win32-vc8-debug:endpoint.obj
 0002:0001b410       _pjmedia_endpt_get_flag    004a7410 f   pjmedia-i386-win32-vc8-debug:endpoint.obj
 0002:0001b4a0       _pjmedia_endpt_get_ioqueue 004a74a0 f   pjmedia-i386-win32-vc8-debug:endpoint.obj
 0002:0001b500       _pjmedia_endpt_get_thread  004a7500 f   pjmedia-i386-win32-vc8-debug:endpoint.obj
 0002:0001b5b0       _pjmedia_endpt_get_thread_count 004a75b0 f   pjmedia-i386-win32-vc8-debug:endpoint.obj
 0002:0001b610       _pjmedia_endpt_set_flag    004a7610 f   pjmedia-i386-win32-vc8-debug:endpoint.obj
 0002:0001b6a0       _pjmedia_endpt_stop_threads 004a76a0 f   pjmedia-i386-win32-vc8-debug:endpoint.obj
 0002:0001bb50       _pjmedia_master_port_create 004a7b50 f   pjmedia-i386-win32-vc8-debug:master_port.obj
 0002:0001bea0       _pjmedia_master_port_destroy 004a7ea0 f   pjmedia-i386-win32-vc8-debug:master_port.obj
 0002:0001bfc0       _pjmedia_master_port_get_dport 004a7fc0 f   pjmedia-i386-win32-vc8-debug:master_port.obj
 0002:0001c020       _pjmedia_master_port_get_uport 004a8020 f   pjmedia-i386-win32-vc8-debug:master_port.obj
 0002:0001c080       _pjmedia_master_port_set_dport 004a8080 f   pjmedia-i386-win32-vc8-debug:master_port.obj
 0002:0001c1f0       _pjmedia_master_port_set_uport 004a81f0 f   pjmedia-i386-win32-vc8-debug:master_port.obj
 0002:0001c360       _pjmedia_master_port_start 004a8360 f   pjmedia-i386-win32-vc8-debug:master_port.obj
 0002:0001c440       _pjmedia_master_port_stop  004a8440 f   pjmedia-i386-win32-vc8-debug:master_port.obj
 0002:0001c4c0       _pjmedia_master_port_wait  004a84c0 f   pjmedia-i386-win32-vc8-debug:master_port.obj
 0002:0001c660       _pjmedia_snd_port_connect  004a8660 f   pjmedia-i386-win32-vc8-debug:sound_port.obj
 0002:0001c770       _pjmedia_snd_port_create   004a8770 f   pjmedia-i386-win32-vc8-debug:sound_port.obj
 0002:0001c880       _pjmedia_snd_port_create2  004a8880 f   pjmedia-i386-win32-vc8-debug:sound_port.obj
 0002:0001cb10       _pjmedia_snd_port_create_player 004a8b10 f   pjmedia-i386-win32-vc8-debug:sound_port.obj
 0002:0001cc00       _pjmedia_snd_port_create_rec 004a8c00 f   pjmedia-i386-win32-vc8-debug:sound_port.obj
 0002:0001ccf0       _pjmedia_snd_port_destroy  004a8cf0 f   pjmedia-i386-win32-vc8-debug:sound_port.obj
 0002:0001cd60       _pjmedia_snd_port_disconnect 004a8d60 f   pjmedia-i386-win32-vc8-debug:sound_port.obj
 0002:0001cdd0       _pjmedia_snd_port_get_clock_src 004a8dd0 f   pjmedia-i386-win32-vc8-debug:sound_port.obj
 0002:0001ce10       _pjmedia_snd_port_get_ec_tail 004a8e10 f   pjmedia-i386-win32-vc8-debug:sound_port.obj
 0002:0001cf60       _pjmedia_snd_port_get_port 004a8f60 f   pjmedia-i386-win32-vc8-debug:sound_port.obj
 0002:0001cfc0       _pjmedia_snd_port_get_snd_stream 004a8fc0 f   pjmedia-i386-win32-vc8-debug:sound_port.obj
 0002:0001d020       _pjmedia_snd_port_param_default 004a9020 f   pjmedia-i386-win32-vc8-debug:sound_port.obj
 0002:0001d050       _pjmedia_snd_port_set_ec   004a9050 f   pjmedia-i386-win32-vc8-debug:sound_port.obj
 0002:00020b40       _pjmedia_stream_check_dtmf 004acb40 f   pjmedia-i386-win32-vc8-debug:stream.obj
 0002:00020b80       _pjmedia_stream_create     004acb80 f   pjmedia-i386-win32-vc8-debug:stream.obj
 0002:00022070       _pjmedia_stream_destroy    004ae070 f   pjmedia-i386-win32-vc8-debug:stream.obj
 0002:000223b0       _pjmedia_stream_dial_dtmf  004ae3b0 f   pjmedia-i386-win32-vc8-debug:stream.obj
 0002:000225f0       _pjmedia_stream_get_dtmf   004ae5f0 f   pjmedia-i386-win32-vc8-debug:stream.obj
 0002:00022750       _pjmedia_stream_get_info   004ae750 f   pjmedia-i386-win32-vc8-debug:stream.obj
 0002:000227e0       _pjmedia_stream_get_last_jb_frame_type 004ae7e0 f   pjmedia-i386-win32-vc8-debug:stream.obj
 0002:00022800       _pjmedia_stream_get_port   004ae800 f   pjmedia-i386-win32-vc8-debug:stream.obj
 0002:00022830       _pjmedia_stream_get_rtp_session_info 004ae830 f   pjmedia-i386-win32-vc8-debug:stream.obj
 0002:00022890       _pjmedia_stream_get_stat   004ae890 f   pjmedia-i386-win32-vc8-debug:stream.obj
 0002:00022920       _pjmedia_stream_get_stat_jbuf 004ae920 f   pjmedia-i386-win32-vc8-debug:stream.obj
 0002:000229a0       _pjmedia_stream_get_transport 004ae9a0 f   pjmedia-i386-win32-vc8-debug:stream.obj
 0002:000229c0       _pjmedia_stream_pause      004ae9c0 f   pjmedia-i386-win32-vc8-debug:stream.obj
 0002:00022b20       _pjmedia_stream_reset_stat 004aeb20 f   pjmedia-i386-win32-vc8-debug:stream.obj
 0002:00022b90       _pjmedia_stream_resume     004aeb90 f   pjmedia-i386-win32-vc8-debug:stream.obj
 0002:00022ca0       _pjmedia_stream_send_rtcp_bye 004aeca0 f   pjmedia-i386-win32-vc8-debug:stream.obj
 0002:00022d30       _pjmedia_stream_send_rtcp_sdes 004aed30 f   pjmedia-i386-win32-vc8-debug:stream.obj
 0002:00022da0       _pjmedia_stream_set_dtmf_callback 004aeda0 f   pjmedia-i386-win32-vc8-debug:stream.obj
 0002:00022e40       _pjmedia_stream_start      004aee40 f   pjmedia-i386-win32-vc8-debug:stream.obj
 0002:00026b90       _get_libsrtp_errstr        004b2b90 f   pjmedia-i386-win32-vc8-debug:transport_srtp.obj
 0002:00027160       _pjmedia_srtp_enum_crypto  004b3160 f   pjmedia-i386-win32-vc8-debug:transport_srtp.obj
 0002:00027250       _pjmedia_srtp_enum_keying  004b3250 f   pjmedia-i386-win32-vc8-debug:transport_srtp.obj
 0002:00027300       _pjmedia_srtp_init_lib     004b3300 f   pjmedia-i386-win32-vc8-debug:transport_srtp.obj
 0002:000273e0       _pjmedia_srtp_setting_default 004b33e0 f   pjmedia-i386-win32-vc8-debug:transport_srtp.obj
 0002:00027770       _pjmedia_transport_srtp_create 004b3770 f   pjmedia-i386-win32-vc8-debug:transport_srtp.obj
 0002:00027c60       _pjmedia_transport_srtp_decrypt_pkt 004b3c60 f   pjmedia-i386-win32-vc8-debug:transport_srtp.obj
 0002:00027eb0       _pjmedia_transport_srtp_dtls_get_fingerprint 004b3eb0 f   pjmedia-i386-win32-vc8-debug:transport_srtp.obj
 0002:00027ed0       _pjmedia_transport_srtp_dtls_start_nego 004b3ed0 f   pjmedia-i386-win32-vc8-debug:transport_srtp.obj
 0002:00027ef0       _pjmedia_transport_srtp_get_member 004b3ef0 f   pjmedia-i386-win32-vc8-debug:transport_srtp.obj
 0002:00027f60       _pjmedia_transport_srtp_start 004b3f60 f   pjmedia-i386-win32-vc8-debug:transport_srtp.obj
 0002:00028a40       _pjmedia_transport_srtp_stop 004b4a40 f   pjmedia-i386-win32-vc8-debug:transport_srtp.obj
 0002:0002ab40       _pjmedia_transport_udp_attach 004b6b40 f   pjmedia-i386-win32-vc8-debug:transport_udp.obj
 0002:0002afc0       _pjmedia_transport_udp_create 004b6fc0 f   pjmedia-i386-win32-vc8-debug:transport_udp.obj
 0002:0002b000       _pjmedia_transport_udp_create2 004b7000 f   pjmedia-i386-win32-vc8-debug:transport_udp.obj
 0002:0002b050       _pjmedia_transport_udp_create3 004b7050 f   pjmedia-i386-win32-vc8-debug:transport_udp.obj
 0002:0002c180       _pjmedia_wav_player_get_info 004b8180 f   pjmedia-i386-win32-vc8-debug:wav_player.obj
 0002:0002c330       _pjmedia_wav_player_get_len 004b8330 f   pjmedia-i386-win32-vc8-debug:wav_player.obj
 0002:0002c400       _pjmedia_wav_player_port_create 004b8400 f   pjmedia-i386-win32-vc8-debug:wav_player.obj
 0002:0002cc00       _pjmedia_wav_player_port_get_pos 004b8c00 f   pjmedia-i386-win32-vc8-debug:wav_player.obj
 0002:0002cd20       _pjmedia_wav_player_port_set_pos 004b8d20 f   pjmedia-i386-win32-vc8-debug:wav_player.obj
 0002:0002ced0       _pjmedia_wav_player_set_eof_cb 004b8ed0 f   pjmedia-i386-win32-vc8-debug:wav_player.obj
 0002:0002d720       _pjmedia_wav_writer_port_create 004b9720 f   pjmedia-i386-win32-vc8-debug:wav_writer.obj
 0002:0002dce0       _pjmedia_wav_writer_port_get_pos 004b9ce0 f   pjmedia-i386-win32-vc8-debug:wav_writer.obj
 0002:0002dd90       _pjmedia_wav_writer_port_set_cb 004b9d90 f   pjmedia-i386-win32-vc8-debug:wav_writer.obj
 0002:0002ec00       _pjmedia_codec_g711_deinit 004bac00 f   pjmedia-i386-win32-vc8-debug:g711.obj
 0002:0002ee10       _pjmedia_codec_g711_init   004bae10 f   pjmedia-i386-win32-vc8-debug:g711.obj
 0002:0002f100       _pjmedia_plc_create        004bb100 f   pjmedia-i386-win32-vc8-debug:plc_common.obj
 0002:0002f220       _pjmedia_plc_generate      004bb220 f   pjmedia-i386-win32-vc8-debug:plc_common.obj
 0002:0002f2b0       _pjmedia_plc_save          004bb2b0 f   pjmedia-i386-win32-vc8-debug:plc_common.obj
 0002:0002f370       _pjmedia_calc_avg_signal   004bb370 f   pjmedia-i386-win32-vc8-debug:silencedet.obj
 0002:0002f410       _pjmedia_silence_det_apply 004bb410 f   pjmedia-i386-win32-vc8-debug:silencedet.obj
 0002:0002f7e0       _pjmedia_silence_det_create 004bb7e0 f   pjmedia-i386-win32-vc8-debug:silencedet.obj
 0002:0002f8e0       _pjmedia_silence_det_detect 004bb8e0 f   pjmedia-i386-win32-vc8-debug:silencedet.obj
 0002:0002f940       _pjmedia_silence_det_disable 004bb940 f   pjmedia-i386-win32-vc8-debug:silencedet.obj
 0002:0002f9b0       _pjmedia_silence_det_set_adaptive 004bb9b0 f   pjmedia-i386-win32-vc8-debug:silencedet.obj
 0002:0002fa30       _pjmedia_silence_det_set_fixed 004bba30 f   pjmedia-i386-win32-vc8-debug:silencedet.obj
 0002:0002fab0       _pjmedia_silence_det_set_name 004bbab0 f   pjmedia-i386-win32-vc8-debug:silencedet.obj
 0002:0002fb50       _pjmedia_silence_det_set_params 004bbb50 f   pjmedia-i386-win32-vc8-debug:silencedet.obj
 0002:00030170       _pjmedia_aud_dev_cap_name  004bc170 f   pjmedia-i386-win32-vc8-debug:audiodev.obj
 0002:00030210       _pjmedia_aud_dev_count     004bc210 f   pjmedia-i386-win32-vc8-debug:audiodev.obj
 0002:00030230       _pjmedia_aud_dev_default_param 004bc230 f   pjmedia-i386-win32-vc8-debug:audiodev.obj
 0002:00030370       _pjmedia_aud_dev_get_info  004bc370 f   pjmedia-i386-win32-vc8-debug:audiodev.obj
 0002:00030470       _pjmedia_aud_dev_lookup    004bc470 f   pjmedia-i386-win32-vc8-debug:audiodev.obj
 0002:00030690       _pjmedia_aud_dev_refresh   004bc690 f   pjmedia-i386-win32-vc8-debug:audiodev.obj
 0002:00030770       _pjmedia_aud_driver_deinit 004bc770 f   pjmedia-i386-win32-vc8-debug:audiodev.obj
 0002:00030800       _pjmedia_aud_driver_init   004bc800 f   pjmedia-i386-win32-vc8-debug:audiodev.obj
 0002:00030b70       _pjmedia_aud_param_get_cap 004bcb70 f   pjmedia-i386-win32-vc8-debug:audiodev.obj
 0002:00030c00       _pjmedia_aud_param_set_cap 004bcc00 f   pjmedia-i386-win32-vc8-debug:audiodev.obj
 0002:00030c80       _pjmedia_aud_stream_create 004bcc80 f   pjmedia-i386-win32-vc8-debug:audiodev.obj
 0002:00030fd0       _pjmedia_aud_stream_destroy 004bcfd0 f   pjmedia-i386-win32-vc8-debug:audiodev.obj
 0002:00031000       _pjmedia_aud_stream_get_cap 004bd000 f   pjmedia-i386-win32-vc8-debug:audiodev.obj
 0002:00031040       _pjmedia_aud_stream_get_param 004bd040 f   pjmedia-i386-win32-vc8-debug:audiodev.obj
 0002:00031150       _pjmedia_aud_stream_set_cap 004bd150 f   pjmedia-i386-win32-vc8-debug:audiodev.obj
 0002:00031190       _pjmedia_aud_stream_start  004bd190 f   pjmedia-i386-win32-vc8-debug:audiodev.obj
 0002:000311c0       _pjmedia_aud_stream_stop   004bd1c0 f   pjmedia-i386-win32-vc8-debug:audiodev.obj
 0002:000311f0       _pjmedia_get_aud_subsys    004bd1f0 f   pjmedia-i386-win32-vc8-debug:audiodev.obj
 0002:00031850       _pjmedia_format_copy       004bd850 f   pjmedia-i386-win32-vc8-debug:format.obj
 0002:00031880       _pjmedia_format_get_audio_format_detail 004bd880 f   pjmedia-i386-win32-vc8-debug:format.obj
 0002:000318f0       _pjmedia_format_get_video_format_detail 004bd8f0 f   pjmedia-i386-win32-vc8-debug:format.obj
 0002:00031960       _pjmedia_format_init_video 004bd960 f   pjmedia-i386-win32-vc8-debug:format.obj
 0002:00031ad0       _pjmedia_get_video_format_info 004bdad0 f   pjmedia-i386-win32-vc8-debug:format.obj
 0002:00031be0       _pjmedia_register_video_format_info 004bdbe0 f   pjmedia-i386-win32-vc8-debug:format.obj
 0002:00031d50       _pjmedia_video_format_mgr_create 004bdd50 f   pjmedia-i386-win32-vc8-debug:format.obj
 0002:00031e70       _pjmedia_video_format_mgr_destroy 004bde70 f   pjmedia-i386-win32-vc8-debug:format.obj
 0002:00031f00       _pjmedia_video_format_mgr_instance 004bdf00 f   pjmedia-i386-win32-vc8-debug:format.obj
 0002:00031f50       _pjmedia_video_format_mgr_set_instance 004bdf50 f   pjmedia-i386-win32-vc8-debug:format.obj
 0002:00032ca0       _pjmedia_sdp_attr_add      004beca0 f   pjmedia-i386-win32-vc8-debug:sdp.obj
 0002:00032d80       _pjmedia_sdp_attr_clone    004bed80 f   pjmedia-i386-win32-vc8-debug:sdp.obj
 0002:00032e30       _pjmedia_sdp_attr_create   004bee30 f   pjmedia-i386-win32-vc8-debug:sdp.obj
 0002:00032f00       _pjmedia_sdp_attr_create_rtcp 004bef00 f   pjmedia-i386-win32-vc8-debug:sdp.obj
 0002:00033080       _pjmedia_sdp_attr_create_ssrc 004bf080 f   pjmedia-i386-win32-vc8-debug:sdp.obj
 0002:00033140       _pjmedia_sdp_attr_find     004bf140 f   pjmedia-i386-win32-vc8-debug:sdp.obj
 0002:00033250       _pjmedia_sdp_attr_find2    004bf250 f   pjmedia-i386-win32-vc8-debug:sdp.obj
 0002:000332a0       _pjmedia_sdp_attr_get_fmtp 004bf2a0 f   pjmedia-i386-win32-vc8-debug:sdp.obj
 0002:000333f0       _pjmedia_sdp_attr_get_rtcp 004bf3f0 f   pjmedia-i386-win32-vc8-debug:sdp.obj
 0002:00033620       _pjmedia_sdp_attr_get_rtpmap 004bf620 f   pjmedia-i386-win32-vc8-debug:sdp.obj
 0002:00033950       _pjmedia_sdp_attr_get_ssrc 004bf950 f   pjmedia-i386-win32-vc8-debug:sdp.obj
 0002:00033b80       _pjmedia_sdp_attr_remove   004bfb80 f   pjmedia-i386-win32-vc8-debug:sdp.obj
 0002:00033ce0       _pjmedia_sdp_attr_remove_all 004bfce0 f   pjmedia-i386-win32-vc8-debug:sdp.obj
 0002:00033e50       _pjmedia_sdp_attr_to_rtpmap 004bfe50 f   pjmedia-i386-win32-vc8-debug:sdp.obj
 0002:00033f40       _pjmedia_sdp_bandw_clone   004bff40 f   pjmedia-i386-win32-vc8-debug:sdp.obj
 0002:00033fb0       _pjmedia_sdp_conn_clone    004bffb0 f   pjmedia-i386-win32-vc8-debug:sdp.obj
 0002:00034070       _pjmedia_sdp_media_add_attr 004c0070 f   pjmedia-i386-win32-vc8-debug:sdp.obj
 0002:000340b0       _pjmedia_sdp_media_clone   004c00b0 f   pjmedia-i386-win32-vc8-debug:sdp.obj
 0002:00034410       _pjmedia_sdp_media_clone_deactivate 004c0410 f   pjmedia-i386-win32-vc8-debug:sdp.obj
 0002:000346a0       _pjmedia_sdp_media_deactivate 004c06a0 f   pjmedia-i386-win32-vc8-debug:sdp.obj
 0002:00034710       _pjmedia_sdp_media_find_attr 004c0710 f   pjmedia-i386-win32-vc8-debug:sdp.obj
 0002:000347a0       _pjmedia_sdp_media_find_attr2 004c07a0 f   pjmedia-i386-win32-vc8-debug:sdp.obj
 0002:00034830       _pjmedia_sdp_media_remove_all_attr 004c0830 f   pjmedia-i386-win32-vc8-debug:sdp.obj
 0002:00034870       _pjmedia_sdp_media_remove_attr 004c0870 f   pjmedia-i386-win32-vc8-debug:sdp.obj
 0002:000348b0       _pjmedia_sdp_parse         004c08b0 f   pjmedia-i386-win32-vc8-debug:sdp.obj
 0002:00034ff0       _pjmedia_sdp_print         004c0ff0 f   pjmedia-i386-win32-vc8-debug:sdp.obj
 0002:00035020       _pjmedia_sdp_rtpmap_to_attr 004c1020 f   pjmedia-i386-win32-vc8-debug:sdp.obj
 0002:000352a0       _pjmedia_sdp_session_add_attr 004c12a0 f   pjmedia-i386-win32-vc8-debug:sdp.obj
 0002:000352e0       _pjmedia_sdp_session_clone 004c12e0 f   pjmedia-i386-win32-vc8-debug:sdp.obj
 0002:00035620       _pjmedia_sdp_transport_cmp 004c1620 f   pjmedia-i386-win32-vc8-debug:sdp.obj
 0002:000356b0       _pjmedia_sdp_transport_get_proto 004c16b0 f   pjmedia-i386-win32-vc8-debug:sdp.obj
 0002:000358a0       _pjmedia_sdp_validate      004c18a0 f   pjmedia-i386-win32-vc8-debug:sdp.obj
 0002:000358d0       _pjmedia_sdp_validate2     004c18d0 f   pjmedia-i386-win32-vc8-debug:sdp.obj
 0002:000367d0       _pjmedia_strerror          004c27d0 f   pjmedia-i386-win32-vc8-debug:errno.obj
 0002:00036ac0       _pjmedia_vid_codec_info_to_id 004c2ac0 f   pjmedia-i386-win32-vc8-debug:vid_codec.obj
 0002:00036ba0       _pjmedia_vid_codec_mgr_alloc_codec 004c2ba0 f   pjmedia-i386-win32-vc8-debug:vid_codec.obj
 0002:00036d20       _pjmedia_vid_codec_mgr_create 004c2d20 f   pjmedia-i386-win32-vc8-debug:vid_codec.obj
 0002:00036e20       _pjmedia_vid_codec_mgr_dealloc_codec 004c2e20 f   pjmedia-i386-win32-vc8-debug:vid_codec.obj
 0002:00036ef0       _pjmedia_vid_codec_mgr_destroy 004c2ef0 f   pjmedia-i386-win32-vc8-debug:vid_codec.obj
 0002:00036fb0       _pjmedia_vid_codec_mgr_enum_codecs 004c2fb0 f   pjmedia-i386-win32-vc8-debug:vid_codec.obj
 0002:00037160       _pjmedia_vid_codec_mgr_find_codecs_by_id 004c3160 f   pjmedia-i386-win32-vc8-debug:vid_codec.obj
 0002:00037360       _pjmedia_vid_codec_mgr_get_codec_info 004c3360 f   pjmedia-i386-win32-vc8-debug:vid_codec.obj
 0002:000374a0       _pjmedia_vid_codec_mgr_get_codec_info2 004c34a0 f   pjmedia-i386-win32-vc8-debug:vid_codec.obj
 0002:000375e0       _pjmedia_vid_codec_mgr_get_default_param 004c35e0 f   pjmedia-i386-win32-vc8-debug:vid_codec.obj
 0002:00037860       _pjmedia_vid_codec_mgr_instance 004c3860 f   pjmedia-i386-win32-vc8-debug:vid_codec.obj
 0002:00037880       _pjmedia_vid_codec_mgr_register_factory 004c3880 f   pjmedia-i386-win32-vc8-debug:vid_codec.obj
 0002:00037b60       _pjmedia_vid_codec_mgr_set_codec_priority 004c3b60 f   pjmedia-i386-win32-vc8-debug:vid_codec.obj
 0002:00037d00       _pjmedia_vid_codec_mgr_set_default_param 004c3d00 f   pjmedia-i386-win32-vc8-debug:vid_codec.obj
 0002:00038020       _pjmedia_vid_codec_mgr_set_instance 004c4020 f   pjmedia-i386-win32-vc8-debug:vid_codec.obj
 0002:00038040       _pjmedia_vid_codec_mgr_unregister_factory 004c4040 f   pjmedia-i386-win32-vc8-debug:vid_codec.obj
 0002:000381e0       _pjmedia_vid_codec_param_clone 004c41e0 f   pjmedia-i386-win32-vc8-debug:vid_codec.obj
 0002:00038880       _pjmedia_clock_create      004c4880 f   pjmedia-i386-win32-vc8-debug:clock_thread.obj
 0002:00038900       _pjmedia_clock_create2     004c4900 f   pjmedia-i386-win32-vc8-debug:clock_thread.obj
 0002:00038b50       _pjmedia_clock_destroy     004c4b50 f   pjmedia-i386-win32-vc8-debug:clock_thread.obj
 0002:00038c40       _pjmedia_clock_modify      004c4c40 f   pjmedia-i386-win32-vc8-debug:clock_thread.obj
 0002:00038cc0       _pjmedia_clock_src_get_current_timestamp 004c4cc0 f   pjmedia-i386-win32-vc8-debug:clock_thread.obj
 0002:00038da0       _pjmedia_clock_src_get_time_msec 004c4da0 f   pjmedia-i386-win32-vc8-debug:clock_thread.obj
 0002:00038e40       _pjmedia_clock_src_init    004c4e40 f   pjmedia-i386-win32-vc8-debug:clock_thread.obj
 0002:00038ee0       _pjmedia_clock_src_update  004c4ee0 f   pjmedia-i386-win32-vc8-debug:clock_thread.obj
 0002:00038f70       _pjmedia_clock_start       004c4f70 f   pjmedia-i386-win32-vc8-debug:clock_thread.obj
 0002:000390a0       _pjmedia_clock_stop        004c50a0 f   pjmedia-i386-win32-vc8-debug:clock_thread.obj
 0002:00039170       _pjmedia_clock_wait        004c5170 f   pjmedia-i386-win32-vc8-debug:clock_thread.obj
 0002:000394c0       _pjmedia_echo_cancel       004c54c0 f   pjmedia-i386-win32-vc8-debug:echo_common.obj
 0002:00039510       _pjmedia_echo_capture      004c5510 f   pjmedia-i386-win32-vc8-debug:echo_common.obj
 0002:00039670       _pjmedia_echo_create       004c5670 f   pjmedia-i386-win32-vc8-debug:echo_common.obj
 0002:000396c0       _pjmedia_echo_create2      004c56c0 f   pjmedia-i386-win32-vc8-debug:echo_common.obj
 0002:00039a80       _pjmedia_echo_destroy      004c5a80 f   pjmedia-i386-win32-vc8-debug:echo_common.obj
 0002:00039af0       _pjmedia_echo_playback     004c5af0 f   pjmedia-i386-win32-vc8-debug:echo_common.obj
 0002:00039c50       _pjmedia_echo_reset        004c5c50 f   pjmedia-i386-win32-vc8-debug:echo_common.obj
 0002:0003a130       _pjmedia_event_init        004c6130 f   pjmedia-i386-win32-vc8-debug:event.obj
 0002:0003a1a0       _pjmedia_event_mgr_create  004c61a0 f   pjmedia-i386-win32-vc8-debug:event.obj
 0002:0003a330       _pjmedia_event_mgr_destroy 004c6330 f   pjmedia-i386-win32-vc8-debug:event.obj
 0002:0003a460       _pjmedia_event_mgr_instance 004c6460 f   pjmedia-i386-win32-vc8-debug:event.obj
 0002:0003a480       _pjmedia_event_mgr_set_instance 004c6480 f   pjmedia-i386-win32-vc8-debug:event.obj
 0002:0003a4a0       _pjmedia_event_publish     004c64a0 f   pjmedia-i386-win32-vc8-debug:event.obj
 0002:0003a6d0       _pjmedia_event_subscribe   004c66d0 f   pjmedia-i386-win32-vc8-debug:event.obj
 0002:0003a8b0       _pjmedia_event_unsubscribe 004c68b0 f   pjmedia-i386-win32-vc8-debug:event.obj
 0002:0003c0f0       _pjmedia_jbuf_create       004c80f0 f   pjmedia-i386-win32-vc8-debug:jbuf.obj
 0002:0003c2b0       _pjmedia_jbuf_destroy      004c82b0 f   pjmedia-i386-win32-vc8-debug:jbuf.obj
 0002:0003c3f0       _pjmedia_jbuf_get_frame    004c83f0 f   pjmedia-i386-win32-vc8-debug:jbuf.obj
 0002:0003c430       _pjmedia_jbuf_get_frame2   004c8430 f   pjmedia-i386-win32-vc8-debug:jbuf.obj
 0002:0003c470       _pjmedia_jbuf_get_frame3   004c8470 f   pjmedia-i386-win32-vc8-debug:jbuf.obj
 0002:0003c600       _pjmedia_jbuf_get_state    004c8600 f   pjmedia-i386-win32-vc8-debug:jbuf.obj
 0002:0003c770       _pjmedia_jbuf_is_full      004c8770 f   pjmedia-i386-win32-vc8-debug:jbuf.obj
 0002:0003c7b0       _pjmedia_jbuf_peek_frame   004c87b0 f   pjmedia-i386-win32-vc8-debug:jbuf.obj
 0002:0003c830       _pjmedia_jbuf_put_frame    004c8830 f   pjmedia-i386-win32-vc8-debug:jbuf.obj
 0002:0003c870       _pjmedia_jbuf_put_frame2   004c8870 f   pjmedia-i386-win32-vc8-debug:jbuf.obj
 0002:0003c8b0       _pjmedia_jbuf_put_frame3   004c88b0 f   pjmedia-i386-win32-vc8-debug:jbuf.obj
 0002:0003cb10       _pjmedia_jbuf_remove_frame 004c8b10 f   pjmedia-i386-win32-vc8-debug:jbuf.obj
 0002:0003cbb0       _pjmedia_jbuf_reset        004c8bb0 f   pjmedia-i386-win32-vc8-debug:jbuf.obj
 0002:0003cc60       _pjmedia_jbuf_set_adaptive 004c8c60 f   pjmedia-i386-win32-vc8-debug:jbuf.obj
 0002:0003cd60       _pjmedia_jbuf_set_discard  004c8d60 f   pjmedia-i386-win32-vc8-debug:jbuf.obj
 0002:0003ce50       _pjmedia_jbuf_set_fixed    004c8e50 f   pjmedia-i386-win32-vc8-debug:jbuf.obj
 0002:0003cf30       _pjmedia_jbuf_set_ptime    004c8f30 f   pjmedia-i386-win32-vc8-debug:jbuf.obj
 0002:0003d020       _pjmedia_rtp_decode_rtp    004c9020 f   pjmedia-i386-win32-vc8-debug:rtp.obj
 0002:0003d070       _pjmedia_rtp_decode_rtp2   004c9070 f   pjmedia-i386-win32-vc8-debug:rtp.obj
 0002:0003d200       _pjmedia_rtp_encode_rtp    004c9200 f   pjmedia-i386-win32-vc8-debug:rtp.obj
 0002:0003d310       _pjmedia_rtp_seq_init      004c9310 f   pjmedia-i386-win32-vc8-debug:rtp.obj
 0002:0003d3b0       _pjmedia_rtp_seq_update    004c93b0 f   pjmedia-i386-win32-vc8-debug:rtp.obj
 0002:0003d5e0       _pjmedia_rtp_session_init  004c95e0 f   pjmedia-i386-win32-vc8-debug:rtp.obj
 0002:0003d7c0       _pjmedia_rtp_session_init2 004c97c0 f   pjmedia-i386-win32-vc8-debug:rtp.obj
 0002:0003d8c0       _pjmedia_rtp_session_update 004c98c0 f   pjmedia-i386-win32-vc8-debug:rtp.obj
 0002:0003d8f0       _pjmedia_rtp_session_update2 004c98f0 f   pjmedia-i386-win32-vc8-debug:rtp.obj
 0002:0003e5b0       _pjmedia_rtcp_build_rtcp   004ca5b0 f   pjmedia-i386-win32-vc8-debug:rtcp.obj
 0002:0003eb20       _pjmedia_rtcp_build_rtcp_bye 004cab20 f   pjmedia-i386-win32-vc8-debug:rtcp.obj
 0002:0003ed70       _pjmedia_rtcp_build_rtcp_sdes 004cad70 f   pjmedia-i386-win32-vc8-debug:rtcp.obj
 0002:0003f360       _pjmedia_rtcp_enable_xr    004cb360 f   pjmedia-i386-win32-vc8-debug:rtcp.obj
 0002:0003f380       _pjmedia_rtcp_fini         004cb380 f   pjmedia-i386-win32-vc8-debug:rtcp.obj
 0002:0003f3a0       _pjmedia_rtcp_get_ntp_time 004cb3a0 f   pjmedia-i386-win32-vc8-debug:rtcp.obj
 0002:0003f690       _pjmedia_rtcp_init         004cb690 f   pjmedia-i386-win32-vc8-debug:rtcp.obj
 0002:0003f6f0       _pjmedia_rtcp_init2        004cb6f0 f   pjmedia-i386-win32-vc8-debug:rtcp.obj
 0002:0003f910       _pjmedia_rtcp_init_stat    004cb910 f   pjmedia-i386-win32-vc8-debug:rtcp.obj
 0002:0003f9f0       _pjmedia_rtcp_rx_rtcp      004cb9f0 f   pjmedia-i386-win32-vc8-debug:rtcp.obj
 0002:0003fb40       _pjmedia_rtcp_rx_rtp       004cbb40 f   pjmedia-i386-win32-vc8-debug:rtcp.obj
 0002:0003fb80       _pjmedia_rtcp_rx_rtp2      004cbb80 f   pjmedia-i386-win32-vc8-debug:rtcp.obj
 0002:0003ff00       _pjmedia_rtcp_session_setting_default 004cbf00 f   pjmedia-i386-win32-vc8-debug:rtcp.obj
 0002:0003ff30       _pjmedia_rtcp_tx_rtp       004cbf30 f   pjmedia-i386-win32-vc8-debug:rtcp.obj
 0002:00040500       _pjmedia_rtcp_fb_build_nack 004cc500 f   pjmedia-i386-win32-vc8-debug:rtcp_fb.obj
 0002:00040700       _pjmedia_rtcp_fb_build_pli 004cc700 f   pjmedia-i386-win32-vc8-debug:rtcp_fb.obj
 0002:00040840       _pjmedia_rtcp_fb_build_rpsi 004cc840 f   pjmedia-i386-win32-vc8-debug:rtcp_fb.obj
 0002:00040aa0       _pjmedia_rtcp_fb_build_sli 004ccaa0 f   pjmedia-i386-win32-vc8-debug:rtcp_fb.obj
 0002:00040db0       _pjmedia_rtcp_fb_decode_sdp 004ccdb0 f   pjmedia-i386-win32-vc8-debug:rtcp_fb.obj
 0002:00041300       _pjmedia_rtcp_fb_encode_sdp 004cd300 f   pjmedia-i386-win32-vc8-debug:rtcp_fb.obj
 0002:00041750       _pjmedia_rtcp_fb_info_dup  004cd750 f   pjmedia-i386-win32-vc8-debug:rtcp_fb.obj
 0002:00041810       _pjmedia_rtcp_fb_parse_nack 004cd810 f   pjmedia-i386-win32-vc8-debug:rtcp_fb.obj
 0002:00041a30       _pjmedia_rtcp_fb_parse_pli 004cda30 f   pjmedia-i386-win32-vc8-debug:rtcp_fb.obj
 0002:00041b00       _pjmedia_rtcp_fb_parse_rpsi 004cdb00 f   pjmedia-i386-win32-vc8-debug:rtcp_fb.obj
 0002:00041cb0       _pjmedia_rtcp_fb_parse_sli 004cdcb0 f   pjmedia-i386-win32-vc8-debug:rtcp_fb.obj
 0002:00041f30       _pjmedia_rtcp_fb_setting_default 004cdf30 f   pjmedia-i386-win32-vc8-debug:rtcp_fb.obj
 0002:00041f60       _pjmedia_rtcp_fb_setting_dup 004cdf60 f   pjmedia-i386-win32-vc8-debug:rtcp_fb.obj
 0002:00042020       _pjmedia_wave_hdr_file_to_host 004ce020 f   pjmedia-i386-win32-vc8-debug:wave.obj
 0002:00042050       _pjmedia_wave_hdr_host_to_file 004ce050 f   pjmedia-i386-win32-vc8-debug:wave.obj
 0002:00043310       _pjmedia_wsola_create      004cf310 f   pjmedia-i386-win32-vc8-debug:wsola.obj
 0002:00043750       _pjmedia_wsola_destroy     004cf750 f   pjmedia-i386-win32-vc8-debug:wsola.obj
 0002:00043770       _pjmedia_wsola_discard     004cf770 f   pjmedia-i386-win32-vc8-debug:wsola.obj
 0002:00043c90       _pjmedia_wsola_generate    004cfc90 f   pjmedia-i386-win32-vc8-debug:wsola.obj
 0002:00043dc0       _pjmedia_wsola_reset       004cfdc0 f   pjmedia-i386-win32-vc8-debug:wsola.obj
 0002:00043e90       _pjmedia_wsola_save        004cfe90 f   pjmedia-i386-win32-vc8-debug:wsola.obj
 0002:000443f0       _pjmedia_wsola_set_max_expand 004d03f0 f   pjmedia-i386-win32-vc8-debug:wsola.obj
 0002:00044700       _echo_supp_cancel_echo     004d0700 f   pjmedia-i386-win32-vc8-debug:echo_suppress.obj
 0002:00044d20       _echo_supp_create          004d0d20 f   pjmedia-i386-win32-vc8-debug:echo_suppress.obj
 0002:00044f80       _echo_supp_destroy         004d0f80 f   pjmedia-i386-win32-vc8-debug:echo_suppress.obj
 0002:00044fa0       _echo_supp_reset           004d0fa0 f   pjmedia-i386-win32-vc8-debug:echo_suppress.obj
 0002:00045170       _echo_supp_soft_reset      004d1170 f   pjmedia-i386-win32-vc8-debug:echo_suppress.obj
 0002:00046050       _speex_aec_cancel_echo     004d2050 f   pjmedia-i386-win32-vc8-debug:echo_speex.obj
 0002:00046150       _speex_aec_capture         004d2150 f   pjmedia-i386-win32-vc8-debug:echo_speex.obj
 0002:00046220       _speex_aec_create          004d2220 f   pjmedia-i386-win32-vc8-debug:echo_speex.obj
 0002:00046460       _speex_aec_destroy         004d2460 f   pjmedia-i386-win32-vc8-debug:echo_speex.obj
 0002:00046530       _speex_aec_playback        004d2530 f   pjmedia-i386-win32-vc8-debug:echo_speex.obj
 0002:000465c0       _speex_aec_reset           004d25c0 f   pjmedia-i386-win32-vc8-debug:echo_speex.obj
 0002:00046bf0       _pjmedia_delay_buf_create  004d2bf0 f   pjmedia-i386-win32-vc8-debug:delaybuf.obj
 0002:00046e70       _pjmedia_delay_buf_destroy 004d2e70 f   pjmedia-i386-win32-vc8-debug:delaybuf.obj
 0002:00046f50       _pjmedia_delay_buf_get     004d2f50 f   pjmedia-i386-win32-vc8-debug:delaybuf.obj
 0002:000471e0       _pjmedia_delay_buf_put     004d31e0 f   pjmedia-i386-win32-vc8-debug:delaybuf.obj
 0002:00047430       _pjmedia_delay_buf_reset   004d3430 f   pjmedia-i386-win32-vc8-debug:delaybuf.obj
 0002:000488a0       _pj_getopt                 004d48a0 f   pjlib-util-i386-win32-vc8-debug:getopt.obj
 0002:000488e0       _pj_getopt_long            004d48e0 f   pjlib-util-i386-win32-vc8-debug:getopt.obj
 0002:00048b20       _pj_base64_decode          004d4b20 f   pjlib-util-i386-win32-vc8-debug:base64.obj
 0002:00048e90       _pj_base64_encode          004d4e90 f   pjlib-util-i386-win32-vc8-debug:base64.obj
 0002:000490f0       _pj_cis_add_alpha          004d50f0 f   pjlib-util-i386-win32-vc8-debug:scanner.obj
 0002:00049130       _pj_cis_add_cis            004d5130 f   pjlib-util-i386-win32-vc8-debug:scanner.obj
 0002:000491c0       _pj_cis_add_num            004d51c0 f   pjlib-util-i386-win32-vc8-debug:scanner.obj
 0002:000491f0       _pj_cis_add_range          004d51f0 f   pjlib-util-i386-win32-vc8-debug:scanner.obj
 0002:00049270       _pj_cis_add_str            004d5270 f   pjlib-util-i386-win32-vc8-debug:scanner.obj
 0002:000492e0       _pj_cis_buf_init           004d52e0 f   pjlib-util-i386-win32-vc8-debug:scanner.obj
 0002:00049320       _pj_cis_del_range          004d5320 f   pjlib-util-i386-win32-vc8-debug:scanner.obj
 0002:00049380       _pj_cis_del_str            004d5380 f   pjlib-util-i386-win32-vc8-debug:scanner.obj
 0002:000493f0       _pj_cis_dup                004d53f0 f   pjlib-util-i386-win32-vc8-debug:scanner.obj
 0002:000494e0       _pj_cis_init               004d54e0 f   pjlib-util-i386-win32-vc8-debug:scanner.obj
 0002:00049580       _pj_cis_invert             004d5580 f   pjlib-util-i386-win32-vc8-debug:scanner.obj
 0002:00049740       _pj_scan_advance_n         004d5740 f   pjlib-util-i386-win32-vc8-debug:scanner.obj
 0002:000497c0       _pj_scan_fini              004d57c0 f   pjlib-util-i386-win32-vc8-debug:scanner.obj
 0002:000497f0       _pj_scan_get               004d57f0 f   pjlib-util-i386-win32-vc8-debug:scanner.obj
 0002:000498f0       _pj_scan_get_char          004d58f0 f   pjlib-util-i386-win32-vc8-debug:scanner.obj
 0002:00049970       _pj_scan_get_n             004d5970 f   pjlib-util-i386-win32-vc8-debug:scanner.obj
 0002:00049a10       _pj_scan_get_newline       004d5a10 f   pjlib-util-i386-win32-vc8-debug:scanner.obj
 0002:00049ad0       _pj_scan_get_quote         004d5ad0 f   pjlib-util-i386-win32-vc8-debug:scanner.obj
 0002:00049b20       _pj_scan_get_quotes        004d5b20 f   pjlib-util-i386-win32-vc8-debug:scanner.obj
 0002:00049d40       _pj_scan_get_unescape      004d5d40 f   pjlib-util-i386-win32-vc8-debug:scanner.obj
 0002:00049ff0       _pj_scan_get_until         004d5ff0 f   pjlib-util-i386-win32-vc8-debug:scanner.obj
 0002:0004a0c0       _pj_scan_get_until_ch      004d60c0 f   pjlib-util-i386-win32-vc8-debug:scanner.obj
 0002:0004a180       _pj_scan_get_until_chr     004d6180 f   pjlib-util-i386-win32-vc8-debug:scanner.obj
 0002:0004a270       _pj_scan_init              004d6270 f   pjlib-util-i386-win32-vc8-debug:scanner.obj
 0002:0004a310       _pj_scan_peek              004d6310 f   pjlib-util-i386-win32-vc8-debug:scanner.obj
 0002:0004a3b0       _pj_scan_peek_n            004d63b0 f   pjlib-util-i386-win32-vc8-debug:scanner.obj
 0002:0004a420       _pj_scan_peek_until        004d6420 f   pjlib-util-i386-win32-vc8-debug:scanner.obj
 0002:0004a4c0       _pj_scan_restore_state     004d64c0 f   pjlib-util-i386-win32-vc8-debug:scanner.obj
 0002:0004a500       _pj_scan_save_state        004d6500 f   pjlib-util-i386-win32-vc8-debug:scanner.obj
 0002:0004a540       _pj_scan_skip_line         004d6540 f   pjlib-util-i386-win32-vc8-debug:scanner.obj
 0002:0004a5c0       _pj_scan_skip_whitespace   004d65c0 f   pjlib-util-i386-win32-vc8-debug:scanner.obj
 0002:0004a820       _pj_scan_strcmp            004d6820 f   pjlib-util-i386-win32-vc8-debug:scanner.obj
 0002:0004a880       _pj_scan_stricmp           004d6880 f   pjlib-util-i386-win32-vc8-debug:scanner.obj
 0002:0004a8e0       _pj_scan_stricmp_alnum     004d68e0 f   pjlib-util-i386-win32-vc8-debug:scanner.obj
 0002:0004ab30       _pj_atexit                 004d6b30 f   pjlib-i386-win32-vc8-debug:os_core_win32.obj
 0002:0004ab80       _pj_atomic_add             004d6b80 f   pjlib-i386-win32-vc8-debug:os_core_win32.obj
 0002:0004abe0       _pj_atomic_add_and_get     004d6be0 f   pjlib-i386-win32-vc8-debug:os_core_win32.obj
 0002:0004ac10       _pj_atomic_create          004d6c10 f   pjlib-i386-win32-vc8-debug:os_core_win32.obj
 0002:0004ac60       _pj_atomic_dec             004d6c60 f   pjlib-i386-win32-vc8-debug:os_core_win32.obj
 0002:0004acc0       _pj_atomic_dec_and_get     004d6cc0 f   pjlib-i386-win32-vc8-debug:os_core_win32.obj
 0002:0004ad00       _pj_atomic_destroy         004d6d00 f   pjlib-i386-win32-vc8-debug:os_core_win32.obj
 0002:0004ad60       _pj_atomic_get             004d6d60 f   pjlib-i386-win32-vc8-debug:os_core_win32.obj
 0002:0004add0       _pj_atomic_inc             004d6dd0 f   pjlib-i386-win32-vc8-debug:os_core_win32.obj
 0002:0004ae30       _pj_atomic_inc_and_get     004d6e30 f   pjlib-i386-win32-vc8-debug:os_core_win32.obj
 0002:0004ae80       _pj_atomic_set             004d6e80 f   pjlib-i386-win32-vc8-debug:os_core_win32.obj
 0002:0004afb0       _pj_enter_critical_section 004d6fb0 f   pjlib-i386-win32-vc8-debug:os_core_win32.obj
 0002:0004afe0       _pj_event_create           004d6fe0 f   pjlib-i386-win32-vc8-debug:os_core_win32.obj
 0002:0004b1d0       _pj_event_destroy          004d71d0 f   pjlib-i386-win32-vc8-debug:os_core_win32.obj
 0002:0004b2c0       _pj_event_pulse            004d72c0 f   pjlib-i386-win32-vc8-debug:os_core_win32.obj
 0002:0004b3b0       _pj_event_reset            004d73b0 f   pjlib-i386-win32-vc8-debug:os_core_win32.obj
 0002:0004b4a0       _pj_event_set              004d74a0 f   pjlib-i386-win32-vc8-debug:os_core_win32.obj
 0002:0004b590       _pj_event_trywait          004d7590 f   pjlib-i386-win32-vc8-debug:os_core_win32.obj
 0002:0004b600       _pj_event_wait             004d7600 f   pjlib-i386-win32-vc8-debug:os_core_win32.obj
 0002:0004b7a0       _pj_getpid                 004d77a0 f   pjlib-i386-win32-vc8-debug:os_core_win32.obj
 0002:0004b7e0       _pj_init                   004d77e0 f   pjlib-i386-win32-vc8-debug:os_core_win32.obj
 0002:0004ba40       _pj_leave_critical_section 004d7a40 f   pjlib-i386-win32-vc8-debug:os_core_win32.obj
 0002:0004ba70       _pj_mutex_create           004d7a70 f   pjlib-i386-win32-vc8-debug:os_core_win32.obj
 0002:0004bb30       _pj_mutex_create_recursive 004d7b30 f   pjlib-i386-win32-vc8-debug:os_core_win32.obj
 0002:0004bb60       _pj_mutex_create_simple    004d7b60 f   pjlib-i386-win32-vc8-debug:os_core_win32.obj
 0002:0004bb90       _pj_mutex_destroy          004d7b90 f   pjlib-i386-win32-vc8-debug:os_core_win32.obj
 0002:0004bc20       _pj_mutex_is_locked        004d7c20 f   pjlib-i386-win32-vc8-debug:os_core_win32.obj
 0002:0004bc60       _pj_mutex_lock             004d7c60 f   pjlib-i386-win32-vc8-debug:os_core_win32.obj
 0002:0004bd30       _pj_mutex_trylock          004d7d30 f   pjlib-i386-win32-vc8-debug:os_core_win32.obj
 0002:0004be20       _pj_mutex_unlock           004d7e20 f   pjlib-i386-win32-vc8-debug:os_core_win32.obj
 0002:0004bf20       _pj_run_app                004d7f20 f   pjlib-i386-win32-vc8-debug:os_core_win32.obj
 0002:0004bf50       _pj_rwmutex_create         004d7f50 f   pjlib-i386-win32-vc8-debug:os_core_win32.obj
 0002:0004c060       _pj_rwmutex_destroy        004d8060 f   pjlib-i386-win32-vc8-debug:os_core_win32.obj
 0002:0004c0e0       _pj_rwmutex_lock_read      004d80e0 f   pjlib-i386-win32-vc8-debug:os_core_win32.obj
 0002:0004c210       _pj_rwmutex_lock_write     004d8210 f   pjlib-i386-win32-vc8-debug:os_core_win32.obj
 0002:0004c280       _pj_rwmutex_unlock_read    004d8280 f   pjlib-i386-win32-vc8-debug:os_core_win32.obj
 0002:0004c3a0       _pj_rwmutex_unlock_write   004d83a0 f   pjlib-i386-win32-vc8-debug:os_core_win32.obj
 0002:0004c440       _pj_sem_create             004d8440 f   pjlib-i386-win32-vc8-debug:os_core_win32.obj
 0002:0004c5e0       _pj_sem_destroy            004d85e0 f   pjlib-i386-win32-vc8-debug:os_core_win32.obj
 0002:0004c6d0       _pj_sem_post               004d86d0 f   pjlib-i386-win32-vc8-debug:os_core_win32.obj
 0002:0004c7c0       _pj_sem_trywait            004d87c0 f   pjlib-i386-win32-vc8-debug:os_core_win32.obj
 0002:0004c840       _pj_sem_wait               004d8840 f   pjlib-i386-win32-vc8-debug:os_core_win32.obj
 0002:0004c9f0       _pj_shutdown               004d89f0 f   pjlib-i386-win32-vc8-debug:os_core_win32.obj
 0002:0004cb80       _pj_term_get_color         004d8b80 f   pjlib-i386-win32-vc8-debug:os_core_win32.obj
 0002:0004cbf0       _pj_term_set_color         004d8bf0 f   pjlib-i386-win32-vc8-debug:os_core_win32.obj
 0002:0004ccc0       _pj_thread_check_stack     004d8cc0 f   pjlib-i386-win32-vc8-debug:os_core_win32.obj
 0002:0004cdc0       _pj_thread_create          004d8dc0 f   pjlib-i386-win32-vc8-debug:os_core_win32.obj
 0002:0004d000       _pj_thread_destroy         004d9000 f   pjlib-i386-win32-vc8-debug:os_core_win32.obj
 0002:0004d0e0       _pj_thread_get_name        004d90e0 f   pjlib-i386-win32-vc8-debug:os_core_win32.obj
 0002:0004d160       _pj_thread_get_os_handle   004d9160 f   pjlib-i386-win32-vc8-debug:os_core_win32.obj
 0002:0004d1c0       _pj_thread_get_prio        004d91c0 f   pjlib-i386-win32-vc8-debug:os_core_win32.obj
 0002:0004d1f0       _pj_thread_get_prio_max    004d91f0 f   pjlib-i386-win32-vc8-debug:os_core_win32.obj
 0002:0004d210       _pj_thread_get_prio_min    004d9210 f   pjlib-i386-win32-vc8-debug:os_core_win32.obj
 0002:0004d230       _pj_thread_get_stack_info  004d9230 f   pjlib-i386-win32-vc8-debug:os_core_win32.obj
 0002:0004d290       _pj_thread_get_stack_max_usage 004d9290 f   pjlib-i386-win32-vc8-debug:os_core_win32.obj
 0002:0004d2b0       _pj_thread_init            004d92b0 f   pjlib-i386-win32-vc8-debug:os_core_win32.obj
 0002:0004d310       _pj_thread_is_registered   004d9310 f   pjlib-i386-win32-vc8-debug:os_core_win32.obj
 0002:0004d360       _pj_thread_join            004d9360 f   pjlib-i386-win32-vc8-debug:os_core_win32.obj
 0002:0004d490       _pj_thread_local_alloc     004d9490 f   pjlib-i386-win32-vc8-debug:os_core_win32.obj
 0002:0004d550       _pj_thread_local_free      004d9550 f   pjlib-i386-win32-vc8-debug:os_core_win32.obj
 0002:0004d590       _pj_thread_local_get       004d9590 f   pjlib-i386-win32-vc8-debug:os_core_win32.obj
 0002:0004d5b0       _pj_thread_local_set       004d95b0 f   pjlib-i386-win32-vc8-debug:os_core_win32.obj
 0002:0004d640       _pj_thread_register        004d9640 f   pjlib-i386-win32-vc8-debug:os_core_win32.obj
 0002:0004d7b0       _pj_thread_resume          004d97b0 f   pjlib-i386-win32-vc8-debug:os_core_win32.obj
 0002:0004d890       _pj_thread_set_prio        004d9890 f   pjlib-i386-win32-vc8-debug:os_core_win32.obj
 0002:0004d9a0       _pj_thread_sleep           004d99a0 f   pjlib-i386-win32-vc8-debug:os_core_win32.obj
 0002:0004d9e0       _pj_thread_this            004d99e0 f   pjlib-i386-win32-vc8-debug:os_core_win32.obj
 0002:0004db40       _pj_time_val_normalize     004d9b40 f   pjlib-i386-win32-vc8-debug:types.obj
 0002:0004dcb0       _pj_gethostname            004d9cb0 f   pjlib-i386-win32-vc8-debug:sock_bsd.obj
 0002:0004dd60       _pj_htonl                  004d9d60 f   pjlib-i386-win32-vc8-debug:sock_bsd.obj
 0002:0004dd80       _pj_htons                  004d9d80 f   pjlib-i386-win32-vc8-debug:sock_bsd.obj
 0002:0004ddb0       _pj_inet_aton              004d9db0 f   pjlib-i386-win32-vc8-debug:sock_bsd.obj
 0002:0004dee0       _pj_inet_ntoa              004d9ee0 f   pjlib-i386-win32-vc8-debug:sock_bsd.obj
 0002:0004df20       _pj_inet_ntop              004d9f20 f   pjlib-i386-win32-vc8-debug:sock_bsd.obj
 0002:0004e160       _pj_inet_pton              004da160 f   pjlib-i386-win32-vc8-debug:sock_bsd.obj
 0002:0004e410       _pj_ntohl                  004da410 f   pjlib-i386-win32-vc8-debug:sock_bsd.obj
 0002:0004e430       _pj_ntohs                  004da430 f   pjlib-i386-win32-vc8-debug:sock_bsd.obj
 0002:0004e460       _pj_sock_accept            004da460 f   pjlib-i386-win32-vc8-debug:sock_bsd.obj
 0002:0004e550       _pj_sock_bind              004da550 f   pjlib-i386-win32-vc8-debug:sock_bsd.obj
 0002:0004e640       _pj_sock_bind_in           004da640 f   pjlib-i386-win32-vc8-debug:sock_bsd.obj
 0002:0004e6f0       _pj_sock_close             004da6f0 f   pjlib-i386-win32-vc8-debug:sock_bsd.obj
 0002:0004e790       _pj_sock_connect           004da790 f   pjlib-i386-win32-vc8-debug:sock_bsd.obj
 0002:0004e830       _pj_sock_getpeername       004da830 f   pjlib-i386-win32-vc8-debug:sock_bsd.obj
 0002:0004e8d0       _pj_sock_getsockname       004da8d0 f   pjlib-i386-win32-vc8-debug:sock_bsd.obj
 0002:0004e970       _pj_sock_getsockopt        004da970 f   pjlib-i386-win32-vc8-debug:sock_bsd.obj
 0002:0004ea70       _pj_sock_listen            004daa70 f   pjlib-i386-win32-vc8-debug:sock_bsd.obj
 0002:0004eb10       _pj_sock_recv              004dab10 f   pjlib-i386-win32-vc8-debug:sock_bsd.obj
 0002:0004ec10       _pj_sock_recvfrom          004dac10 f   pjlib-i386-win32-vc8-debug:sock_bsd.obj
 0002:0004ed20       _pj_sock_send              004dad20 f   pjlib-i386-win32-vc8-debug:sock_bsd.obj
 0002:0004ee10       _pj_sock_sendto            004dae10 f   pjlib-i386-win32-vc8-debug:sock_bsd.obj
 0002:0004ef10       _pj_sock_setsockopt        004daf10 f   pjlib-i386-win32-vc8-debug:sock_bsd.obj
 0002:0004eff0       _pj_sock_setsockopt_params 004daff0 f   pjlib-i386-win32-vc8-debug:sock_bsd.obj
 0002:0004f150       _pj_sock_shutdown          004db150 f   pjlib-i386-win32-vc8-debug:sock_bsd.obj
 0002:0004f1f0       _pj_sock_socket            004db1f0 f   pjlib-i386-win32-vc8-debug:sock_bsd.obj
 0002:0004f360       _pj_addr_str_print         004db360 f   pjlib-i386-win32-vc8-debug:sock_common.obj
 0002:0004f4b0       _pj_getdefaultipinterface  004db4b0 f   pjlib-i386-win32-vc8-debug:sock_common.obj
 0002:0004f530       _pj_gethostaddr            004db530 f   pjlib-i386-win32-vc8-debug:sock_common.obj
 0002:0004f580       _pj_gethostip              004db580 f   pjlib-i386-win32-vc8-debug:sock_common.obj
 0002:00050270       _pj_getipinterface         004dc270 f   pjlib-i386-win32-vc8-debug:sock_common.obj
 0002:000504c0       _pj_inet_addr              004dc4c0 f   pjlib-i386-win32-vc8-debug:sock_common.obj
 0002:000504f0       _pj_inet_addr2             004dc4f0 f   pjlib-i386-win32-vc8-debug:sock_common.obj
 0002:00050530       _pj_inet_ntop2             004dc530 f   pjlib-i386-win32-vc8-debug:sock_common.obj
 0002:00050620       _pj_sock_bind_random       004dc620 f   pjlib-i386-win32-vc8-debug:sock_common.obj
 0002:000507a0       _pj_sock_setsockopt_sobuf  004dc7a0 f   pjlib-i386-win32-vc8-debug:sock_common.obj
 0002:000509d0       _pj_sockaddr_cmp           004dc9d0 f   pjlib-i386-win32-vc8-debug:sock_common.obj
 0002:00050ae0       _pj_sockaddr_copy_addr     004dcae0 f   pjlib-i386-win32-vc8-debug:sock_common.obj
 0002:00050b40       _pj_sockaddr_cp            004dcb40 f   pjlib-i386-win32-vc8-debug:sock_common.obj
 0002:00050b80       _pj_sockaddr_get_addr      004dcb80 f   pjlib-i386-win32-vc8-debug:sock_common.obj
 0002:00050c50       _pj_sockaddr_get_addr_len  004dcc50 f   pjlib-i386-win32-vc8-debug:sock_common.obj
 0002:00050d20       _pj_sockaddr_get_len       004dcd20 f   pjlib-i386-win32-vc8-debug:sock_common.obj
 0002:00050df0       _pj_sockaddr_get_port      004dcdf0 f   pjlib-i386-win32-vc8-debug:sock_common.obj
 0002:00050ee0       _pj_sockaddr_has_addr      004dcee0 f   pjlib-i386-win32-vc8-debug:sock_common.obj
 0002:00050fd0       _pj_sockaddr_in_get_addr   004dcfd0 f   pjlib-i386-win32-vc8-debug:sock_common.obj
 0002:00051000       _pj_sockaddr_in_get_port   004dd000 f   pjlib-i386-win32-vc8-debug:sock_common.obj
 0002:00051030       _pj_sockaddr_in_init       004dd030 f   pjlib-i386-win32-vc8-debug:sock_common.obj
 0002:000510e0       _pj_sockaddr_in_set_addr   004dd0e0 f   pjlib-i386-win32-vc8-debug:sock_common.obj
 0002:00051110       _pj_sockaddr_in_set_port   004dd110 f   pjlib-i386-win32-vc8-debug:sock_common.obj
 0002:00051140       _pj_sockaddr_in_set_str_addr 004dd140 f   pjlib-i386-win32-vc8-debug:sock_common.obj
 0002:000512e0       _pj_sockaddr_init          004dd2e0 f   pjlib-i386-win32-vc8-debug:sock_common.obj
 0002:000513e0       _pj_sockaddr_parse         004dd3e0 f   pjlib-i386-win32-vc8-debug:sock_common.obj
 0002:00051580       _pj_sockaddr_parse2        004dd580 f   pjlib-i386-win32-vc8-debug:sock_common.obj
 0002:00051a20       _pj_sockaddr_print         004dda20 f   pjlib-i386-win32-vc8-debug:sock_common.obj
 0002:00051b80       _pj_sockaddr_set_port      004ddb80 f   pjlib-i386-win32-vc8-debug:sock_common.obj
 0002:00051c60       _pj_sockaddr_set_str_addr  004ddc60 f   pjlib-i386-win32-vc8-debug:sock_common.obj
 0002:00051de0       _pj_sockaddr_synthesize    004ddde0 f   pjlib-i386-win32-vc8-debug:sock_common.obj
 0002:00052030       _pj_errno_clear_handlers   004de030 f   pjlib-i386-win32-vc8-debug:errno.obj
 0002:000520a0       _pj_perror                 004de0a0 f   pjlib-i386-win32-vc8-debug:errno.obj
 0002:000520f0       _pj_perror_1               004de0f0 f   pjlib-i386-win32-vc8-debug:errno.obj
 0002:00052140       _pj_perror_2               004de140 f   pjlib-i386-win32-vc8-debug:errno.obj
 0002:00052190       _pj_perror_3               004de190 f   pjlib-i386-win32-vc8-debug:errno.obj
 0002:000521e0       _pj_perror_4               004de1e0 f   pjlib-i386-win32-vc8-debug:errno.obj
 0002:00052230       _pj_perror_5               004de230 f   pjlib-i386-win32-vc8-debug:errno.obj
 0002:00052350       _pj_register_strerror      004de350 f   pjlib-i386-win32-vc8-debug:errno.obj
 0002:00052580       _pj_strerror               004de580 f   pjlib-i386-win32-vc8-debug:errno.obj
 0002:00052a10       _pj_log                    004dea10 f   pjlib-i386-win32-vc8-debug:log.obj
 0002:000532c0       _pj_log_1                  004df2c0 f   pjlib-i386-win32-vc8-debug:log.obj
 0002:00053300       _pj_log_2                  004df300 f   pjlib-i386-win32-vc8-debug:log.obj
 0002:00053340       _pj_log_3                  004df340 f   pjlib-i386-win32-vc8-debug:log.obj
 0002:00053380       _pj_log_4                  004df380 f   pjlib-i386-win32-vc8-debug:log.obj
 0002:000533c0       _pj_log_5                  004df3c0 f   pjlib-i386-win32-vc8-debug:log.obj
 0002:00053400       _pj_log_add_indent         004df400 f   pjlib-i386-win32-vc8-debug:log.obj
 0002:00053430       _pj_log_get_color          004df430 f   pjlib-i386-win32-vc8-debug:log.obj
 0002:000534d0       _pj_log_get_decor          004df4d0 f   pjlib-i386-win32-vc8-debug:log.obj
 0002:000534f0       _pj_log_get_level          004df4f0 f   pjlib-i386-win32-vc8-debug:log.obj
 0002:00053510       _pj_log_get_log_func       004df510 f   pjlib-i386-win32-vc8-debug:log.obj
 0002:00053530       _pj_log_init               004df530 f   pjlib-i386-win32-vc8-debug:log.obj
 0002:000535d0       _pj_log_pop_indent         004df5d0 f   pjlib-i386-win32-vc8-debug:log.obj
 0002:000535f0       _pj_log_push_indent        004df5f0 f   pjlib-i386-win32-vc8-debug:log.obj
 0002:00053610       _pj_log_set_color          004df610 f   pjlib-i386-win32-vc8-debug:log.obj
 0002:00053740       _pj_log_set_decor          004df740 f   pjlib-i386-win32-vc8-debug:log.obj
 0002:00053760       _pj_log_set_level          004df760 f   pjlib-i386-win32-vc8-debug:log.obj
 0002:00053780       _pj_log_set_log_func       004df780 f   pjlib-i386-win32-vc8-debug:log.obj
 0002:00053880       _pj_create_random_string   004df880 f   pjlib-i386-win32-vc8-debug:string.obj
 0002:00053b50       _pj_str                    004dfb50 f   pjlib-i386-win32-vc8-debug:string.obj
 0002:00053ba0       _pj_strassign              004dfba0 f   pjlib-i386-win32-vc8-debug:string.obj
 0002:00053be0       _pj_strcat                 004dfbe0 f   pjlib-i386-win32-vc8-debug:string.obj
 0002:00053c40       _pj_strcat2                004dfc40 f   pjlib-i386-win32-vc8-debug:string.obj
 0002:00053cc0       _pj_strcmp                 004dfcc0 f   pjlib-i386-win32-vc8-debug:string.obj
 0002:00053de0       _pj_strcmp2                004dfde0 f   pjlib-i386-win32-vc8-debug:string.obj
 0002:00053e40       _pj_strcpy                 004dfe40 f   pjlib-i386-win32-vc8-debug:string.obj
 0002:00053ea0       _pj_strcpy2                004dfea0 f   pjlib-i386-win32-vc8-debug:string.obj
 0002:00053f20       _pj_strcspn                004dff20 f   pjlib-i386-win32-vc8-debug:string.obj
 0002:00053fb0       _pj_strcspn2               004dffb0 f   pjlib-i386-win32-vc8-debug:string.obj
 0002:00054040       _pj_strdup                 004e0040 f   pjlib-i386-win32-vc8-debug:string.obj
 0002:000540d0       _pj_strdup2                004e00d0 f   pjlib-i386-win32-vc8-debug:string.obj
 0002:00054170       _pj_strdup2_with_null      004e0170 f   pjlib-i386-win32-vc8-debug:string.obj
 0002:00054220       _pj_strdup3                004e0220 f   pjlib-i386-win32-vc8-debug:string.obj
 0002:00054260       _pj_strdup_with_null       004e0260 f   pjlib-i386-win32-vc8-debug:string.obj
 0002:000542f0       _pj_stricmp                004e02f0 f   pjlib-i386-win32-vc8-debug:string.obj
 0002:00054410       _pj_stricmp2               004e0410 f   pjlib-i386-win32-vc8-debug:string.obj
 0002:00054470       _pj_stristr                004e0470 f   pjlib-i386-win32-vc8-debug:string.obj
 0002:00054510       _pj_strltrim               004e0510 f   pjlib-i386-win32-vc8-debug:string.obj
 0002:000545a0       _pj_strncmp                004e05a0 f   pjlib-i386-win32-vc8-debug:string.obj
 0002:00054620       _pj_strncmp2               004e0620 f   pjlib-i386-win32-vc8-debug:string.obj
 0002:00054680       _pj_strncpy                004e0680 f   pjlib-i386-win32-vc8-debug:string.obj
 0002:00054710       _pj_strncpy_with_null      004e0710 f   pjlib-i386-win32-vc8-debug:string.obj
 0002:000547b0       _pj_strnicmp               004e07b0 f   pjlib-i386-win32-vc8-debug:string.obj
 0002:00054830       _pj_strnicmp2              004e0830 f   pjlib-i386-win32-vc8-debug:string.obj
 0002:00054890       _pj_strrtrim               004e0890 f   pjlib-i386-win32-vc8-debug:string.obj
 0002:00054920       _pj_strspn                 004e0920 f   pjlib-i386-win32-vc8-debug:string.obj
 0002:000549d0       _pj_strspn2                004e09d0 f   pjlib-i386-win32-vc8-debug:string.obj
 0002:00054a80       _pj_strstr                 004e0a80 f   pjlib-i386-win32-vc8-debug:string.obj
 0002:00054b20       _pj_strtof                 004e0b20 f   pjlib-i386-win32-vc8-debug:string.obj
 0002:00054cf0       _pj_strtok                 004e0cf0 f   pjlib-i386-win32-vc8-debug:string.obj
 0002:00054dd0       _pj_strtok2                004e0dd0 f   pjlib-i386-win32-vc8-debug:string.obj
 0002:00054eb0       _pj_strtol                 004e0eb0 f   pjlib-i386-win32-vc8-debug:string.obj
 0002:00054fb0       _pj_strtol2                004e0fb0 f   pjlib-i386-win32-vc8-debug:string.obj
 0002:000551c0       _pj_strtoul                004e11c0 f   pjlib-i386-win32-vc8-debug:string.obj
 0002:00055270       _pj_strtoul2               004e1270 f   pjlib-i386-win32-vc8-debug:string.obj
 0002:00055400       _pj_strtoul3               004e1400 f   pjlib-i386-win32-vc8-debug:string.obj
 0002:00055700       _pj_strtrim                004e1700 f   pjlib-i386-win32-vc8-debug:string.obj
 0002:00055740       _pj_utoa                   004e1740 f   pjlib-i386-win32-vc8-debug:string.obj
 0002:00055770       _pj_utoa_pad               004e1770 f   pjlib-i386-win32-vc8-debug:string.obj
 0002:000559d0       _pj_gettimeofday           004e19d0 f   pjlib-i386-win32-vc8-debug:os_time_win32.obj
 0002:00055ab0       _pj_time_decode            004e1ab0 f   pjlib-i386-win32-vc8-debug:os_time_win32.obj
 0002:00055bc0       _pj_time_encode            004e1bc0 f   pjlib-i386-win32-vc8-debug:os_time_win32.obj
 0002:00055ce0       _pj_NO_MEMORY_EXCEPTION    004e1ce0 f   pjlib-i386-win32-vc8-debug:pool.obj
 0002:00055d60       _pj_pool_alloc             004e1d60 f   pjlib-i386-win32-vc8-debug:pool.obj
 0002:00055dc0       _pj_pool_alloc_from_block  004e1dc0 f   pjlib-i386-win32-vc8-debug:pool.obj
 0002:00055e30       _pj_pool_allocate_find     004e1e30 f   pjlib-i386-win32-vc8-debug:pool.obj
 0002:00055fb0       _pj_pool_calloc            004e1fb0 f   pjlib-i386-win32-vc8-debug:pool.obj
 0002:00056010       _pj_pool_create            004e2010 f   pjlib-i386-win32-vc8-debug:pool.obj
 0002:00056170       _pj_pool_create_int        004e2170 f   pjlib-i386-win32-vc8-debug:pool.obj
 0002:000562f0       _pj_pool_destroy_int       004e22f0 f   pjlib-i386-win32-vc8-debug:pool.obj
 0002:00056370       _pj_pool_get_capacity      004e2370 f   pjlib-i386-win32-vc8-debug:pool.obj
 0002:00056390       _pj_pool_get_used_size     004e2390 f   pjlib-i386-win32-vc8-debug:pool.obj
 0002:00056400       _pj_pool_getobjname        004e2400 f   pjlib-i386-win32-vc8-debug:pool.obj
 0002:00056420       _pj_pool_init_int          004e2420 f   pjlib-i386-win32-vc8-debug:pool.obj
 0002:000564f0       _pj_pool_release           004e24f0 f   pjlib-i386-win32-vc8-debug:pool.obj
 0002:00056540       _pj_pool_reset             004e2540 f   pjlib-i386-win32-vc8-debug:pool.obj
 0002:00056570       _pj_pool_safe_release      004e2570 f   pjlib-i386-win32-vc8-debug:pool.obj
 0002:00056dd0       _pj_caching_pool_destroy   004e2dd0 f   pjlib-i386-win32-vc8-debug:pool_caching.obj
 0002:00056f40       _pj_caching_pool_init      004e2f40 f   pjlib-i386-win32-vc8-debug:pool_caching.obj
 0002:00057130       _pj_rand                   004e3130 f   pjlib-i386-win32-vc8-debug:rand.obj
 0002:00057170       _pj_srand                  004e3170 f   pjlib-i386-win32-vc8-debug:rand.obj
 0002:00057350       _pj_pool_factory_get_default_policy 004e3350 f   pjlib-i386-win32-vc8-debug:pool_policy_malloc.obj
 0002:000573e0       _pj_list_erase             004e33e0 f   pjlib-i386-win32-vc8-debug:list.obj
 0002:00057420       _pj_list_find_node         004e3420 f   pjlib-i386-win32-vc8-debug:list.obj
 0002:000574c0       _pj_list_insert_after      004e34c0 f   pjlib-i386-win32-vc8-debug:list.obj
 0002:00057510       _pj_list_insert_before     004e3510 f   pjlib-i386-win32-vc8-debug:list.obj
 0002:00057540       _pj_list_insert_nodes_after 004e3540 f   pjlib-i386-win32-vc8-debug:list.obj
 0002:000575a0       _pj_list_insert_nodes_before 004e35a0 f   pjlib-i386-win32-vc8-debug:list.obj
 0002:000575d0       _pj_list_merge_first       004e35d0 f   pjlib-i386-win32-vc8-debug:list.obj
 0002:00057640       _pj_list_merge_last        004e3640 f   pjlib-i386-win32-vc8-debug:list.obj
 0002:000576b0       _pj_list_search            004e36b0 f   pjlib-i386-win32-vc8-debug:list.obj
 0002:00057720       _pj_list_size              004e3720 f   pjlib-i386-win32-vc8-debug:list.obj
 0002:00057770       _pj_get_netos_error        004e3770 f   pjlib-i386-win32-vc8-debug:os_error_win32.obj
 0002:000577c0       _pj_get_os_error           004e37c0 f   pjlib-i386-win32-vc8-debug:os_error_win32.obj
 0002:00057840       _pj_set_netos_error        004e3840 f   pjlib-i386-win32-vc8-debug:os_error_win32.obj
 0002:00057890       _pj_set_os_error           004e3890 f   pjlib-i386-win32-vc8-debug:os_error_win32.obj
 0002:000578e0       _platform_strerror         004e38e0 f   pjlib-i386-win32-vc8-debug:os_error_win32.obj
 0002:00057ae0       _pj_array_erase            004e3ae0 f   pjlib-i386-win32-vc8-debug:array.obj
 0002:00057b70       _pj_array_find             004e3b70 f   pjlib-i386-win32-vc8-debug:array.obj
 0002:00057bf0       _pj_array_insert           004e3bf0 f   pjlib-i386-win32-vc8-debug:array.obj
 0002:00057fb0       _ioqueue_dispatch_exception_event 004e3fb0 f   pjlib-i386-win32-vc8-debug:ioqueue_select.obj
 0002:00058190       _ioqueue_dispatch_read_event 004e4190 f   pjlib-i386-win32-vc8-debug:ioqueue_select.obj
 0002:00058590       _ioqueue_dispatch_write_event 004e4590 f   pjlib-i386-win32-vc8-debug:ioqueue_select.obj
 0002:00058e50       _pj_ioqueue_accept         004e4e50 f   pjlib-i386-win32-vc8-debug:ioqueue_select.obj
 0002:00059080       _pj_ioqueue_connect        004e5080 f   pjlib-i386-win32-vc8-debug:ioqueue_select.obj
 0002:00059200       _pj_ioqueue_create         004e5200 f   pjlib-i386-win32-vc8-debug:ioqueue_select.obj
 0002:00059520       _pj_ioqueue_destroy        004e5520 f   pjlib-i386-win32-vc8-debug:ioqueue_select.obj
 0002:00059670       _pj_ioqueue_get_user_data  004e5670 f   pjlib-i386-win32-vc8-debug:ioqueue_select.obj
 0002:000596d0       _pj_ioqueue_is_pending     004e56d0 f   pjlib-i386-win32-vc8-debug:ioqueue_select.obj
 0002:00059710       _pj_ioqueue_lock_key       004e5710 f   pjlib-i386-win32-vc8-debug:ioqueue_select.obj
 0002:00059760       _pj_ioqueue_name           004e5760 f   pjlib-i386-win32-vc8-debug:ioqueue_select.obj
 0002:00059780       _pj_ioqueue_op_key_init    004e5780 f   pjlib-i386-win32-vc8-debug:ioqueue_select.obj
 0002:000597b0       _pj_ioqueue_poll           004e57b0 f   pjlib-i386-win32-vc8-debug:ioqueue_select.obj
 0002:00059ee0       _pj_ioqueue_post_completion 004e5ee0 f   pjlib-i386-win32-vc8-debug:ioqueue_select.obj
 0002:0005a0a0       _pj_ioqueue_recv           004e60a0 f   pjlib-i386-win32-vc8-debug:ioqueue_select.obj
 0002:0005a2a0       _pj_ioqueue_recvfrom       004e62a0 f   pjlib-i386-win32-vc8-debug:ioqueue_select.obj
 0002:0005a4c0       _pj_ioqueue_register_sock  004e64c0 f   pjlib-i386-win32-vc8-debug:ioqueue_select.obj
 0002:0005a500       _pj_ioqueue_register_sock2 004e6500 f   pjlib-i386-win32-vc8-debug:ioqueue_select.obj
 0002:0005a7b0       _pj_ioqueue_send           004e67b0 f   pjlib-i386-win32-vc8-debug:ioqueue_select.obj
 0002:0005aa10       _pj_ioqueue_sendto         004e6a10 f   pjlib-i386-win32-vc8-debug:ioqueue_select.obj
 0002:0005ace0       _pj_ioqueue_set_concurrency 004e6ce0 f   pjlib-i386-win32-vc8-debug:ioqueue_select.obj
 0002:0005ada0       _pj_ioqueue_set_default_concurrency 004e6da0 f   pjlib-i386-win32-vc8-debug:ioqueue_select.obj
 0002:0005ae00       _pj_ioqueue_set_lock       004e6e00 f   pjlib-i386-win32-vc8-debug:ioqueue_select.obj
 0002:0005aea0       _pj_ioqueue_set_user_data  004e6ea0 f   pjlib-i386-win32-vc8-debug:ioqueue_select.obj
 0002:0005af20       _pj_ioqueue_trylock_key    004e6f20 f   pjlib-i386-win32-vc8-debug:ioqueue_select.obj
 0002:0005af70       _pj_ioqueue_unlock_key     004e6f70 f   pjlib-i386-win32-vc8-debug:ioqueue_select.obj
 0002:0005afc0       _pj_ioqueue_unregister     004e6fc0 f   pjlib-i386-win32-vc8-debug:ioqueue_select.obj
 0002:0005bb60       _pj_grp_lock_acquire       004e7b60 f   pjlib-i386-win32-vc8-debug:lock.obj
 0002:0005bb90       _pj_grp_lock_add_handler   004e7b90 f   pjlib-i386-win32-vc8-debug:lock.obj
 0002:0005bbd0       _pj_grp_lock_add_ref       004e7bd0 f   pjlib-i386-win32-vc8-debug:lock.obj
 0002:0005bc00       _pj_grp_lock_chain_lock    004e7c00 f   pjlib-i386-win32-vc8-debug:lock.obj
 0002:0005bcf0       _pj_grp_lock_config_default 004e7cf0 f   pjlib-i386-win32-vc8-debug:lock.obj
 0002:0005bd20       _pj_grp_lock_create        004e7d20 f   pjlib-i386-win32-vc8-debug:lock.obj
 0002:0005bf00       _pj_grp_lock_create_w_handler 004e7f00 f   pjlib-i386-win32-vc8-debug:lock.obj
 0002:0005bf60       _pj_grp_lock_dec_ref       004e7f60 f   pjlib-i386-win32-vc8-debug:lock.obj
 0002:0005bf90       _pj_grp_lock_del_handler   004e7f90 f   pjlib-i386-win32-vc8-debug:lock.obj
 0002:0005c030       _pj_grp_lock_destroy       004e8030 f   pjlib-i386-win32-vc8-debug:lock.obj
 0002:0005c060       _pj_grp_lock_dump          004e8060 f   pjlib-i386-win32-vc8-debug:lock.obj
 0002:0005c0c0       _pj_grp_lock_get_ref       004e80c0 f   pjlib-i386-win32-vc8-debug:lock.obj
 0002:0005c0f0       _pj_grp_lock_release       004e80f0 f   pjlib-i386-win32-vc8-debug:lock.obj
 0002:0005c120       _pj_grp_lock_replace       004e8120 f   pjlib-i386-win32-vc8-debug:lock.obj
 0002:0005c1d0       _pj_grp_lock_tryacquire    004e81d0 f   pjlib-i386-win32-vc8-debug:lock.obj
 0002:0005c200       _pj_grp_lock_unchain_lock  004e8200 f   pjlib-i386-win32-vc8-debug:lock.obj
 0002:0005c330       _pj_lock_acquire           004e8330 f   pjlib-i386-win32-vc8-debug:lock.obj
 0002:0005c3a0       _pj_lock_create_null_mutex 004e83a0 f   pjlib-i386-win32-vc8-debug:lock.obj
 0002:0005c400       _pj_lock_create_recursive_mutex 004e8400 f   pjlib-i386-win32-vc8-debug:lock.obj
 0002:0005c430       _pj_lock_create_semaphore  004e8430 f   pjlib-i386-win32-vc8-debug:lock.obj
 0002:0005c520       _pj_lock_create_simple_mutex 004e8520 f   pjlib-i386-win32-vc8-debug:lock.obj
 0002:0005c550       _pj_lock_destroy           004e8550 f   pjlib-i386-win32-vc8-debug:lock.obj
 0002:0005c5c0       _pj_lock_release           004e85c0 f   pjlib-i386-win32-vc8-debug:lock.obj
 0002:0005c630       _pj_lock_tryacquire        004e8630 f   pjlib-i386-win32-vc8-debug:lock.obj
 0002:0005c700       _pj_get_timestamp          004e8700 f   pjlib-i386-win32-vc8-debug:os_timestamp_win32.obj
 0002:0005c790       _pj_get_timestamp_freq     004e8790 f   pjlib-i386-win32-vc8-debug:os_timestamp_win32.obj
 0002:0005cb00       _pj_file_delete            004e8b00 f   pjlib-i386-win32-vc8-debug:file_access_win32.obj
 0002:0005cbc0       _pj_file_exists            004e8bc0 f   pjlib-i386-win32-vc8-debug:file_access_win32.obj
 0002:0005cc60       _pj_file_getstat           004e8c60 f   pjlib-i386-win32-vc8-debug:file_access_win32.obj
 0002:0005cef0       _pj_file_move              004e8ef0 f   pjlib-i386-win32-vc8-debug:file_access_win32.obj
 0002:0005cfd0       _pj_file_size              004e8fd0 f   pjlib-i386-win32-vc8-debug:file_access_win32.obj
 0002:0005d090       _pj_file_close             004e9090 f   pjlib-i386-win32-vc8-debug:file_io_win32.obj
 0002:0005d110       _pj_file_flush             004e9110 f   pjlib-i386-win32-vc8-debug:file_io_win32.obj
 0002:0005d1a0       _pj_file_getpos            004e91a0 f   pjlib-i386-win32-vc8-debug:file_io_win32.obj
 0002:0005d230       _pj_file_open              004e9230 f   pjlib-i386-win32-vc8-debug:file_io_win32.obj
 0002:0005d480       _pj_file_read              004e9480 f   pjlib-i386-win32-vc8-debug:file_io_win32.obj
 0002:0005d530       _pj_file_setpos            004e9530 f   pjlib-i386-win32-vc8-debug:file_io_win32.obj
 0002:0005d640       _pj_file_write             004e9640 f   pjlib-i386-win32-vc8-debug:file_io_win32.obj
 0002:0005d840       _pj_exception_id_alloc     004e9840 f   pjlib-i386-win32-vc8-debug:except.obj
 0002:0005d8c0       _pj_exception_id_free      004e98c0 f   pjlib-i386-win32-vc8-debug:except.obj
 0002:0005d950       _pj_exception_id_name      004e9950 f   pjlib-i386-win32-vc8-debug:except.obj
 0002:0005da00       _pj_pop_exception_handler_ 004e9a00 f   pjlib-i386-win32-vc8-debug:except.obj
 0002:0005da60       _pj_push_exception_handler_ 004e9a60 f   pjlib-i386-win32-vc8-debug:except.obj
 0002:0005db10       _pj_throw_exception_       004e9b10 f   pjlib-i386-win32-vc8-debug:except.obj
 0002:0005dd70       _pj_elapsed_cycle          004e9d70 f   pjlib-i386-win32-vc8-debug:os_timestamp_common.obj
 0002:0005dd90       _pj_elapsed_msec           004e9d90 f   pjlib-i386-win32-vc8-debug:os_timestamp_common.obj
 0002:0005ddd0       _pj_elapsed_msec64         004e9dd0 f   pjlib-i386-win32-vc8-debug:os_timestamp_common.obj
 0002:0005de10       _pj_elapsed_nanosec        004e9e10 f   pjlib-i386-win32-vc8-debug:os_timestamp_common.obj
 0002:0005ded0       _pj_elapsed_time           004e9ed0 f   pjlib-i386-win32-vc8-debug:os_timestamp_common.obj
 0002:0005dfb0       _pj_elapsed_usec           004e9fb0 f   pjlib-i386-win32-vc8-debug:os_timestamp_common.obj
 0002:0005dff0       _pj_gettickcount           004e9ff0 f   pjlib-i386-win32-vc8-debug:os_timestamp_common.obj
 0002:0005e1d0       _pj_GUID_STRING_LENGTH     004ea1d0 f   pjlib-i386-win32-vc8-debug:guid_win32.obj
 0002:0005e1f0       _pj_generate_unique_string 004ea1f0 f   pjlib-i386-win32-vc8-debug:guid_win32.obj
 0002:0005e260       _pj_dump_config            004ea260 f   pjlib-i386-win32-vc8-debug:config.obj
 0002:0005e870       _pj_get_version            004ea870 f   pjlib-i386-win32-vc8-debug:config.obj
 0002:0005f260       _pj_enum_ip_interface      004eb260 f   pjlib-i386-win32-vc8-debug:ip_helper_win32.obj
 0002:0005f3c0       _pj_enum_ip_route          004eb3c0 f   pjlib-i386-win32-vc8-debug:ip_helper_win32.obj
 0002:0005f830       _pj_getaddrinfo            004eb830 f   pjlib-i386-win32-vc8-debug:addr_resolv_sock.obj
 0002:0005fa60       _pj_gethostbyname          004eba60 f   pjlib-i386-win32-vc8-debug:addr_resolv_sock.obj
 0002:0005fbf0       _pj_log_write              004ebbf0 f   pjlib-i386-win32-vc8-debug:log_writer_stdout.obj
 0002:0005fcd0       _pj_pool_create_on_buf     004ebcd0 f   pjlib-i386-win32-vc8-debug:pool_buf.obj
 0002:0005ff40       _PJ_FD_CLR                 004ebf40 f   pjlib-i386-win32-vc8-debug:sock_select.obj
 0002:00060090       _PJ_FD_COUNT               004ec090 f   pjlib-i386-win32-vc8-debug:sock_select.obj
 0002:000600c0       _PJ_FD_ISSET               004ec0c0 f   pjlib-i386-win32-vc8-debug:sock_select.obj
 0002:00060120       _PJ_FD_SET                 004ec120 f   pjlib-i386-win32-vc8-debug:sock_select.obj
 0002:00060260       _PJ_FD_ZERO                004ec260 f   pjlib-i386-win32-vc8-debug:sock_select.obj
 0002:000602c0       _pj_sock_select            004ec2c0 f   pjlib-i386-win32-vc8-debug:sock_select.obj
 0002:000603d0       _gsm_create                004ec3d0 f   libgsmcodec-i386-win32-vc8-debug:gsm_create.obj
 0002:00060440       _gsm_destroy               004ec440 f   libgsmcodec-i386-win32-vc8-debug:gsm_destroy.obj
 0002:00060470       _gsm_encode                004ec470 f   libgsmcodec-i386-win32-vc8-debug:gsm_encode.obj
 0002:000611a0       _gsm_decode                004ed1a0 f   libgsmcodec-i386-win32-vc8-debug:gsm_decode.obj
 0002:00062220       _Gsm_Coder                 004ee220 f   libgsmcodec-i386-win32-vc8-debug:code.obj
 0002:000624e0       _Gsm_Decoder               004ee4e0 f   libgsmcodec-i386-win32-vc8-debug:decode.obj
 0002:000635a0       _Gsm_Long_Term_Predictor   004ef5a0 f   libgsmcodec-i386-win32-vc8-debug:long_term.obj
 0002:00063700       _Gsm_Long_Term_Synthesis_Filtering 004ef700 f   libgsmcodec-i386-win32-vc8-debug:long_term.obj
 0002:00064f20       _Gsm_LPC_Analysis          004f0f20 f   libgsmcodec-i386-win32-vc8-debug:lpc.obj
 0002:000665d0       _Gsm_Preprocess            004f25d0 f   libgsmcodec-i386-win32-vc8-debug:preprocess.obj
 0002:00067bc0       _Gsm_Short_Term_Analysis_Filter 004f3bc0 f   libgsmcodec-i386-win32-vc8-debug:short_term.obj
 0002:00067d80       _Gsm_Short_Term_Synthesis_Filter 004f3d80 f   libgsmcodec-i386-win32-vc8-debug:short_term.obj
 0002:00068e70       _Gsm_RPE_Decoding          004f4e70 f   libgsmcodec-i386-win32-vc8-debug:rpe.obj
 0002:00068f00       _Gsm_RPE_Encoding          004f4f00 f   libgsmcodec-i386-win32-vc8-debug:rpe.obj
 0002:0006a530       _gsm_L_add                 004f6530 f   libgsmcodec-i386-win32-vc8-debug:add.obj
 0002:0006a5f0       _gsm_L_asl                 004f65f0 f   libgsmcodec-i386-win32-vc8-debug:add.obj
 0002:0006a670       _gsm_L_asr                 004f6670 f   libgsmcodec-i386-win32-vc8-debug:add.obj
 0002:0006a6e0       _gsm_L_mult                004f66e0 f   libgsmcodec-i386-win32-vc8-debug:add.obj
 0002:0006a750       _gsm_L_sub                 004f6750 f   libgsmcodec-i386-win32-vc8-debug:add.obj
 0002:0006a810       _gsm_abs                   004f6810 f   libgsmcodec-i386-win32-vc8-debug:add.obj
 0002:0006a870       _gsm_add                   004f6870 f   libgsmcodec-i386-win32-vc8-debug:add.obj
 0002:0006a8e0       _gsm_asl                   004f68e0 f   libgsmcodec-i386-win32-vc8-debug:add.obj
 0002:0006a960       _gsm_asr                   004f6960 f   libgsmcodec-i386-win32-vc8-debug:add.obj
 0002:0006a9e0       _gsm_div                   004f69e0 f   libgsmcodec-i386-win32-vc8-debug:add.obj
 0002:0006aac0       _gsm_mult                  004f6ac0 f   libgsmcodec-i386-win32-vc8-debug:add.obj
 0002:0006ab50       _gsm_mult_r                004f6b50 f   libgsmcodec-i386-win32-vc8-debug:add.obj
 0002:0006abc0       _gsm_norm                  004f6bc0 f   libgsmcodec-i386-win32-vc8-debug:add.obj
 0002:0006ace0       _gsm_sub                   004f6ce0 f   libgsmcodec-i386-win32-vc8-debug:add.obj
 0002:0006ad50       _iLBC_encode               004f6d50 f   libilbccodec-i386-win32-vc8-debug:iLBC_encode.obj
 0002:0006c730       _initEncode                004f8730 f   libilbccodec-i386-win32-vc8-debug:iLBC_encode.obj
 0002:0006c8d0       _Decode                    004f88d0 f   libilbccodec-i386-win32-vc8-debug:iLBC_decode.obj
 0002:0006d010       _iLBC_decode               004f9010 f   libilbccodec-i386-win32-vc8-debug:iLBC_decode.obj
 0002:0006e120       _initDecode                004fa120 f   libilbccodec-i386-win32-vc8-debug:iLBC_decode.obj
 0002:0006e410       _LPCencode                 004fa410 f   libilbccodec-i386-win32-vc8-debug:LPCencode.obj
 0002:0006e4e0       _LSFinterpolate2a_enc      004fa4e0 f   libilbccodec-i386-win32-vc8-debug:LPCencode.obj
 0002:0006e550       _SimpleAnalysis            004fa550 f   libilbccodec-i386-win32-vc8-debug:LPCencode.obj
 0002:0006e770       _SimpleInterpolateLSF      004fa770 f   libilbccodec-i386-win32-vc8-debug:LPCencode.obj
 0002:0006eb20       _SimplelsfQ                004fab20 f   libilbccodec-i386-win32-vc8-debug:LPCencode.obj
 0002:0006ebb0       _FrameClassify             004fabb0 f   libilbccodec-i386-win32-vc8-debug:FrameClassify.obj
 0002:0006f110       _AbsQuantW                 004fb110 f   libilbccodec-i386-win32-vc8-debug:StateSearchW.obj
 0002:0006f3b0       _StateSearchW              004fb3b0 f   libilbccodec-i386-win32-vc8-debug:StateSearchW.obj
 0002:0006f7f0       _StateConstructW           004fb7f0 f   libilbccodec-i386-win32-vc8-debug:StateConstructW.obj
 0002:0006fad0       _dopack                    004fbad0 f   libilbccodec-i386-win32-vc8-debug:packing.obj
 0002:0006fc00       _packcombine               004fbc00 f   libilbccodec-i386-win32-vc8-debug:packing.obj
 0002:0006fc40       _packsplit                 004fbc40 f   libilbccodec-i386-win32-vc8-debug:packing.obj
 0002:0006fc90       _unpack                    004fbc90 f   libilbccodec-i386-win32-vc8-debug:packing.obj
 0002:0006fdf0       _iCBSearch                 004fbdf0 f   libilbccodec-i386-win32-vc8-debug:iCBSearch.obj
[...]
 0004:0000a530       ___argv                    005fa530     LIBCMTD:crt0dat.obj
 0004:0000a534       ___wargv                   005fa534     LIBCMTD:crt0dat.obj
 0004:0000a538       __environ                  005fa538     LIBCMTD:crt0dat.obj
 0004:0000a53c       __wenviron                 005fa53c     LIBCMTD:crt0dat.obj
 0004:0000a540       __pgmptr                   005fa540     LIBCMTD:crt0dat.obj
 0004:0000a544       __wpgmptr                  005fa544     LIBCMTD:crt0dat.obj
 0004:0000a548       __C_Exit_Done              005fa548     LIBCMTD:crt0dat.obj
 0004:0000a564       ___pInvalidArgHandler      005fa564     LIBCMTD:invarg.obj
 0004:0000a568       ___error_mode              005fa568     LIBCMTD:errmode.obj
 0004:0000a5a0       ___app_type                005fa5a0     LIBCMTD:crt0msg.obj
 0004:0000ad0c       ___mbcodepage              005fad0c     LIBCMTD:mbctype.obj
 0004:0000ad10       ___ismbcodepage            005fad10     LIBCMTD:mbctype.obj
 0004:0000ad14       ___mbulinfo                005fad14     LIBCMTD:mbctype.obj
 0004:0000ad20       ___mblocalename            005fad20     LIBCMTD:mbctype.obj
 0004:0000ad30       ___locale_changed          005fad30     LIBCMTD:wsetloca.obj
 0004:0000ad34       ___isa_available           005fad34     LIBCMTD:cpu_disp.obj
 0004:0000ad38       ___favor                   005fad38     LIBCMTD:cpu_disp.obj
 0004:0000aef0       ___crtDebugCheckCount      005faef0     LIBCMTD:dbgheap.obj
 0004:0000aef8       ?_pfnDumpClient@@3P6AXPAXI@ZA 005faef8     LIBCMTD:dbgheap.obj
 0004:0000af20       ___pioinfo                 005faf20     LIBCMTD:ioinit.obj
 0004:0000b054       __stdbuf                   005fb054     LIBCMTD:_sftbuf.obj
 0004:0000b060       __crtheap                  005fb060     LIBCMTD:heapinit.obj
 0004:0000b1a4       __newmode                  005fb1a4     LIBCMTD:_newmode.obj
 0004:0000b1a8       ?__pInconsistency@@3P6AXXZA 005fb1a8     LIBCMTD:hooks.obj
 0004:0000b1ac       ?_pnhHeap@@3P6AHI@ZA       005fb1ac     LIBCMTD:handler.obj
 0004:0000b1b0       ___pPurecall               005fb1b0     LIBCMTD:inithelp.obj
 0004:0000b1bc       ___lconv_static_null       005fb1bc     LIBCMTD:lconv.obj
 0004:0000b1c0       ___lconv_static_W_null     005fb1c0     LIBCMTD:lconv.obj
 0004:0000b1c8       ?g_OutOfMemoryExceptionCallback@@3P6GPAXXZA 005fb1c8     LIBCMTD:frame.obj
 0004:0000b1cc       __outputformat             005fb1cc     LIBCMTD:outputformat.obj
 0004:0000b1dc       ?pArgList@UnDecorator@@0PAVReplicator@@A 005fb1dc     LIBCMTD:undname.obj
 0004:0000b1e0       ?pZNameList@UnDecorator@@0PAVReplicator@@A 005fb1e0     LIBCMTD:undname.obj
 0004:0000b1e4       ?pTemplateArgList@UnDecorator@@0PAVReplicator@@A 005fb1e4     LIBCMTD:undname.obj
 0004:0000b1e8       ?gName@UnDecorator@@0PBDB  005fb1e8     LIBCMTD:undname.obj
 0004:0000b1ec       ?name@UnDecorator@@0PBDB   005fb1ec     LIBCMTD:undname.obj
 0004:0000b1f0       ?outputString@UnDecorator@@0PADA 005fb1f0     LIBCMTD:undname.obj
 0004:0000b1f4       ?maxStringLength@UnDecorator@@0HA 005fb1f4     LIBCMTD:undname.obj
 0004:0000b1f8       ?disableFlags@UnDecorator@@0KA 005fb1f8     LIBCMTD:undname.obj
 0004:0000b1fc       ?fExplicitTemplateParams@UnDecorator@@0_NA 005fb1fc     LIBCMTD:undname.obj
 0004:0000b1fd       ?fGetTemplateArgumentList@UnDecorator@@0_NA 005fb1fd     LIBCMTD:undname.obj
 0004:0000b200       ?m_pGetParameter@UnDecorator@@0P6APADJ@ZA 005fb200     LIBCMTD:undname.obj
 0004:0000b288       ?nodes@?1??make@DNameStatusNode@@SAPAV2@W4DNameStatus@@@Z@4PAV2@A 005fb288     LIBCMTD:undname.obj
 0004:0000b2c4       ??_B?1??make@DNameStatusNode@@SAPAV1@W4DNameStatus@@@Z@51 005fb2c4     LIBCMTD:undname.obj
 0004:0000b2c8       _PJ_NO_MEMORY_EXCEPTION    005fb2c8     <common>
 0004:0000b2e0       _bit_string                005fb2e0     <common>
 0004:0000b7b4       __pReportHookListW         005fb7b4     <common>
 0004:0000b7c4       __pReportHookList          005fb7c4     <common>
 0004:0000b7c8       __pfnReportHook            005fb7c8     <common>
 0004:0000b7cc       __pmatherr                 005fb7cc     <common>
 0004:0000b7d8       ___use_sse2_mathfcns       005fb7d8     <common>
 0004:0000b800       _encodedKERNEL32Functions  005fb800     <common>
 0004:0000b8a8       __debugger_hook_dummy      005fb8a8     <common>
 0004:0000b8b4       __nhandle                  005fb8b4     <common>
 0004:0000b8c0       ___unguarded_readlc_active 005fb8c0     <common>
 0004:0000b8d0       ___setlc_active            005fb8d0     <common>
 0004:0000b8d4       ___dyn_tls_init_callback   005fb8d4     <common>
 0004:0000b8e4       ___onexitend               005fb8e4     <common>
 0004:0000b8e8       ___onexitbegin             005fb8e8     <common>
 0004:0000b8ec       ___mbctype_initialized     005fb8ec     <common>
 0004:0000b8f0       ___env_initialized         005fb8f0     <common>
 0004:0000b8f4       __setjmpexused             005fb8f4     <common>
 0004:0000b900       __acmdln                   005fb900     <common>
 0004:0000b920       __bufin                    005fb920     <common>
 0004:0000cc5c       ___piob                    005fcc5c     <common>
 0004:0000cc60       __nstream                  005fcc60     <common>
 0005:00000000       __imp__PulseEvent@4        005fd000     kernel32:KERNEL32.dll
 0005:00000004       __imp__CreateFileW@28      005fd004     kernel32:KERNEL32.dll
 0005:00000008       __imp__OutputDebugStringA@4 005fd008     kernel32:KERNEL32.dll
 0005:0000000c       __imp__ReadConsoleW@20     005fd00c     kernel32:KERNEL32.dll
 0005:00000010       __imp__SetFilePointerEx@20 005fd010     kernel32:KERNEL32.dll
 0005:00000014       __imp__SetStdHandle@8      005fd014     kernel32:KERNEL32.dll
 0005:00000018       __imp__HeapAlloc@12        005fd018     kernel32:KERNEL32.dll
 0005:0000001c       __imp__HeapQueryInformation@20 005fd01c     kernel32:KERNEL32.dll
 0005:00000020       __imp__HeapSize@12         005fd020     kernel32:KERNEL32.dll
 0005:00000024       __imp__HeapReAlloc@16      005fd024     kernel32:KERNEL32.dll
 0005:00000028       __imp__HeapFree@12         005fd028     kernel32:KERNEL32.dll
 0005:0000002c       __imp__LCMapStringW@24     005fd02c     kernel32:KERNEL32.dll
 0005:00000030       __imp__CompareStringW@24   005fd030     kernel32:KERNEL32.dll
 0005:00000034       __imp__GetTimeFormatW@24   005fd034     kernel32:KERNEL32.dll
 0005:00000038       __imp__GetDateFormatW@24   005fd038     kernel32:KERNEL32.dll
 0005:0000003c       __imp__EnumSystemLocalesW@8 005fd03c     kernel32:KERNEL32.dll
 0005:00000040       __imp__GetUserDefaultLCID@0 005fd040     kernel32:KERNEL32.dll
 0005:00000044       __imp__IsValidLocale@8     005fd044     kernel32:KERNEL32.dll
 0005:00000048       __imp__GetLocaleInfoW@16   005fd048     kernel32:KERNEL32.dll
 0005:0000004c       __imp__GetStringTypeW@16   005fd04c     kernel32:KERNEL32.dll
 0005:00000050       __imp__CreateSemaphoreW@16 005fd050     kernel32:KERNEL32.dll
 0005:00000054       __imp__GetModuleHandleW@4  005fd054     kernel32:KERNEL32.dll
 0005:00000058       __imp__GetTickCount@0      005fd058     kernel32:KERNEL32.dll
 0005:0000005c       __imp__TerminateProcess@8  005fd05c     kernel32:KERNEL32.dll
 0005:00000060       __imp__GetCurrentProcess@0 005fd060     kernel32:KERNEL32.dll
 0005:00000064       __imp__CreateEventW@16     005fd064     kernel32:KERNEL32.dll
 0005:00000068       __imp__InitializeCriticalSectionAndSpinCount@8 005fd068     kernel32:KERNEL32.dll
 0005:0000006c       __imp__SetUnhandledExceptionFilter@4 005fd06c     kernel32:KERNEL32.dll
 0005:00000070       __imp__UnhandledExceptionFilter@4 005fd070     kernel32:KERNEL32.dll
 0005:00000074       __imp__FreeEnvironmentStringsW@4 005fd074     kernel32:KERNEL32.dll
 0005:00000078       __imp__GetEnvironmentStringsW@0 005fd078     kernel32:KERNEL32.dll
 0005:0000007c       __imp__GetModuleFileNameA@12 005fd07c     kernel32:KERNEL32.dll
 0005:00000080       __imp__GetProcessHeap@0    005fd080     kernel32:KERNEL32.dll
 0005:00000084       __imp__RaiseException@16   005fd084     kernel32:KERNEL32.dll
 0005:00000088       __imp__GetStartupInfoW@4   005fd088     kernel32:KERNEL32.dll
 0005:0000008c       __imp__GetConsoleMode@8    005fd08c     kernel32:KERNEL32.dll
 0005:00000090       __imp__GetConsoleCP@0      005fd090     kernel32:KERNEL32.dll
 0005:00000094       __imp__GetSystemInfo@4     005fd094     kernel32:KERNEL32.dll
 0005:00000098       __imp__HeapValidate@12     005fd098     kernel32:KERNEL32.dll
 0005:0000009c       __imp__FatalAppExitA@8     005fd09c     kernel32:KERNEL32.dll
 0005:000000a0       __imp__GetCPInfo@8         005fd0a0     kernel32:KERNEL32.dll
 0005:000000a4       __imp__GetOEMCP@0          005fd0a4     kernel32:KERNEL32.dll
 0005:000000a8       __imp__GetACP@0            005fd0a8     kernel32:KERNEL32.dll
 0005:000000ac       __imp__IsValidCodePage@4   005fd0ac     kernel32:KERNEL32.dll
 0005:000000b0       __imp__LoadLibraryExW@12   005fd0b0     kernel32:KERNEL32.dll
 0005:000000b4       __imp__WaitForSingleObjectEx@12 005fd0b4     kernel32:KERNEL32.dll
 0005:000000b8       __imp__OutputDebugStringW@4 005fd0b8     kernel32:KERNEL32.dll
 0005:000000bc       __imp__SetConsoleCtrlHandler@8 005fd0bc     kernel32:KERNEL32.dll
 0005:000000c0       __imp__GetSystemTimeAsFileTime@4 005fd0c0     kernel32:KERNEL32.dll
 0005:000000c4       __imp__WideCharToMultiByte@32 005fd0c4     kernel32:KERNEL32.dll
 0005:000000c8       __imp__MultiByteToWideChar@24 005fd0c8     kernel32:KERNEL32.dll
 0005:000000cc       __imp__AreFileApisANSI@0   005fd0cc     kernel32:KERNEL32.dll
 0005:000000d0       __imp__ExitProcess@4       005fd0d0     kernel32:KERNEL32.dll
 0005:000000d4       __imp__DecodePointer@4     005fd0d4     kernel32:KERNEL32.dll
 0005:000000d8       __imp__EncodePointer@4     005fd0d8     kernel32:KERNEL32.dll
 0005:000000dc       __imp__RtlUnwind@16        005fd0dc     kernel32:KERNEL32.dll
 0005:000000e0       __imp__IsProcessorFeaturePresent@4 005fd0e0     kernel32:KERNEL32.dll
 0005:000000e4       __imp__IsDebuggerPresent@0 005fd0e4     kernel32:KERNEL32.dll
 0005:000000e8       __imp__GetCommandLineA@0   005fd0e8     kernel32:KERNEL32.dll
 0005:000000ec       __imp__WriteConsoleW@20    005fd0ec     kernel32:KERNEL32.dll
 0005:000000f0       __imp__GetModuleHandleExW@12 005fd0f0     kernel32:KERNEL32.dll
 0005:000000f4       __imp__CloseHandle@4       005fd0f4     kernel32:KERNEL32.dll
 0005:000000f8       __imp__SetEvent@4          005fd0f8     kernel32:KERNEL32.dll
 0005:000000fc       __imp__CreateEventA@16     005fd0fc     kernel32:KERNEL32.dll
 0005:00000100       __imp__GetCurrentThread@0  005fd100     kernel32:KERNEL32.dll
 0005:00000104       __imp__SetThreadPriority@8 005fd104     kernel32:KERNEL32.dll
 0005:00000108       __imp__WaitForMultipleObjects@16 005fd108     kernel32:KERNEL32.dll
 0005:0000010c       __imp__GetStdHandle@4      005fd10c     kernel32:KERNEL32.dll
 0005:00000110       __imp__GetLastError@0      005fd110     kernel32:KERNEL32.dll
 0005:00000114       __imp__InitializeCriticalSection@4 005fd114     kernel32:KERNEL32.dll
 0005:00000118       __imp__EnterCriticalSection@4 005fd118     kernel32:KERNEL32.dll
 0005:0000011c       __imp__LeaveCriticalSection@4 005fd11c     kernel32:KERNEL32.dll
 0005:00000120       __imp__TryEnterCriticalSection@4 005fd120     kernel32:KERNEL32.dll
 0005:00000124       __imp__DeleteCriticalSection@4 005fd124     kernel32:KERNEL32.dll
 0005:00000128       __imp__ResetEvent@4        005fd128     kernel32:KERNEL32.dll
 0005:0000012c       __imp__ReleaseSemaphore@12 005fd12c     kernel32:KERNEL32.dll
 0005:00000130       __imp__WaitForSingleObject@8 005fd130     kernel32:KERNEL32.dll
 0005:00000134       __imp__Sleep@4             005fd134     kernel32:KERNEL32.dll
 0005:00000138       __imp__GetCurrentProcessId@0 005fd138     kernel32:KERNEL32.dll
 0005:0000013c       __imp__CreateThread@24     005fd13c     kernel32:KERNEL32.dll
 0005:00000140       __imp__GetCurrentThreadId@0 005fd140     kernel32:KERNEL32.dll
 0005:00000144       __imp__GetThreadPriority@4 005fd144     kernel32:KERNEL32.dll
 0005:00000148       __imp__ResumeThread@4      005fd148     kernel32:KERNEL32.dll
 0005:0000014c       __imp__TlsAlloc@0          005fd14c     kernel32:KERNEL32.dll
 0005:00000150       __imp__TlsGetValue@4       005fd150     kernel32:KERNEL32.dll
 0005:00000154       __imp__TlsSetValue@8       005fd154     kernel32:KERNEL32.dll
 0005:00000158       __imp__TlsFree@4           005fd158     kernel32:KERNEL32.dll
 0005:0000015c       __imp__CreateSemaphoreA@16 005fd15c     kernel32:KERNEL32.dll
 0005:00000160       __imp__GetConsoleScreenBufferInfo@8 005fd160     kernel32:KERNEL32.dll
 0005:00000164       __imp__SetConsoleTextAttribute@8 005fd164     kernel32:KERNEL32.dll
 0005:00000168       __imp__GetLocalTime@4      005fd168     kernel32:KERNEL32.dll
 0005:0000016c       __imp__FileTimeToSystemTime@8 005fd16c     kernel32:KERNEL32.dll
 0005:00000170       __imp__SystemTimeToFileTime@8 005fd170     kernel32:KERNEL32.dll
 0005:00000174       __imp__SetLastError@4      005fd174     kernel32:KERNEL32.dll
 0005:00000178       __imp__FormatMessageA@28   005fd178     kernel32:KERNEL32.dll
 0005:0000017c       __imp__QueryPerformanceCounter@4 005fd17c     kernel32:KERNEL32.dll
 0005:00000180       __imp__QueryPerformanceFrequency@4 005fd180     kernel32:KERNEL32.dll
 0005:00000184       __imp__CreateFileA@28      005fd184     kernel32:KERNEL32.dll
 0005:00000188       __imp__DeleteFileA@4       005fd188     kernel32:KERNEL32.dll
 0005:0000018c       __imp__FileTimeToLocalFileTime@8 005fd18c     kernel32:KERNEL32.dll
 0005:00000190       __imp__GetFileSize@8       005fd190     kernel32:KERNEL32.dll
 0005:00000194       __imp__GetFileTime@16      005fd194     kernel32:KERNEL32.dll
 0005:00000198       __imp__MoveFileExA@12      005fd198     kernel32:KERNEL32.dll
 0005:0000019c       __imp__FlushFileBuffers@4  005fd19c     kernel32:KERNEL32.dll
 0005:000001a0       __imp__ReadFile@20         005fd1a0     kernel32:KERNEL32.dll
 0005:000001a4       __imp__SetFilePointer@16   005fd1a4     kernel32:KERNEL32.dll
 0005:000001a8       __imp__WriteFile@20        005fd1a8     kernel32:KERNEL32.dll
 0005:000001ac       __imp__FreeLibrary@4       005fd1ac     kernel32:KERNEL32.dll
 0005:000001b0       __imp__GetProcAddress@8    005fd1b0     kernel32:KERNEL32.dll
 0005:000001b4       __imp__LoadLibraryA@4      005fd1b4     kernel32:KERNEL32.dll
 0005:000001b8       __imp__GetFileType@4       005fd1b8     kernel32:KERNEL32.dll
 0005:000001bc       __imp__GetModuleFileNameW@12 005fd1bc     kernel32:KERNEL32.dll
 0005:000001c0       \177KERNEL32_NULL_THUNK_DATA 005fd1c0     kernel32:KERNEL32.dll
 0005:00000244       __imp__waveInReset@4       005fd244     winmm:WINMM.dll
 0005:00000248       __imp__waveInStop@4        005fd248     winmm:WINMM.dll
 0005:0000024c       __imp__waveInStart@4       005fd24c     winmm:WINMM.dll
 0005:00000250       __imp__waveInAddBuffer@12  005fd250     winmm:WINMM.dll
 0005:00000254       __imp__waveInUnprepareHeader@12 005fd254     winmm:WINMM.dll
 0005:00000258       __imp__waveInPrepareHeader@12 005fd258     winmm:WINMM.dll
 0005:0000025c       __imp__waveInClose@4       005fd25c     winmm:WINMM.dll
 0005:00000260       __imp__waveInOpen@24       005fd260     winmm:WINMM.dll
 0005:00000264       __imp__waveInGetDevCapsA@12 005fd264     winmm:WINMM.dll
 0005:00000268       __imp__waveInGetNumDevs@0  005fd268     winmm:WINMM.dll
 0005:0000026c       __imp__waveOutReset@4      005fd26c     winmm:WINMM.dll
 0005:00000270       __imp__waveOutRestart@4    005fd270     winmm:WINMM.dll
 0005:00000274       __imp__waveOutPause@4      005fd274     winmm:WINMM.dll
 0005:00000278       __imp__waveOutWrite@12     005fd278     winmm:WINMM.dll
 0005:0000027c       __imp__waveOutUnprepareHeader@12 005fd27c     winmm:WINMM.dll
 0005:00000280       __imp__waveOutPrepareHeader@12 005fd280     winmm:WINMM.dll
 0005:00000284       __imp__waveOutClose@4      005fd284     winmm:WINMM.dll
 0005:00000288       __imp__waveOutOpen@24      005fd288     winmm:WINMM.dll
 0005:0000028c       __imp__waveOutSetVolume@8  005fd28c     winmm:WINMM.dll
 0005:00000290       __imp__waveOutGetVolume@8  005fd290     winmm:WINMM.dll
 0005:00000294       __imp__waveOutGetDevCapsA@12 005fd294     winmm:WINMM.dll
 0005:00000298       __imp__waveOutGetNumDevs@0 005fd298     winmm:WINMM.dll
 0005:0000029c       __imp__waveInGetErrorTextA@12 005fd29c     winmm:WINMM.dll
 0005:000002a0       __imp__waveOutGetErrorTextA@12 005fd2a0     winmm:WINMM.dll
 0005:000002a4       \177WINMM_NULL_THUNK_DATA  005fd2a4     winmm:WINMM.dll
 0005:000002e0       __imp__select@20           005fd2e0     ws2_32:WS2_32.dll
 0005:000002e4       __imp____WSAFDIsSet@8      005fd2e4     ws2_32:WS2_32.dll
 0005:000002e8       __imp__gethostbyname@4     005fd2e8     ws2_32:WS2_32.dll
 0005:000002ec       __imp__ioctlsocket@12      005fd2ec     ws2_32:WS2_32.dll
 0005:000002f0       __imp__WSASetLastError@4   005fd2f0     ws2_32:WS2_32.dll
 0005:000002f4       __imp__WSAStringToAddressA@20 005fd2f4     ws2_32:WS2_32.dll
 0005:000002f8       __imp__WSAAddressToStringA@20 005fd2f8     ws2_32:WS2_32.dll
 0005:000002fc       __imp__WSASocketA@24       005fd2fc     ws2_32:WS2_32.dll
 0005:00000300       __imp__WSAIoctl@36         005fd300     ws2_32:WS2_32.dll
 0005:00000304       __imp__gethostname@8       005fd304     ws2_32:WS2_32.dll
 0005:00000308       __imp__shutdown@8          005fd308     ws2_32:WS2_32.dll
 0005:0000030c       __imp__setsockopt@20       005fd30c     ws2_32:WS2_32.dll
 0005:00000310       __imp__sendto@24           005fd310     ws2_32:WS2_32.dll
 0005:00000314       __imp__send@16             005fd314     ws2_32:WS2_32.dll
 0005:00000318       __imp__recvfrom@24         005fd318     ws2_32:WS2_32.dll
 0005:0000031c       __imp__recv@16             005fd31c     ws2_32:WS2_32.dll
 0005:00000320       __imp__ntohs@4             005fd320     ws2_32:WS2_32.dll
 0005:00000324       __imp__ntohl@4             005fd324     ws2_32:WS2_32.dll
 0005:00000328       __imp__listen@8            005fd328     ws2_32:WS2_32.dll
 0005:0000032c       __imp__inet_ntoa@4         005fd32c     ws2_32:WS2_32.dll
 0005:00000330       __imp__inet_addr@4         005fd330     ws2_32:WS2_32.dll
 0005:00000334       __imp__htons@4             005fd334     ws2_32:WS2_32.dll
 0005:00000338       __imp__htonl@4             005fd338     ws2_32:WS2_32.dll
 0005:0000033c       __imp__getsockopt@20       005fd33c     ws2_32:WS2_32.dll
 0005:00000340       __imp__getsockname@12      005fd340     ws2_32:WS2_32.dll
 0005:00000344       __imp__getpeername@12      005fd344     ws2_32:WS2_32.dll
 0005:00000348       __imp__connect@12          005fd348     ws2_32:WS2_32.dll
 0005:0000034c       __imp__closesocket@4       005fd34c     ws2_32:WS2_32.dll
 0005:00000350       __imp__bind@12             005fd350     ws2_32:WS2_32.dll
 0005:00000354       __imp__accept@12           005fd354     ws2_32:WS2_32.dll
 0005:00000358       __imp__WSAGetLastError@0   005fd358     ws2_32:WS2_32.dll
 0005:0000035c       __imp__WSACleanup@0        005fd35c     ws2_32:WS2_32.dll
 0005:00000360       __imp__WSAStartup@8        005fd360     ws2_32:WS2_32.dll
 0005:00000364       \177WS2_32_NULL_THUNK_DATA 005fd364     ws2_32:WS2_32.dll
 0005:000003a8       __imp__CoCreateGuid@4      005fd3a8     ole32:ole32.dll
 0005:000003ac       \177ole32_NULL_THUNK_DATA  005fd3ac     ole32:ole32.dll
 0005:000003d8       __IMPORT_DESCRIPTOR_ole32  005fd3d8     ole32:ole32.dll
 0005:000003ec       __IMPORT_DESCRIPTOR_WS2_32 005fd3ec     ws2_32:WS2_32.dll
 0005:00000400       __IMPORT_DESCRIPTOR_WINMM  005fd400     winmm:WINMM.dll
 0005:00000414       __IMPORT_DESCRIPTOR_KERNEL32 005fd414     kernel32:KERNEL32.dll
 0005:00000428       __NULL_IMPORT_DESCRIPTOR   005fd428     ole32:ole32.dll
